ARM Linker, 4.1 [Build 894] [Standard]

==============================================================================

Section Cross References

    startup_stm32f10x_hd.o(STACK) refers (Special) to heapauxi.o(.text) for __use_two_region_memory
    startup_stm32f10x_hd.o(HEAP) refers (Special) to heapauxi.o(.text) for __use_two_region_memory
    startup_stm32f10x_hd.o(RESET) refers (Special) to heapauxi.o(.text) for __use_two_region_memory
    startup_stm32f10x_hd.o(RESET) refers to startup_stm32f10x_hd.o(STACK) for __initial_sp
    startup_stm32f10x_hd.o(RESET) refers to startup_stm32f10x_hd.o(.text) for Reset_Handler
    startup_stm32f10x_hd.o(RESET) refers to wdg.o(.text) for WWDG_IRQHandler
    startup_stm32f10x_hd.o(RESET) refers to rtc.o(.text) for RTC_IRQHandler
    startup_stm32f10x_hd.o(RESET) refers to wkup.o(.text) for EXTI0_IRQHandler
    startup_stm32f10x_hd.o(RESET) refers to exti.o(.text) for EXTI2_IRQHandler
    startup_stm32f10x_hd.o(RESET) refers to usmart.o(.text) for TIM2_IRQHandler
    startup_stm32f10x_hd.o(RESET) refers to timer.o(.text) for TIM3_IRQHandler
    startup_stm32f10x_hd.o(RESET) refers to remote.o(.text) for TIM4_IRQHandler
    startup_stm32f10x_hd.o(RESET) refers to usart.o(.text) for USART1_IRQHandler
    startup_stm32f10x_hd.o(RESET) refers to rs485.o(.text) for USART2_IRQHandler
    startup_stm32f10x_hd.o(RESET) refers to ps2.o(.text) for EXTI15_10_IRQHandler
    startup_stm32f10x_hd.o(.text) refers (Special) to heapauxi.o(.text) for __use_two_region_memory
    startup_stm32f10x_hd.o(.text) refers to __main.o(!!!main) for __main
    startup_stm32f10x_hd.o(.text) refers to startup_stm32f10x_hd.o(HEAP) for Heap_Mem
    startup_stm32f10x_hd.o(.text) refers to startup_stm32f10x_hd.o(STACK) for Stack_Mem
    test.o(.text) refers to test.o(.data) for image_data_packet_desc
    test.o(.text) refers to exti.o(.data) for ov_sta
    test.o(.text) refers to malloc.o(.ARM.__AT_0x68050000) for raw_data
    test.o(.text) refers to timer.o(.data) for ov_frame
    test.o(.text) refers to malloc.o(.ARM.__AT_0x680A0000) for out_data
    test.o(.text) refers to sys.o(.text) for Stm32_Clock_Init
    test.o(.text) refers to usart.o(.text) for uart_init
    test.o(.text) refers to delay.o(.text) for delay_init
    test.o(.text) refers to ili93xx.o(.text) for LCD_Init
    test.o(.text) refers to sram.o(.text) for FSMC_SRAM_Init
    test.o(.text) refers to ov7670.o(.text) for OV7670_Init
    test.o(.text) refers to timer.o(.text) for TIM3_Int_Init
    test.o(.text) refers to exti.o(.text) for EXTI8_Init
    test.o(.text) refers to ili93xx.o(.bss) for lcddev
    test.o(.text) refers to test.o(.bss) for CassMem
    test.o(.data) refers to test.o(.conststring) for .conststring
    cass_mv_main.o(.text) refers to test.o(.text) for MATCHControl
    cass_mv_main.o(.text) refers to cass_mv_main.o(.data) for configuration0_MATCH0
    delay.o(.text) refers to delay.o(.data) for fac_us
    sys.o(.text) refers to sys.o(.emb_text) for WFI_SET
    usart.o(.text) refers to fflt_clz.o(x$fpl$ffltu) for __aeabi_ui2f
    usart.o(.text) refers to fdiv.o(x$fpl$fdiv) for __aeabi_fdiv
    usart.o(.text) refers to ffixu.o(x$fpl$ffixu) for __aeabi_f2uiz
    usart.o(.text) refers to faddsub_clz.o(x$fpl$frsb) for __aeabi_frsub
    usart.o(.text) refers to fmul.o(x$fpl$fmul) for __aeabi_fmul
    usart.o(.text) refers to sys.o(.text) for MY_NVIC_Init
    usart.o(.text) refers to usart.o(.data) for ComInDataLen
    usart.o(.text) refers to usart.o(.constdata) for CRCHi
    usart.o(.text) refers to test.o(.bss) for CassMem
    usart.o(.text) refers to test.o(.data) for cass_mv_boarder_width
    usart.o(.text) refers to malloc.o(.ARM.__AT_0x680A0000) for out_data
    usart.o(.data) refers to usart.o(.bss) for ComInBuf
    usart.o(.data) refers to malloc.o(.ARM.__AT_0x680F0000) for ComOutBuf
    key.o(.text) refers to delay.o(.text) for delay_ms
    key.o(.text) refers to key.o(.data) for key_up
    exti.o(.text) refers to delay.o(.text) for delay_ms
    exti.o(.text) refers to key.o(.text) for KEY_Init
    exti.o(.text) refers to sys.o(.text) for Ex_NVIC_Config
    exti.o(.text) refers to exti.o(.data) for ov_sta
    wdg.o(.text) refers to sys.o(.text) for MY_NVIC_Init
    wdg.o(.text) refers to wdg.o(.data) for WWDG_CNT
    timer.o(.text) refers to sys.o(.text) for MY_NVIC_Init
    timer.o(.text) refers to timer.o(.data) for timer_1ms_flag
    timer.o(.text) refers to usart.o(.data) for ComDelayCount
    tpad.o(.text) refers to delay.o(.text) for delay_ms
    tpad.o(.text) refers to tpad.o(.data) for tpad_default_val
    oled.o(.text) refers to delay.o(.text) for delay_ms
    oled.o(.text) refers to oled.o(.bss) for OLED_GRAM
    oled.o(.text) refers to oled.o(.constdata) for oled_asc2_1206
    ili93xx.o(.text) refers to delay.o(.text) for delay_us
    ili93xx.o(.text) refers to ili93xx.o(.bss) for lcddev
    ili93xx.o(.text) refers to ili93xx.o(.data) for POINT_COLOR
[...]
    defsig.o(CL$$defsig) refers to defsig_rtmem_inner.o(.text) for __rt_SIGRTMEM_inner
    defsig_abrt_inner.o(.text) refers to defsig_general.o(.text) for __default_signal_display
    defsig_fpe_inner.o(.text) refers to defsig_general.o(.text) for __default_signal_display
    defsig_rtred_inner.o(.text) refers to defsig_general.o(.text) for __default_signal_display
    defsig_stak_inner.o(.text) refers to defsig_general.o(.text) for __default_signal_display
    defsig_pvfn_inner.o(.text) refers to defsig_general.o(.text) for __default_signal_display
    defsig_cppl_inner.o(.text) refers to defsig_general.o(.text) for __default_signal_display
    defsig_segv_inner.o(.text) refers to defsig_general.o(.text) for __default_signal_display
    defsig_other.o(.text) refers to defsig_general.o(.text) for __default_signal_display


==============================================================================

Removing Unused input sections from the image.

    Removing cass_mv_main.o(.text), (88 bytes).
    Removing cass_mv_main.o(.data), (1 bytes).
    Removing led.o(.text), (112 bytes).
    Removing beep.o(.text), (56 bytes).
    Removing tpad.o(.text), (568 bytes).
    Removing tpad.o(.data), (3 bytes).
    Removing oled.o(.text), (1202 bytes).
    Removing oled.o(.bss), (1024 bytes).
    Removing oled.o(.constdata), (2660 bytes).
    Removing adc.o(.text), (436 bytes).
    Removing dma.o(.text), (108 bytes).
    Removing dma.o(.data), (2 bytes).
    Removing spi.o(.text), (304 bytes).
    Removing flash.o(.text), (976 bytes).
    Removing flash.o(.bss), (4096 bytes).
    Removing flash.o(.data), (2 bytes).
    Removing can.o(.text), (1264 bytes).
    Removing touch.o(.text), (3948 bytes).
    Removing touch.o(.conststring), (121 bytes).
    Removing touch.o(.data), (48 bytes).
    Removing joypad.o(.text), (152 bytes).
    Removing adxl345.o(.text), (1200 bytes).
    Removing ds18b20.o(.text), (628 bytes).
    Removing dht11.o(.text), (412 bytes).
    Removing 24l01.o(.text), (864 bytes).
    Removing 24l01.o(.constdata), (10 bytes).
    Removing mouse.o(.text), (484 bytes).
    Removing audiosel.o(.text), (108 bytes).
    Removing malloc.o(.text), (560 bytes).
    Removing malloc.o(.bss), (43520 bytes).
    Removing malloc.o(.constdata), (24 bytes).
    Removing malloc.o(.data), (28 bytes).

32 unused section(s) (total 65009 bytes) removed from the image.

==============================================================================

Image Symbol Table

    Local Symbols

    Symbol Name                              Value     Ov Type        Size  Object(Section)

    ../../angel/boardlib.s                   0x00000000   Number         0  boardinit3.o ABSOLUTE
    ../../angel/boardlib.s                   0x00000000   Number         0  boardshut.o ABSOLUTE
    ../../angel/boardlib.s                   0x00000000   Number         0  boardinit2.o ABSOLUTE
    ../../angel/boardlib.s                   0x00000000   Number         0  boardinit1.o ABSOLUTE
    ../../angel/dczerorl2.s                  0x00000000   Number         0  __dczerorl2.o ABSOLUTE
    ../../angel/handlers.s                   0x00000000   Number         0  __scatter_zi.o ABSOLUTE
    ../../angel/kernel.s                     0x00000000   Number         0  rtexit2.o ABSOLUTE
    ../../angel/kernel.s                     0x00000000   Number         0  rtexit.o ABSOLUTE
    ../../angel/kernel.s                     0x00000000   Number         0  rtentry2.o ABSOLUTE
    ../../angel/kernel.s                     0x00000000   Number         0  rtentry4.o ABSOLUTE
    ../../angel/kernel.s                     0x00000000   Number         0  rtentry.o ABSOLUTE
    ../../angel/rt.s                         0x00000000   Number         0  rt_raise.o ABSOLUTE
    ../../angel/rt.s                         0x00000000   Number         0  rt_fp_status_addr_intlibspace.o ABSOLUTE
    ../../angel/rt.s                         0x00000000   Number         0  rt_fp_status_addr.o ABSOLUTE
    ../../angel/rt.s                         0x00000000   Number         0  rt_errno_addr.o ABSOLUTE
    ../../angel/rt.s                         0x00000000   Number         0  rt_errno_addr_intlibspace.o ABSOLUTE
    ../../angel/scatter.s                    0x00000000   Number         0  __scatter.o ABSOLUTE
    ../../angel/startup.s                    0x00000000   Number         0  __main.o ABSOLUTE
    ../../angel/sys.s                        0x00000000   Number         0  libspace.o ABSOLUTE
    ../../angel/sys.s                        0x00000000   Number         0  sys_stackheap_outer.o ABSOLUTE
    ../../angel/sys.s                        0x00000000   Number         0  indicate_semi.o ABSOLUTE
    ../../angel/sys.s                        0x00000000   Number         0  use_no_semi.o ABSOLUTE
    ../../angel/sysapp.c                     0x00000000   Number         0  sys_exit.o ABSOLUTE
    ../../angel/sysapp.c                     0x00000000   Number         0  sys_wrch.o ABSOLUTE
    ../../angel/sysapp.c                     0x00000000   Number         0  sys_command.o ABSOLUTE
    ../../armsys.c                           0x00000000   Number         0  argv_veneer.o ABSOLUTE
    ../../armsys.c                           0x00000000   Number         0  _get_argv_nomalloc.o ABSOLUTE
    ../../armsys.c                           0x00000000   Number         0  argv_veneer.o ABSOLUTE
    ../../armsys.c                           0x00000000   Number         0  no_argv.o ABSOLUTE
    ../../atan.c                             0x00000000   Number         0  atan_x.o ABSOLUTE
    ../../atan.c                             0x00000000   Number         0  atan.o ABSOLUTE
    ../../d2f.s                              0x00000000   Number         0  d2f.o ABSOLUTE
    ../../daddsub.s                          0x00000000   Number         0  daddsub_clz.o ABSOLUTE
    ../../dcheck1.s                          0x00000000   Number         0  dcheck1.o ABSOLUTE
    ../../dcmpi.s                            0x00000000   Number         0  dcmpi.o ABSOLUTE
    ../../ddiv.s                             0x00000000   Number         0  ddiv.o ABSOLUTE
    ../../dfix.s                             0x00000000   Number         0  dfix.o ABSOLUTE
    ../../dfixu.s                            0x00000000   Number         0  dfixu.o ABSOLUTE
    ../../dflt.s                             0x00000000   Number         0  dflt_clz.o ABSOLUTE
    ../../dleqf.s                            0x00000000   Number         0  dleqf.o ABSOLUTE
    ../../dmul.s                             0x00000000   Number         0  dmul.o ABSOLUTE
    ../../dnaninf.s                          0x00000000   Number         0  dnaninf.o ABSOLUTE
    ../../dretinf.s                          0x00000000   Number         0  dretinf.o ABSOLUTE
    ../../drleqf.s                           0x00000000   Number         0  drleqf.o ABSOLUTE
    ../../dsqrt.s                            0x00000000   Number         0  dsqrt_noumaal.o ABSOLUTE
    ../../dunder.c                           0x00000000   Number         0  dunder.o ABSOLUTE
    ../../f2d.s                              0x00000000   Number         0  f2d.o ABSOLUTE
    ../../faddsub.s                          0x00000000   Number         0  faddsub_clz.o ABSOLUTE
    ../../fdiv.s                             0x00000000   Number         0  fdiv.o ABSOLUTE
    ../../fenv.c                             0x00000000   Number         0  _rserrno.o ABSOLUTE
    ../../ffix.s                             0x00000000   Number         0  ffix.o ABSOLUTE
    ../../ffixu.s                            0x00000000   Number         0  ffixu.o ABSOLUTE
    ../../fflt.s                             0x00000000   Number         0  fflt_clz.o ABSOLUTE
    ../../fmul.s                             0x00000000   Number         0  fmul.o ABSOLUTE
    ../../fnaninf.s                          0x00000000   Number         0  fnaninf.o ABSOLUTE
    ../../fpclassify.c                       0x00000000   Number         0  fpclassify.o ABSOLUTE
    ../../fpinit.s                           0x00000000   Number         0  fpinit.o ABSOLUTE
    ../../fretinf.s                          0x00000000   Number         0  fretinf.o ABSOLUTE
    ../../heapalloc.c                        0x00000000   Number         0  hrguard.o ABSOLUTE
    ../../heapaux.c                          0x00000000   Number         0  heapauxi.o ABSOLUTE
    ../../libinit.s                          0x00000000   Number         0  libshutdown.o ABSOLUTE
    ../../libinit.s                          0x00000000   Number         0  libinit.o ABSOLUTE
    ../../libinit.s                          0x00000000   Number         0  libinit2.o ABSOLUTE
    ../../libinit.s                          0x00000000   Number         0  libshutdown2.o ABSOLUTE
    ../../poly.c                             0x00000000   Number         0  poly.o ABSOLUTE
    ../../retnan.s                           0x00000000   Number         0  retnan.o ABSOLUTE
    ../../scalbn.s                           0x00000000   Number         0  scalbn.o ABSOLUTE
    ../../signal.c                           0x00000000   Number         0  defsig_rtmem_formal.o ABSOLUTE
    ../../signal.c                           0x00000000   Number         0  defsig_exit.o ABSOLUTE
    ../../signal.c                           0x00000000   Number         0  defsig_rtmem_inner.o ABSOLUTE
    ../../signal.c                           0x00000000   Number         0  defsig_general.o ABSOLUTE
    ../../signal.c                           0x00000000   Number         0  defsig_rtmem_outer.o ABSOLUTE
    ../../signal.c                           0x00000000   Number         0  defsig_other.o ABSOLUTE
    ../../signal.c                           0x00000000   Number         0  defsig_segv_inner.o ABSOLUTE
    ../../signal.c                           0x00000000   Number         0  defsig_cppl_inner.o ABSOLUTE
    ../../signal.c                           0x00000000   Number         0  defsig_pvfn_inner.o ABSOLUTE
    ../../signal.c                           0x00000000   Number         0  defsig_stak_inner.o ABSOLUTE
    ../../signal.c                           0x00000000   Number         0  defsig_rtred_inner.o ABSOLUTE
    ../../signal.c                           0x00000000   Number         0  __raise.o ABSOLUTE
    ../../signal.c                           0x00000000   Number         0  defsig_fpe_inner.o ABSOLUTE
    ../../signal.c                           0x00000000   Number         0  defsig_abrt_inner.o ABSOLUTE
    ../../signal.s                           0x00000000   Number         0  defsig.o ABSOLUTE
    ../../sqrt.c                             0x00000000   Number         0  sqrt.o ABSOLUTE
    ../../sqrt.c                             0x00000000   Number         0  sqrt_x.o ABSOLUTE
    ../../stdlib.c                           0x00000000   Number         0  exit.o ABSOLUTE
    ../../trapv.s                            0x00000000   Number         0  trapv.o ABSOLUTE
    ../../usenofp.s                          0x00000000   Number         0  usenofp.o ABSOLUTE
    ..\HARDWARE\24CXX\24cxx.c                0x00000000   Number         0  24cxx.o ABSOLUTE
    ..\HARDWARE\24CXX\myiic.c                0x00000000   Number         0  myiic.o ABSOLUTE
    ..\HARDWARE\ADC\adc.c                    0x00000000   Number         0  adc.o ABSOLUTE
    ..\HARDWARE\ADXL345\adxl345.c            0x00000000   Number         0  adxl345.o ABSOLUTE
    ..\HARDWARE\AUDIOSEL\audiosel.c          0x00000000   Number         0  audiosel.o ABSOLUTE
    ..\HARDWARE\BEEP\beep.c                  0x00000000   Number         0  beep.o ABSOLUTE
    ..\HARDWARE\CAN\can.c                    0x00000000   Number         0  can.o ABSOLUTE
    ..\HARDWARE\DAC\dac.c                    0x00000000   Number         0  dac.o ABSOLUTE
    ..\HARDWARE\DHT11\dht11.c                0x00000000   Number         0  dht11.o ABSOLUTE
    ..\HARDWARE\DMA\dma.c                    0x00000000   Number         0  dma.o ABSOLUTE
    ..\HARDWARE\DS18B20\ds18b20.c            0x00000000   Number         0  ds18b20.o ABSOLUTE
    ..\HARDWARE\EXTI\exti.c                  0x00000000   Number         0  exti.o ABSOLUTE
    ..\HARDWARE\FLASH\flash.c                0x00000000   Number         0  flash.o ABSOLUTE
    ..\HARDWARE\JOYPAD\joypad.c              0x00000000   Number         0  joypad.o ABSOLUTE
    ..\HARDWARE\KEY\key.c                    0x00000000   Number         0  key.o ABSOLUTE
    ..\HARDWARE\LCD\ILI93xx.c                0x00000000   Number         0  ili93xx.o ABSOLUTE
    ..\HARDWARE\LED\led.c                    0x00000000   Number         0  led.o ABSOLUTE
    ..\HARDWARE\NRF24L01\24l01.c             0x00000000   Number         0  24l01.o ABSOLUTE
    ..\HARDWARE\OLED\oled.c                  0x00000000   Number         0  oled.o ABSOLUTE
    ..\HARDWARE\OV7670\ov7670.c              0x00000000   Number         0  ov7670.o ABSOLUTE
    ..\HARDWARE\OV7670\sccb.c                0x00000000   Number         0  sccb.o ABSOLUTE
    ..\HARDWARE\PS2\mouse.c                  0x00000000   Number         0  mouse.o ABSOLUTE
    ..\HARDWARE\PS2\ps2.c                    0x00000000   Number         0  ps2.o ABSOLUTE
    ..\HARDWARE\RDA5820\rda5820.c            0x00000000   Number         0  rda5820.o ABSOLUTE
    ..\HARDWARE\REMOTE\remote.c              0x00000000   Number         0  remote.o ABSOLUTE
    ..\HARDWARE\RS485\rs485.c                0x00000000   Number         0  rs485.o ABSOLUTE
    ..\HARDWARE\RTC\rtc.c                    0x00000000   Number         0  rtc.o ABSOLUTE
    ..\HARDWARE\SPI\spi.c                    0x00000000   Number         0  spi.o ABSOLUTE
    ..\HARDWARE\SRAM\sram.c                  0x00000000   Number         0  sram.o ABSOLUTE
    ..\HARDWARE\STMFLASH\stmflash.c          0x00000000   Number         0  stmflash.o ABSOLUTE
    ..\HARDWARE\TIMER\timer.c                0x00000000   Number         0  timer.o ABSOLUTE
    ..\HARDWARE\TOUCH\touch.c                0x00000000   Number         0  touch.o ABSOLUTE
    ..\HARDWARE\TPAD\tpad.c                  0x00000000   Number         0  tpad.o ABSOLUTE
    ..\HARDWARE\WDG\wdg.c                    0x00000000   Number         0  wdg.o ABSOLUTE
    ..\HARDWARE\WKUP\wkup.c                  0x00000000   Number         0  wkup.o ABSOLUTE
    ..\MALLOC\malloc.c                       0x00000000   Number         0  malloc.o ABSOLUTE
    ..\SYSTEM\delay\delay.c                  0x00000000   Number         0  delay.o ABSOLUTE
    ..\SYSTEM\sys\sys.c                      0x00000000   Number         0  sys.o ABSOLUTE
    ..\SYSTEM\usart\usart.c                  0x00000000   Number         0  usart.o ABSOLUTE
    ..\USMART\usmart.c                       0x00000000   Number         0  usmart.o ABSOLUTE
    ..\USMART\usmart_config.c                0x00000000   Number         0  usmart_config.o ABSOLUTE
    ..\USMART\usmart_str.c                   0x00000000   Number         0  usmart_str.o ABSOLUTE
    ..\\SYSTEM\\sys\\sys.c                   0x00000000   Number         0  sys.o ABSOLUTE
    cass_mv_main.c                           0x00000000   Number         0  cass_mv_main.o ABSOLUTE
    dc.s                                     0x00000000   Number         0  dc.o ABSOLUTE
    startup_stm32f10x_hd.s                   0x00000000   Number         0  startup_stm32f10x_hd.o ABSOLUTE
    test.c                                   0x00000000   Number         0  test.o ABSOLUTE
    RESET                                    0x08000000   Section      304  startup_stm32f10x_hd.o(RESET)
    !!!main                                  0x08000130   Section        8  __main.o(!!!main)
    !!!scatter                               0x08000138   Section       52  __scatter.o(!!!scatter)
    !!dczerorl2                              0x0800016c   Section       90  __dczerorl2.o(!!dczerorl2)
    !!handler_zi                             0x080001c8   Section       28  __scatter_zi.o(!!handler_zi)
    .ARM.Collect$$libinit$$00000000          0x080001e4   Section        6  libinit.o(.ARM.Collect$$libinit$$00000000)
    .ARM.Collect$$libinit$$00000006          0x080001ea   Section        0  libinit2.o(.ARM.Collect$$libinit$$00000006)
    .ARM.Collect$$libinit$$00000008          0x080001ea   Section        0  libinit2.o(.ARM.Collect$$libinit$$00000008)
    .ARM.Collect$$libinit$$0000000A          0x080001ea   Section        0  libinit2.o(.ARM.Collect$$libinit$$0000000A)
    .ARM.Collect$$libinit$$0000000D          0x080001ea   Section        0  libinit2.o(.ARM.Collect$$libinit$$0000000D)
    .ARM.Collect$$libinit$$0000000F          0x080001ea   Section        0  libinit2.o(.ARM.Collect$$libinit$$0000000F)
    .ARM.Collect$$libinit$$00000011          0x080001ea   Section        0  libinit2.o(.ARM.Collect$$libinit$$00000011)
    .ARM.Collect$$libinit$$00000013          0x080001ea   Section        0  libinit2.o(.ARM.Collect$$libinit$$00000013)
    .ARM.Collect$$libinit$$00000015          0x080001ea   Section        0  libinit2.o(.ARM.Collect$$libinit$$00000015)
    .ARM.Collect$$libinit$$00000017          0x080001ea   Section        0  libinit2.o(.ARM.Collect$$libinit$$00000017)
    .ARM.Collect$$libinit$$00000019          0x080001ea   Section        0  libinit2.o(.ARM.Collect$$libinit$$00000019)
    .ARM.Collect$$libinit$$0000001B          0x080001ea   Section        0  libinit2.o(.ARM.Collect$$libinit$$0000001B)
    .ARM.Collect$$libinit$$0000001D          0x080001ea   Section        0  libinit2.o(.ARM.Collect$$libinit$$0000001D)
    .ARM.Collect$$libinit$$0000001F          0x080001ea   Section        0  libinit2.o(.ARM.Collect$$libinit$$0000001F)
    .ARM.Collect$$libinit$$00000021          0x080001ea   Section        0  libinit2.o(.ARM.Collect$$libinit$$00000021)
    .ARM.Collect$$libinit$$00000028          0x080001ea   Section        0  libinit2.o(.ARM.Collect$$libinit$$00000028)
    .ARM.Collect$$libinit$$0000002A          0x080001ea   Section        0  libinit2.o(.ARM.Collect$$libinit$$0000002A)
    .ARM.Collect$$libinit$$0000002C          0x080001ea   Section        0  libinit2.o(.ARM.Collect$$libinit$$0000002C)
    .ARM.Collect$$libinit$$0000002E          0x080001ea   Section        0  libinit2.o(.ARM.Collect$$libinit$$0000002E)
    .ARM.Collect$$libinit$$0000002F          0x080001ea   Section        2  libinit2.o(.ARM.Collect$$libinit$$0000002F)
    .ARM.Collect$$libshutdown$$00000000      0x080001ec   Section        2  libshutdown.o(.ARM.Collect$$libshutdown$$00000000)
    .ARM.Collect$$libshutdown$$00000003      0x080001ee   Section        0  libshutdown2.o(.ARM.Collect$$libshutdown$$00000003)
    .ARM.Collect$$libshutdown$$00000006      0x080001ee   Section        0  libshutdown2.o(.ARM.Collect$$libshutdown$$00000006)
    .ARM.Collect$$libshutdown$$00000009      0x080001ee   Section        0  libshutdown2.o(.ARM.Collect$$libshutdown$$00000009)
    .ARM.Collect$$libshutdown$$0000000B      0x080001ee   Section        0  libshutdown2.o(.ARM.Collect$$libshutdown$$0000000B)
    .ARM.Collect$$libshutdown$$0000000E      0x080001ee   Section        0  libshutdown2.o(.ARM.Collect$$libshutdown$$0000000E)
    .ARM.Collect$$libshutdown$$0000000F      0x080001ee   Section        2  libshutdown2.o(.ARM.Collect$$libshutdown$$0000000F)
    .ARM.Collect$$rtentry$$00000000          0x080001f0   Section        0  rtentry.o(.ARM.Collect$$rtentry$$00000000)
    .ARM.Collect$$rtentry$$00000002          0x080001f0   Section        0  rtentry2.o(.ARM.Collect$$rtentry$$00000002)
    .ARM.Collect$$rtentry$$00000004          0x080001f0   Section        6  rtentry4.o(.ARM.Collect$$rtentry$$00000004)
    .ARM.Collect$$rtentry$$00000009          0x080001f6   Section        0  rtentry2.o(.ARM.Collect$$rtentry$$00000009)
    .ARM.Collect$$rtentry$$0000000A          0x080001f6   Section        4  rtentry2.o(.ARM.Collect$$rtentry$$0000000A)
    .ARM.Collect$$rtentry$$0000000C          0x080001fa   Section        0  rtentry2.o(.ARM.Collect$$rtentry$$0000000C)
    .ARM.Collect$$rtentry$$0000000D          0x080001fa   Section        8  rtentry2.o(.ARM.Collect$$rtentry$$0000000D)
    .ARM.Collect$$rtexit$$00000000           0x08000202   Section        2  rtexit.o(.ARM.Collect$$rtexit$$00000000)
    .ARM.Collect$$rtexit$$00000002           0x08000204   Section        0  rtexit2.o(.ARM.Collect$$rtexit$$00000002)
    .ARM.Collect$$rtexit$$00000003           0x08000204   Section        4  rtexit2.o(.ARM.Collect$$rtexit$$00000003)
    .ARM.Collect$$rtexit$$00000004           0x08000208   Section        6  rtexit2.o(.ARM.Collect$$rtexit$$00000004)
    .emb_text                                0x08000210   Section       12  sys.o(.emb_text)
    .text                                    0x0800021c   Section       56  startup_stm32f10x_hd.o(.text)
    .text                                    0x08000254   Section        0  test.o(.text)
    sys_image_var_init                       0x08000255   Thumb Code    60  test.o(.text)
    .text                                    0x08000a94   Section        0  delay.o(.text)
    .text                                    0x08000b34   Section        0  sys.o(.text)
    .text                                    0x08000e1c   Section        0  usart.o(.text)
    .text                                    0x080011d0   Section        0  key.o(.text)
    .text                                    0x080012d8   Section        0  exti.o(.text)
    .text                                    0x08001454   Section        0  wdg.o(.text)
    .text                                    0x0800153c   Section        0  timer.o(.text)
    .text                                    0x08001908   Section        0  ili93xx.o(.text)
    .text                                    0x08003e30   Section        0  wkup.o(.text)
    .text                                    0x08003f04   Section        0  dac.o(.text)
    .text                                    0x08003fcc   Section        0  myiic.o(.text)
    .text                                    0x08004244   Section        0  24cxx.o(.text)
    .text                                    0x080043c0   Section        0  rtc.o(.text)
    .text                                    0x08004840   Section        0  rs485.o(.text)
    .text                                    0x08004a10   Section        0  remote.o(.text)
    .text                                    0x08004cc8   Section        0  ps2.o(.text)
    .text                                    0x08005120   Section        0  stmflash.o(.text)
    .text                                    0x0800535c   Section        0  rda5820.o(.text)
    .text                                    0x08005684   Section        0  ov7670.o(.text)
    .text                                    0x08005a0c   Section        0  sccb.o(.text)
    .text                                    0x08005cd0   Section        0  sram.o(.text)
    .text                                    0x08005e88   Section        0  usmart.o(.text)
    .text                                    0x080061d8   Section        0  usmart_str.o(.text)
    .text                                    0x080066f4   Section        0  heapauxi.o(.text)
    .text                                    0x080066fc   Section        8  libspace.o(.text)
    .text                                    0x08006704   Section       74  sys_stackheap_outer.o(.text)
    .text                                    0x0800674e   Section        0  exit.o(.text)
    .text                                    0x0800675c   Section        8  rt_fp_status_addr_intlibspace.o(.text)
    .text                                    0x08006764   Section        0  sys_exit.o(.text)
    .text                                    0x08006770   Section        2  use_no_semi.o(.text)
    .text                                    0x08006772   Section        0  indicate_semi.o(.text)
    x$fpl$d2f                                0x08006774   Section       98  d2f.o(x$fpl$d2f)
    x$fpl$ddiv                               0x080067d8   Section      688  ddiv.o(x$fpl$ddiv)
    ddiv_entry                               0x080067df   Thumb Code     0  ddiv.o(x$fpl$ddiv)
    x$fpl$dnaninf                            0x08006a88   Section      156  dnaninf.o(x$fpl$dnaninf)
    x$fpl$dretinf                            0x08006b24   Section       12  dretinf.o(x$fpl$dretinf)
    x$fpl$f2d                                0x08006b30   Section       86  f2d.o(x$fpl$f2d)
    x$fpl$fadd                               0x08006b88   Section      196  faddsub_clz.o(x$fpl$fadd)
    _fadd1                                   0x08006b97   Thumb Code     0  faddsub_clz.o(x$fpl$fadd)
    x$fpl$fdiv                               0x08006c4c   Section      388  fdiv.o(x$fpl$fdiv)
    _fdiv1                                   0x08006c4d   Thumb Code     0  fdiv.o(x$fpl$fdiv)
    x$fpl$ffixu                              0x08006dd0   Section       62  ffixu.o(x$fpl$ffixu)
    x$fpl$ffltu                              0x08006e10   Section       38  fflt_clz.o(x$fpl$ffltu)
    x$fpl$fmul                               0x08006e38   Section      258  fmul.o(x$fpl$fmul)
    x$fpl$fnaninf                            0x08006f3a   Section      140  fnaninf.o(x$fpl$fnaninf)
    x$fpl$fpinit                             0x08006fc6   Section       14  fpinit.o(x$fpl$fpinit)
    x$fpl$fretinf                            0x08006fd4   Section       10  fretinf.o(x$fpl$fretinf)
    x$fpl$frsb                               0x08006fde   Section       20  faddsub_clz.o(x$fpl$frsb)
    x$fpl$fsub                               0x08006ff4   Section      234  faddsub_clz.o(x$fpl$fsub)
    _fsub1                                   0x08007003   Thumb Code     0  faddsub_clz.o(x$fpl$fsub)
    .constdata                               0x080070de   Section      512  usart.o(.constdata)
    x$fpl$usenofp                            0x080070de   Section        0  usenofp.o(x$fpl$usenofp)
    .constdata                               0x080072de   Section     2660  ili93xx.o(.constdata)
    .constdata                               0x08007d42   Section       24  rtc.o(.constdata)
    .constdata                               0x08007d5a   Section      230  ov7670.o(.constdata)
    .conststring                             0x08007e40   Section       81  test.o(.conststring)
    .conststring                             0x08007e91   Section       23  usmart.o(.conststring)
    .conststring                             0x08007ea8   Section      575  usmart_config.o(.conststring)
    .data                                    0x20000000   Section     1202  test.o(.data)
    win                                      0x20000458   Data          36  test.o(.data)
    win                                      0x2000047c   Data          36  test.o(.data)
    .data                                    0x200004b2   Section        4  delay.o(.data)
    fac_us                                   0x200004b2   Data           1  delay.o(.data)
    fac_ms                                   0x200004b4   Data           2  delay.o(.data)
    .data                                    0x200004b8   Section       24  usart.o(.data)
    .data                                    0x200004d0   Section        1  key.o(.data)
    key_up                                   0x200004d0   Data           1  key.o(.data)
    .data                                    0x200004d1   Section        1  exti.o(.data)
    .data                                    0x200004d2   Section        1  wdg.o(.data)
    .data                                    0x200004d4   Section        9  timer.o(.data)
    .data                                    0x200004de   Section        4  ili93xx.o(.data)
    .data                                    0x200004e2   Section        2  rtc.o(.data)
    daycnt                                   0x200004e2   Data           2  rtc.o(.data)
    .data                                    0x200004e4   Section        1  rs485.o(.data)
    .data                                    0x200004e8   Section       12  remote.o(.data)
    .data                                    0x200004f4   Section        4  ps2.o(.data)
    tempdata                                 0x200004f6   Data           1  ps2.o(.data)
    parity                                   0x200004f7   Data           1  ps2.o(.data)
    .data                                    0x200004f8   Section       10  mouse.o(.data)
    .data                                    0x20000504   Section       24  usmart.o(.data)
    .data                                    0x2000051c   Section      372  usmart_config.o(.data)
    .bss                                     0x20000690   Section     4096  test.o(.bss)
    .bss                                     0x20001690   Section       64  usart.o(.bss)
    .bss                                     0x200016d0   Section       10  ili93xx.o(.bss)
    .bss                                     0x200016da   Section       10  rtc.o(.bss)
    .bss                                     0x200016e4   Section       64  rs485.o(.bss)
    .bss                                     0x20001724   Section       16  ps2.o(.bss)
    .bss                                     0x20001734   Section     2048  stmflash.o(.bss)
    .bss                                     0x20001f34   Section       96  libspace.o(.bss)
    HEAP                                     0x20001f98   Section      512  startup_stm32f10x_hd.o(HEAP)
    Heap_Mem                                 0x20001f98   Data         512  startup_stm32f10x_hd.o(HEAP)
    STACK                                    0x20002198   Section     1024  startup_stm32f10x_hd.o(STACK)
    Stack_Mem                                0x20002198   Data        1024  startup_stm32f10x_hd.o(STACK)
    __initial_sp                             0x20002598   Data           0  startup_stm32f10x_hd.o(STACK)
    .ARM.__AT_0x68000000                     0x68000000   Section    163840  malloc.o(.ARM.__AT_0x68000000)
    .ARM.__AT_0x68028000                     0x68028000   Section    10240  malloc.o(.ARM.__AT_0x68028000)
    .ARM.__AT_0x68050000                     0x68050000   Section    76800  malloc.o(.ARM.__AT_0x68050000)
    .ARM.__AT_0x680A0000                     0x680a0000   Section    76800  malloc.o(.ARM.__AT_0x680A0000)
    .ARM.__AT_0x680F0000                     0x680f0000   Section    76806  malloc.o(.ARM.__AT_0x680F0000)

    Global Symbols

    Symbol Name                              Value     Ov Type        Size  Object(Section)

    BuildAttributes$$THM_ISAv4$P$D$K$B$S$PE$A:L22UL41UL21$X:L11$S22US41US21$IEEE1$IW$USESV6$~STKCKD$USESV7$~SHL$OTIME$ROPI$IEEEX$EBA8$UX$STANDARDLIB$REQ8$PRES8$EABIv2 0x00000000   Number         0  anon$$obj.o ABSOLUTE
    __ARM_use_no_argv                        0x00000000   Number         0  test.o ABSOLUTE
    __ARM_exceptions_init                     - Undefined Weak Reference
    __alloca_initialize                       - Undefined Weak Reference
    __cpp_initialize__aeabi_                  - Undefined Weak Reference
    __cxa_finalize                            - Undefined Weak Reference
    __rt_locale                               - Undefined Weak Reference
    __sigvec_lookup                           - Undefined Weak Reference
    _atexit_init                              - Undefined Weak Reference
    _call_atexit_fns                          - Undefined Weak Reference
    _clock_init                               - Undefined Weak Reference
    _fp_trap_init                             - Undefined Weak Reference
    _fp_trap_shutdown                         - Undefined Weak Reference
    _get_lc_collate                           - Undefined Weak Reference
    _get_lc_ctype                             - Undefined Weak Reference
    _get_lc_monetary                          - Undefined Weak Reference
    _get_lc_numeric                           - Undefined Weak Reference
    _get_lc_time                              - Undefined Weak Reference
    _getenv_init                              - Undefined Weak Reference
    _handle_redirection                       - Undefined Weak Reference
    _init_alloc                               - Undefined Weak Reference
    _init_user_alloc                          - Undefined Weak Reference
    _initio                                   - Undefined Weak Reference
    _rand_init                                - Undefined Weak Reference
    _signal_finish                            - Undefined Weak Reference
    _signal_init                              - Undefined Weak Reference
    _terminate_alloc                          - Undefined Weak Reference
    _terminate_user_alloc                     - Undefined Weak Reference
    _terminateio                              - Undefined Weak Reference
    __Vectors_Size                           0x00000130   Number         0  startup_stm32f10x_hd.o ABSOLUTE
    __Vectors                                0x08000000   Data           4  startup_stm32f10x_hd.o(RESET)
    __Vectors_End                            0x08000130   Data           0  startup_stm32f10x_hd.o(RESET)
    __main                                   0x08000131   Thumb Code     8  __main.o(!!!main)
    __scatterload                            0x08000139   Thumb Code     0  __scatter.o(!!!scatter)
    __scatterload_rt2                        0x08000139   Thumb Code    44  __scatter.o(!!!scatter)
    __scatterload_rt2_thumb_only             0x08000139   Thumb Code     0  __scatter.o(!!!scatter)
    __scatterload_null                       0x08000147   Thumb Code     0  __scatter.o(!!!scatter)
    __decompress                             0x0800016d   Thumb Code    90  __dczerorl2.o(!!dczerorl2)
    __decompress1                            0x0800016d   Thumb Code     0  __dczerorl2.o(!!dczerorl2)
    __scatterload_zeroinit                   0x080001c9   Thumb Code    28  __scatter_zi.o(!!handler_zi)
    __rt_lib_init                            0x080001e5   Thumb Code     0  libinit.o(.ARM.Collect$$libinit$$00000000)
    __rt_lib_init_alloca_1                   0x080001eb   Thumb Code     0  libinit2.o(.ARM.Collect$$libinit$$0000002A)
    __rt_lib_init_argv_1                     0x080001eb   Thumb Code     0  libinit2.o(.ARM.Collect$$libinit$$00000028)
    __rt_lib_init_atexit_1                   0x080001eb   Thumb Code     0  libinit2.o(.ARM.Collect$$libinit$$00000017)
    __rt_lib_init_clock_1                    0x080001eb   Thumb Code     0  libinit2.o(.ARM.Collect$$libinit$$0000001D)
    __rt_lib_init_cpp_1                      0x080001eb   Thumb Code     0  libinit2.o(.ARM.Collect$$libinit$$0000002E)
    __rt_lib_init_exceptions_1               0x080001eb   Thumb Code     0  libinit2.o(.ARM.Collect$$libinit$$0000002C)
    __rt_lib_init_fp_trap_1                  0x080001eb   Thumb Code     0  libinit2.o(.ARM.Collect$$libinit$$0000001B)
    __rt_lib_init_getenv_1                   0x080001eb   Thumb Code     0  libinit2.o(.ARM.Collect$$libinit$$0000001F)
    __rt_lib_init_heap_1                     0x080001eb   Thumb Code     0  libinit2.o(.ARM.Collect$$libinit$$00000006)
    __rt_lib_init_lc_collate_1               0x080001eb   Thumb Code     0  libinit2.o(.ARM.Collect$$libinit$$0000000D)
    __rt_lib_init_lc_ctype_1                 0x080001eb   Thumb Code     0  libinit2.o(.ARM.Collect$$libinit$$0000000F)
    __rt_lib_init_lc_monetary_1              0x080001eb   Thumb Code     0  libinit2.o(.ARM.Collect$$libinit$$00000011)
    __rt_lib_init_lc_numeric_1               0x080001eb   Thumb Code     0  libinit2.o(.ARM.Collect$$libinit$$00000013)
    __rt_lib_init_lc_time_1                  0x080001eb   Thumb Code     0  libinit2.o(.ARM.Collect$$libinit$$00000015)
    __rt_lib_init_rand_1                     0x080001eb   Thumb Code     0  libinit2.o(.ARM.Collect$$libinit$$0000000A)
    __rt_lib_init_return                     0x080001eb   Thumb Code     0  libinit2.o(.ARM.Collect$$libinit$$0000002F)
    __rt_lib_init_signal_1                   0x080001eb   Thumb Code     0  libinit2.o(.ARM.Collect$$libinit$$00000019)
    __rt_lib_init_stdio_1                    0x080001eb   Thumb Code     0  libinit2.o(.ARM.Collect$$libinit$$00000021)
    __rt_lib_init_user_alloc_1               0x080001eb   Thumb Code     0  libinit2.o(.ARM.Collect$$libinit$$00000008)
    __rt_lib_shutdown                        0x080001ed   Thumb Code     0  libshutdown.o(.ARM.Collect$$libshutdown$$00000000)
    __rt_lib_shutdown_fp_trap_1              0x080001ef   Thumb Code     0  libshutdown2.o(.ARM.Collect$$libshutdown$$00000006)
    __rt_lib_shutdown_heap_1                 0x080001ef   Thumb Code     0  libshutdown2.o(.ARM.Collect$$libshutdown$$0000000E)
    __rt_lib_shutdown_return                 0x080001ef   Thumb Code     0  libshutdown2.o(.ARM.Collect$$libshutdown$$0000000F)
    __rt_lib_shutdown_signal_1               0x080001ef   Thumb Code     0  libshutdown2.o(.ARM.Collect$$libshutdown$$00000009)
    __rt_lib_shutdown_stdio_1                0x080001ef   Thumb Code     0  libshutdown2.o(.ARM.Collect$$libshutdown$$00000003)
    __rt_lib_shutdown_user_alloc_1           0x080001ef   Thumb Code     0  libshutdown2.o(.ARM.Collect$$libshutdown$$0000000B)
    __rt_entry                               0x080001f1   Thumb Code     0  rtentry.o(.ARM.Collect$$rtentry$$00000000)
    __rt_entry_presh_1                       0x080001f1   Thumb Code     0  rtentry2.o(.ARM.Collect$$rtentry$$00000002)
    __rt_entry_sh                            0x080001f1   Thumb Code     0  rtentry4.o(.ARM.Collect$$rtentry$$00000004)
    __rt_entry_li                            0x080001f7   Thumb Code     0  rtentry2.o(.ARM.Collect$$rtentry$$0000000A)
    __rt_entry_postsh_1                      0x080001f7   Thumb Code     0  rtentry2.o(.ARM.Collect$$rtentry$$00000009)
    __rt_entry_main                          0x080001fb   Thumb Code     0  rtentry2.o(.ARM.Collect$$rtentry$$0000000D)
    __rt_entry_postli_1                      0x080001fb   Thumb Code     0  rtentry2.o(.ARM.Collect$$rtentry$$0000000C)
    __rt_exit                                0x08000203   Thumb Code     0  rtexit.o(.ARM.Collect$$rtexit$$00000000)
    __rt_exit_ls                             0x08000205   Thumb Code     0  rtexit2.o(.ARM.Collect$$rtexit$$00000003)
    __rt_exit_prels_1                        0x08000205   Thumb Code     0  rtexit2.o(.ARM.Collect$$rtexit$$00000002)
    __rt_exit_exit                           0x08000209   Thumb Code     0  rtexit2.o(.ARM.Collect$$rtexit$$00000004)
    WFI_SET                                  0x08000211   Thumb Code     2  sys.o(.emb_text)
    INTX_DISABLE                             0x08000213   Thumb Code     2  sys.o(.emb_text)
    INTX_ENABLE                              0x08000215   Thumb Code     2  sys.o(.emb_text)
    MSR_MSP                                  0x08000217   Thumb Code     6  sys.o(.emb_text)
    Reset_Handler                            0x0800021d   Thumb Code     4  startup_stm32f10x_hd.o(.text)
    NMI_Handler                              0x08000221   Thumb Code     2  startup_stm32f10x_hd.o(.text)
    HardFault_Handler                        0x08000223   Thumb Code     2  startup_stm32f10x_hd.o(.text)
    MemManage_Handler                        0x08000225   Thumb Code     2  startup_stm32f10x_hd.o(.text)
    BusFault_Handler                         0x08000227   Thumb Code     2  startup_stm32f10x_hd.o(.text)
    UsageFault_Handler                       0x08000229   Thumb Code     2  startup_stm32f10x_hd.o(.text)
    SVC_Handler                              0x0800022b   Thumb Code     2  startup_stm32f10x_hd.o(.text)
    DebugMon_Handler                         0x0800022d   Thumb Code     2  startup_stm32f10x_hd.o(.text)
    PendSV_Handler                           0x0800022f   Thumb Code     2  startup_stm32f10x_hd.o(.text)
    SysTick_Handler                          0x08000231   Thumb Code     2  startup_stm32f10x_hd.o(.text)
    ADC1_2_IRQHandler                        0x08000233   Thumb Code     0  startup_stm32f10x_hd.o(.text)
    ADC3_IRQHandler                          0x08000233   Thumb Code     0  startup_stm32f10x_hd.o(.text)
    CAN1_RX1_IRQHandler                      0x08000233   Thumb Code     0  startup_stm32f10x_hd.o(.text)
    CAN1_SCE_IRQHandler                      0x08000233   Thumb Code     0  startup_stm32f10x_hd.o(.text)
    DMA1_Channel1_IRQHandler                 0x08000233   Thumb Code     0  startup_stm32f10x_hd.o(.text)
    DMA1_Channel2_IRQHandler                 0x08000233   Thumb Code     0  startup_stm32f10x_hd.o(.text)
    DMA1_Channel3_IRQHandler                 0x08000233   Thumb Code     0  startup_stm32f10x_hd.o(.text)
    DMA1_Channel4_IRQHandler                 0x08000233   Thumb Code     0  startup_stm32f10x_hd.o(.text)
    DMA1_Channel5_IRQHandler                 0x08000233   Thumb Code     0  startup_stm32f10x_hd.o(.text)
    DMA1_Channel6_IRQHandler                 0x08000233   Thumb Code     0  startup_stm32f10x_hd.o(.text)
    DMA1_Channel7_IRQHandler                 0x08000233   Thumb Code     0  startup_stm32f10x_hd.o(.text)
    DMA2_Channel1_IRQHandler                 0x08000233   Thumb Code     0  startup_stm32f10x_hd.o(.text)
    DMA2_Channel2_IRQHandler                 0x08000233   Thumb Code     0  startup_stm32f10x_hd.o(.text)
    DMA2_Channel3_IRQHandler                 0x08000233   Thumb Code     0  startup_stm32f10x_hd.o(.text)
    DMA2_Channel4_5_IRQHandler               0x08000233   Thumb Code     0  startup_stm32f10x_hd.o(.text)
    EXTI1_IRQHandler                         0x08000233   Thumb Code     0  startup_stm32f10x_hd.o(.text)
    FLASH_IRQHandler                         0x08000233   Thumb Code     0  startup_stm32f10x_hd.o(.text)
    FSMC_IRQHandler                          0x08000233   Thumb Code     0  startup_stm32f10x_hd.o(.text)
    I2C1_ER_IRQHandler                       0x08000233   Thumb Code     0  startup_stm32f10x_hd.o(.text)
    I2C1_EV_IRQHandler                       0x08000233   Thumb Code     0  startup_stm32f10x_hd.o(.text)
    I2C2_ER_IRQHandler                       0x08000233   Thumb Code     0  startup_stm32f10x_hd.o(.text)
    I2C2_EV_IRQHandler                       0x08000233   Thumb Code     0  startup_stm32f10x_hd.o(.text)
    PVD_IRQHandler                           0x08000233   Thumb Code     0  startup_stm32f10x_hd.o(.text)
    RCC_IRQHandler                           0x08000233   Thumb Code     0  startup_stm32f10x_hd.o(.text)
    RTCAlarm_IRQHandler                      0x08000233   Thumb Code     0  startup_stm32f10x_hd.o(.text)
    SDIO_IRQHandler                          0x08000233   Thumb Code     0  startup_stm32f10x_hd.o(.text)
    SPI1_IRQHandler                          0x08000233   Thumb Code     0  startup_stm32f10x_hd.o(.text)
    SPI2_IRQHandler                          0x08000233   Thumb Code     0  startup_stm32f10x_hd.o(.text)
    SPI3_IRQHandler                          0x08000233   Thumb Code     0  startup_stm32f10x_hd.o(.text)
    TAMPER_IRQHandler                        0x08000233   Thumb Code     0  startup_stm32f10x_hd.o(.text)
    TIM1_BRK_IRQHandler                      0x08000233   Thumb Code     0  startup_stm32f10x_hd.o(.text)
    TIM1_CC_IRQHandler                       0x08000233   Thumb Code     0  startup_stm32f10x_hd.o(.text)
    TIM1_TRG_COM_IRQHandler                  0x08000233   Thumb Code     0  startup_stm32f10x_hd.o(.text)
    TIM1_UP_IRQHandler                       0x08000233   Thumb Code     0  startup_stm32f10x_hd.o(.text)
    TIM7_IRQHandler                          0x08000233   Thumb Code     0  startup_stm32f10x_hd.o(.text)
    TIM8_BRK_IRQHandler                      0x08000233   Thumb Code     0  startup_stm32f10x_hd.o(.text)
    TIM8_CC_IRQHandler                       0x08000233   Thumb Code     0  startup_stm32f10x_hd.o(.text)
    TIM8_TRG_COM_IRQHandler                  0x08000233   Thumb Code     0  startup_stm32f10x_hd.o(.text)
    TIM8_UP_IRQHandler                       0x08000233   Thumb Code     0  startup_stm32f10x_hd.o(.text)
    UART4_IRQHandler                         0x08000233   Thumb Code     0  startup_stm32f10x_hd.o(.text)
    UART5_IRQHandler                         0x08000233   Thumb Code     0  startup_stm32f10x_hd.o(.text)
    USART3_IRQHandler                        0x08000233   Thumb Code     0  startup_stm32f10x_hd.o(.text)
    USBWakeUp_IRQHandler                     0x08000233   Thumb Code     0  startup_stm32f10x_hd.o(.text)
    USB_HP_CAN1_TX_IRQHandler                0x08000233   Thumb Code     0  startup_stm32f10x_hd.o(.text)
    USB_LP_CAN1_RX0_IRQHandler               0x08000233   Thumb Code     0  startup_stm32f10x_hd.o(.text)
    __user_initial_stackheap                 0x08000235   Thumb Code     0  startup_stm32f10x_hd.o(.text)
    Camera_refresh                           0x08000291   Thumb Code   344  test.o(.text)
    GAOSIControl                             0x080003e9   Thumb Code   342  test.o(.text)
    LAPLACEControl                           0x0800053f   Thumb Code   406  test.o(.text)
    ERODEControl                             0x080006d5   Thumb Code   194  test.o(.text)
    BINARYControl                            0x08000797   Thumb Code    60  test.o(.text)
    MATCHControl                             0x080007d3   Thumb Code   136  test.o(.text)
    Make_Points                              0x0800085b   Thumb Code    76  test.o(.text)
    main                                     0x080008a7   Thumb Code   426  test.o(.text)
    delay_init                               0x08000a95   Thumb Code    44  delay.o(.text)
    delay_us                                 0x08000ac1   Thumb Code    54  delay.o(.text)
    delay_ms                                 0x08000af7   Thumb Code    54  delay.o(.text)
    MY_NVIC_SetVectorTable                   0x08000b35   Thumb Code    12  sys.o(.text)
    MY_NVIC_PriorityGroupConfig              0x08000b41   Thumb Code    36  sys.o(.text)
    MY_NVIC_Init                             0x08000b65   Thumb Code   156  sys.o(.text)
    Ex_NVIC_Config                           0x08000c01   Thumb Code   144  sys.o(.text)
    MYRCC_DeInit                             0x08000c91   Thumb Code    90  sys.o(.text)
    Sys_Standby                              0x08000ceb   Thumb Code    68  sys.o(.text)
    Sys_Soft_Reset                           0x08000d2f   Thumb Code    12  sys.o(.text)
    JTAG_Set                                 0x08000d3b   Thumb Code    42  sys.o(.text)
    Stm32_Clock_Init                         0x08000d65   Thumb Code   130  sys.o(.text)
    USART1_IRQHandler                        0x08000e1d   Thumb Code   130  usart.o(.text)
    memcpy                                   0x08000e9f   Thumb Code    20  usart.o(.text)
    GetCRC                                   0x08000eb3   Thumb Code    46  usart.o(.text)
    COMFrmVrify                              0x08000ee1   Thumb Code    42  usart.o(.text)
    UartSendData                             0x08000f0b   Thumb Code    24  usart.o(.text)
    UartRecvDataHandle                       0x08000f23   Thumb Code   366  usart.o(.text)
    UartRecvHandle                           0x08001091   Thumb Code    36  usart.o(.text)
    uart_init                                0x080010b5   Thumb Code   218  usart.o(.text)
    KEY_Init                                 0x080011d1   Thumb Code    86  key.o(.text)
    KEY_Scan                                 0x08001227   Thumb Code   138  key.o(.text)
    EXTI2_IRQHandler                         0x080012d9   Thumb Code    40  exti.o(.text)
    EXTI3_IRQHandler                         0x08001301   Thumb Code    40  exti.o(.text)
    EXTI4_IRQHandler                         0x08001329   Thumb Code    58  exti.o(.text)
    EXTIX_Init                               0x08001363   Thumb Code    96  exti.o(.text)
    EXTI9_5_IRQHandler                       0x080013c3   Thumb Code    74  exti.o(.text)
    EXTI8_Init                               0x0800140d   Thumb Code    26  exti.o(.text)
    IWDG_Init                                0x08001455   Thumb Code    28  wdg.o(.text)
    IWDG_Feed                                0x08001471   Thumb Code    10  wdg.o(.text)
    WWDG_Init                                0x0800147b   Thumb Code   124  wdg.o(.text)
    WWDG_Set_Counter                         0x080014f7   Thumb Code    12  wdg.o(.text)
    WWDG_IRQHandler                          0x08001503   Thumb Code    36  wdg.o(.text)
    TIM3_IRQHandler                          0x0800153d   Thumb Code   110  timer.o(.text)
    TIM3_Int_Init                            0x080015ab   Thumb Code    74  timer.o(.text)
    TIM3_PWM_Init                            0x080015f5   Thumb Code   150  timer.o(.text)
    TIM5_Cap_Init                            0x0800168b   Thumb Code   176  timer.o(.text)
    TIM5_IRQHandler                          0x0800173b   Thumb Code   184  timer.o(.text)
    TIM4_PWM_Init                            0x080017f3   Thumb Code   124  timer.o(.text)
    TIM6_IRQHandler                          0x0800186f   Thumb Code    30  timer.o(.text)
    TIM6_Int_Init                            0x0800188d   Thumb Code    58  timer.o(.text)
    LCD_WR_REG                               0x08001909   Thumb Code     6  ili93xx.o(.text)
    LCD_WR_DATA                              0x0800190f   Thumb Code     8  ili93xx.o(.text)
    LCD_RD_DATA                              0x08001917   Thumb Code     8  ili93xx.o(.text)
    LCD_WriteReg                             0x0800191f   Thumb Code    10  ili93xx.o(.text)
    LCD_ReadReg                              0x08001929   Thumb Code    22  ili93xx.o(.text)
    LCD_WriteRAM_Prepare                     0x0800193f   Thumb Code    10  ili93xx.o(.text)
    LCD_WriteRAM                             0x08001949   Thumb Code     8  ili93xx.o(.text)
    LCD_BGR2RGB                              0x08001951   Thumb Code    26  ili93xx.o(.text)
    opt_delay                                0x0800196b   Thumb Code    14  ili93xx.o(.text)
    LCD_SetCursor                            0x08001979   Thumb Code   172  ili93xx.o(.text)
    LCD_ReadPoint                            0x08001a25   Thumb Code   272  ili93xx.o(.text)
    LCD_DisplayOn                            0x08001b35   Thumb Code    46  ili93xx.o(.text)
    LCD_DisplayOff                           0x08001b63   Thumb Code    44  ili93xx.o(.text)
    LCD_Scan_Dir                             0x08001b8f   Thumb Code   472  ili93xx.o(.text)
    LCD_DrawPoint                            0x08001d67   Thumb Code    28  ili93xx.o(.text)
    LCD_Fast_DrawPoint                       0x08001d83   Thumb Code   188  ili93xx.o(.text)
    LCD_Display_Dir                          0x08001e3f   Thumb Code   266  ili93xx.o(.text)
    LCD_Clear                                0x08001f49   Thumb Code   100  ili93xx.o(.text)
    LCD_Init                                 0x08001fad   Thumb Code  6314  ili93xx.o(.text)
    LCD_Fill                                 0x08003857   Thumb Code   178  ili93xx.o(.text)
    LCD_Color_Fill                           0x08003909   Thumb Code   100  ili93xx.o(.text)
    LCD_DrawLine                             0x0800396d   Thumb Code   176  ili93xx.o(.text)
    LCD_DrawRectangle                        0x08003a1d   Thumb Code    60  ili93xx.o(.text)
    Draw_Circle                              0x08003a59   Thumb Code   152  ili93xx.o(.text)
    LCD_ShowChar                             0x08003af1   Thumb Code   340  ili93xx.o(.text)
    LCD_Pow                                  0x08003c45   Thumb Code    22  ili93xx.o(.text)
    LCD_ShowNum                              0x08003c5b   Thumb Code   148  ili93xx.o(.text)
    LCD_ShowxNum                             0x08003cef   Thumb Code   218  ili93xx.o(.text)
    LCD_ShowString                           0x08003dc9   Thumb Code   102  ili93xx.o(.text)
    Sys_Enter_Standby                        0x08003e31   Thumb Code    20  wkup.o(.text)
    Check_WKUP                               0x08003e45   Thumb Code    72  wkup.o(.text)
    EXTI0_IRQHandler                         0x08003e8d   Thumb Code    20  wkup.o(.text)
    WKUP_Init                                0x08003ea1   Thumb Code    80  wkup.o(.text)
    Dac1_Init                                0x08003f05   Thumb Code   102  dac.o(.text)
    Dac1_Set_Vol                             0x08003f6b   Thumb Code    76  dac.o(.text)
    IIC_Init                                 0x08003fcd   Thumb Code    52  myiic.o(.text)
    IIC_Start                                0x08004001   Thumb Code    68  myiic.o(.text)
    IIC_Stop                                 0x08004045   Thumb Code    66  myiic.o(.text)
    IIC_Wait_Ack                             0x08004087   Thumb Code    82  myiic.o(.text)
    IIC_Ack                                  0x080040d9   Thumb Code    72  myiic.o(.text)
    IIC_NAck                                 0x08004121   Thumb Code    72  myiic.o(.text)
    IIC_Send_Byte                            0x08004169   Thumb Code    96  myiic.o(.text)
    IIC_Read_Byte                            0x080041c9   Thumb Code    98  myiic.o(.text)
    AT24CXX_Init                             0x08004245   Thumb Code     8  24cxx.o(.text)
    AT24CXX_ReadOneByte                      0x0800424d   Thumb Code    88  24cxx.o(.text)
    AT24CXX_WriteOneByte                     0x080042a5   Thumb Code    80  24cxx.o(.text)
    AT24CXX_WriteLenByte                     0x080042f5   Thumb Code    42  24cxx.o(.text)
    AT24CXX_ReadLenByte                      0x0800431f   Thumb Code    44  24cxx.o(.text)
    AT24CXX_Check                            0x0800434b   Thumb Code    46  24cxx.o(.text)
    AT24CXX_Read                             0x08004379   Thumb Code    34  24cxx.o(.text)
    AT24CXX_Write                            0x0800439b   Thumb Code    36  24cxx.o(.text)
    RTC_Get_Week                             0x080043c1   Thumb Code   114  rtc.o(.text)
    Is_Leap_Year                             0x08004433   Thumb Code    58  rtc.o(.text)
    RTC_Get                                  0x0800446d   Thumb Code   246  rtc.o(.text)
    RTC_Set                                  0x08004563   Thumb Code   254  rtc.o(.text)
    RTC_Init                                 0x08004661   Thumb Code   356  rtc.o(.text)
    RTC_IRQHandler                           0x080047c5   Thumb Code    80  rtc.o(.text)
    USART2_IRQHandler                        0x08004841   Thumb Code    46  rs485.o(.text)
    RS485_Init                               0x0800486f   Thumb Code   248  rs485.o(.text)
    RS485_Send_Data                          0x08004967   Thumb Code    68  rs485.o(.text)
    RS485_Receive_Data                       0x080049ab   Thumb Code    68  rs485.o(.text)
    Remote_Init                              0x08004a11   Thumb Code   182  remote.o(.text)
    TIM4_IRQHandler                          0x08004ac7   Thumb Code   386  remote.o(.text)
    Remote_Scan                              0x08004c49   Thumb Code    94  remote.o(.text)
    PS2_Set_Int                              0x08004cc9   Thumb Code    46  ps2.o(.text)
    PS2_Dis_Data_Report                      0x08004cf7   Thumb Code    38  ps2.o(.text)
    EXTI15_10_IRQHandler                     0x08004d1d   Thumb Code   400  ps2.o(.text)
    PS2_En_Data_Report                       0x08004ead   Thumb Code    62  ps2.o(.text)
    Wait_PS2_Scl                             0x08004eeb   Thumb Code    50  ps2.o(.text)
    PS2_Get_Byte                             0x08004f1d   Thumb Code    86  ps2.o(.text)
    PS2_Send_Cmd                             0x08004f73   Thumb Code   298  ps2.o(.text)
    PS2_Init                                 0x0800509d   Thumb Code   130  ps2.o(.text)
    STMFLASH_Unlock                          0x08005121   Thumb Code    12  stmflash.o(.text)
    STMFLASH_Lock                            0x0800512d   Thumb Code    14  stmflash.o(.text)
    STMFLASH_GetStatus                       0x0800513b   Thumb Code    38  stmflash.o(.text)
    STMFLASH_WaitDone                        0x08005161   Thumb Code    42  stmflash.o(.text)
    STMFLASH_ErasePage                       0x0800518b   Thumb Code    72  stmflash.o(.text)
    STMFLASH_WriteHalfWord                   0x080051d3   Thumb Code    58  stmflash.o(.text)
    STMFLASH_ReadHalfWord                    0x0800520d   Thumb Code     6  stmflash.o(.text)
    STMFLASH_Write_NoCheck                   0x08005213   Thumb Code    38  stmflash.o(.text)
    STMFLASH_Read                            0x08005239   Thumb Code    34  stmflash.o(.text)
    STMFLASH_Write                           0x0800525b   Thumb Code   222  stmflash.o(.text)
    Test_Write                               0x08005339   Thumb Code    16  stmflash.o(.text)
    RDA5820_WR_Reg                           0x0800535d   Thumb Code    56  rda5820.o(.text)
    RDA5820_RD_Reg                           0x08005395   Thumb Code    68  rda5820.o(.text)
    RDA5820_Init                             0x080053d9   Thumb Code   142  rda5820.o(.text)
    RDA5820_RX_Mode                          0x08005467   Thumb Code    26  rda5820.o(.text)
    RDA5820_TX_Mode                          0x08005481   Thumb Code    30  rda5820.o(.text)
    RDA5820_Rssi_Get                         0x0800549f   Thumb Code    14  rda5820.o(.text)
    RDA5820_Vol_Set                          0x080054ad   Thumb Code    34  rda5820.o(.text)
    RDA5820_Mute_Set                         0x080054cf   Thumb Code    34  rda5820.o(.text)
    RDA5820_Rssi_Set                         0x080054f1   Thumb Code    32  rda5820.o(.text)
    RDA5820_TxPAG_Set                        0x08005511   Thumb Code    30  rda5820.o(.text)
    RDA5820_TxPGA_Set                        0x0800552f   Thumb Code    32  rda5820.o(.text)
    RDA5820_Band_Set                         0x0800554f   Thumb Code    32  rda5820.o(.text)
    RDA5820_Space_Set                        0x0800556f   Thumb Code    30  rda5820.o(.text)
    RDA5820_Freq_Set                         0x0800558d   Thumb Code   154  rda5820.o(.text)
    RDA5820_Freq_Get                         0x08005627   Thumb Code    94  rda5820.o(.text)
    OV7670_Init                              0x08005685   Thumb Code   318  ov7670.o(.text)
    OV7670_Light_Mode                        0x080057c3   Thumb Code    92  ov7670.o(.text)
    OV7670_Color_Saturation                  0x0800581f   Thumb Code   122  ov7670.o(.text)
    OV7670_Brightness                        0x08005899   Thumb Code    50  ov7670.o(.text)
    OV7670_Contrast                          0x080058cb   Thumb Code    50  ov7670.o(.text)
    OV7670_Special_Effects                   0x080058fd   Thumb Code   106  ov7670.o(.text)
    OV7670_Window_Set                        0x08005967   Thumb Code   138  ov7670.o(.text)
    SCCB_Init                                0x08005a0d   Thumb Code   116  sccb.o(.text)
    SCCB_Start                               0x08005a81   Thumb Code    46  sccb.o(.text)
    SCCB_Stop                                0x08005aaf   Thumb Code    46  sccb.o(.text)
    SCCB_No_Ack                              0x08005add   Thumb Code    58  sccb.o(.text)
    SCCB_WR_Byte                             0x08005b17   Thumb Code   162  sccb.o(.text)
    SCCB_RD_Byte                             0x08005bb9   Thumb Code   110  sccb.o(.text)
    SCCB_WR_Reg                              0x08005c27   Thumb Code    62  sccb.o(.text)
    SCCB_RD_Reg                              0x08005c65   Thumb Code    78  sccb.o(.text)
    FSMC_SRAM_Init                           0x08005cd1   Thumb Code   316  sram.o(.text)
    FSMC_SRAM_WriteBuffer                    0x08005e0d   Thumb Code    24  sram.o(.text)
    FSMC_SRAM_ReadBuffer                     0x08005e25   Thumb Code    22  sram.o(.text)
    fsmc_sram_test_write                     0x08005e3b   Thumb Code    16  sram.o(.text)
    fsmc_sram_test_read                      0x08005e4b   Thumb Code    20  sram.o(.text)
    usmart_sys_cmd_exe                       0x08005e89   Thumb Code   124  usmart.o(.text)
    TIM2_IRQHandler                          0x08005f05   Thumb Code    38  usmart.o(.text)
    Timer2_Init                              0x08005f2b   Thumb Code    68  usmart.o(.text)
    usmart_init                              0x08005f6f   Thumb Code    36  usmart.o(.text)
    usmart_cmd_rec                           0x08005f93   Thumb Code   170  usmart.o(.text)
    usmart_exe                               0x0800603d   Thumb Code   388  usmart.o(.text)
    usmart_scan                              0x080061c1   Thumb Code     2  usmart.o(.text)
    read_addr                                0x080061c3   Thumb Code     6  usmart.o(.text)
    write_addr                               0x080061c9   Thumb Code     4  usmart.o(.text)
    usmart_strcmp                            0x080061d9   Thumb Code    34  usmart_str.o(.text)
    usmart_strcopy                           0x080061fb   Thumb Code    22  usmart_str.o(.text)
    usmart_strlen                            0x08006211   Thumb Code    24  usmart_str.o(.text)
    usmart_pow                               0x08006229   Thumb Code    22  usmart_str.o(.text)
    usmart_str2num                           0x0800623f   Thumb Code   202  usmart_str.o(.text)
    usmart_get_cmdname                       0x08006309   Thumb Code    54  usmart_str.o(.text)
    usmart_search_nextc                      0x0800633f   Thumb Code    22  usmart_str.o(.text)
    usmart_get_fname                         0x08006355   Thumb Code   440  usmart_str.o(.text)
    usmart_get_aparm                         0x0800650d   Thumb Code   188  usmart_str.o(.text)
    usmart_get_parmpos                       0x080065c9   Thumb Code    26  usmart_str.o(.text)
    usmart_get_fparam                        0x080065e3   Thumb Code   262  usmart_str.o(.text)
    __use_two_region_memory                  0x080066f5   Thumb Code     2  heapauxi.o(.text)
    __rt_heap_escrow$2region                 0x080066f7   Thumb Code     2  heapauxi.o(.text)
    __rt_heap_expand$2region                 0x080066f9   Thumb Code     2  heapauxi.o(.text)
    __user_libspace                          0x080066fd   Thumb Code     8  libspace.o(.text)
    __user_perproc_libspace                  0x080066fd   Thumb Code     0  libspace.o(.text)
    __user_perthread_libspace                0x080066fd   Thumb Code     0  libspace.o(.text)
    __user_setup_stackheap                   0x08006705   Thumb Code    74  sys_stackheap_outer.o(.text)
    exit                                     0x0800674f   Thumb Code    12  exit.o(.text)
    __rt_fp_status_addr                      0x0800675d   Thumb Code     8  rt_fp_status_addr_intlibspace.o(.text)
    _sys_exit                                0x08006765   Thumb Code     8  sys_exit.o(.text)
    __I$use$semihosting                      0x08006771   Thumb Code     0  use_no_semi.o(.text)
    __use_no_semihosting_swi                 0x08006771   Thumb Code     2  use_no_semi.o(.text)
    __semihosting_library_function           0x08006773   Thumb Code     0  indicate_semi.o(.text)
    __aeabi_d2f                              0x08006775   Thumb Code     0  d2f.o(x$fpl$d2f)
    _d2f                                     0x08006775   Thumb Code    98  d2f.o(x$fpl$d2f)
    __aeabi_ddiv                             0x080067d9   Thumb Code     0  ddiv.o(x$fpl$ddiv)
    _ddiv                                    0x080067d9   Thumb Code   552  ddiv.o(x$fpl$ddiv)
    __fpl_dnaninf                            0x08006a89   Thumb Code   156  dnaninf.o(x$fpl$dnaninf)
    __fpl_dretinf                            0x08006b25   Thumb Code    12  dretinf.o(x$fpl$dretinf)
    __aeabi_f2d                              0x08006b31   Thumb Code     0  f2d.o(x$fpl$f2d)
    _f2d                                     0x08006b31   Thumb Code    86  f2d.o(x$fpl$f2d)
    __aeabi_fadd                             0x08006b89   Thumb Code     0  faddsub_clz.o(x$fpl$fadd)
    _fadd                                    0x08006b89   Thumb Code   196  faddsub_clz.o(x$fpl$fadd)
    __aeabi_fdiv                             0x08006c4d   Thumb Code     0  fdiv.o(x$fpl$fdiv)
    _fdiv                                    0x08006c4d   Thumb Code   384  fdiv.o(x$fpl$fdiv)
    __aeabi_f2uiz                            0x08006dd1   Thumb Code     0  ffixu.o(x$fpl$ffixu)
    _ffixu                                   0x08006dd1   Thumb Code    62  ffixu.o(x$fpl$ffixu)
    __aeabi_ui2f                             0x08006e11   Thumb Code     0  fflt_clz.o(x$fpl$ffltu)
    _ffltu                                   0x08006e11   Thumb Code    38  fflt_clz.o(x$fpl$ffltu)
    __aeabi_fmul                             0x08006e39   Thumb Code     0  fmul.o(x$fpl$fmul)
    _fmul                                    0x08006e39   Thumb Code   258  fmul.o(x$fpl$fmul)
    __fpl_fnaninf                            0x08006f3b   Thumb Code   140  fnaninf.o(x$fpl$fnaninf)
    _fp_init                                 0x08006fc7   Thumb Code    14  fpinit.o(x$fpl$fpinit)
    __fplib_config_pureend_doubles           0x08006fd3   Thumb Code     0  fpinit.o(x$fpl$fpinit)
    __fpl_fretinf                            0x08006fd5   Thumb Code    10  fretinf.o(x$fpl$fretinf)
    __aeabi_frsub                            0x08006fdf   Thumb Code     0  faddsub_clz.o(x$fpl$frsb)
    _frsb                                    0x08006fdf   Thumb Code    20  faddsub_clz.o(x$fpl$frsb)
    __aeabi_fsub                             0x08006ff5   Thumb Code     0  faddsub_clz.o(x$fpl$fsub)
    _fsub                                    0x08006ff5   Thumb Code   234  faddsub_clz.o(x$fpl$fsub)
    CRCHi                                    0x080070de   Data         256  usart.o(.constdata)
    __I$use$fp                               0x080070df   Thumb Code     0  usenofp.o(x$fpl$usenofp)
    CRCLo                                    0x080071de   Data         256  usart.o(.constdata)
    asc2_1206                                0x080072de   Data        1140  ili93xx.o(.constdata)
    asc2_1608                                0x08007752   Data        1520  ili93xx.o(.constdata)
    table_week                               0x08007d42   Data          12  rtc.o(.constdata)
    mon_table                                0x08007d4e   Data          12  rtc.o(.constdata)
    ov7670_init_reg_tbl                      0x08007d5a   Data         230  ov7670.o(.constdata)
    Region$$Table$$Base                      0x080080e8   Number         0  anon$$obj.o(Region$$Table)
    Region$$Table$$Limit                     0x08008108   Number         0  anon$$obj.o(Region$$Table)
    LMODE_TBL                                0x20000000   Data          20  test.o(.data)
    EFFECTS_TBL                              0x20000014   Data          28  test.o(.data)
    lightmode                                0x20000030   Data           1  test.o(.data)
    saturation                               0x20000031   Data           1  test.o(.data)
    brightness                               0x20000032   Data           1  test.o(.data)
    contrast                                 0x20000033   Data           1  test.o(.data)
    effect                                   0x20000034   Data           1  test.o(.data)
    image_data_packet_desc                   0x20000038   Data        1052  test.o(.data)
    cass_mv_binary_threshold                 0x20000454   Data           1  test.o(.data)
    cass_mv_boarder_width                    0x200004a0   Data           2  test.o(.data)
    cass_mv_boarder_height                   0x200004a2   Data           2  test.o(.data)
    cass_mv_feature_point_number             0x200004a4   Data           2  test.o(.data)
    startx                                   0x200004a6   Data           2  test.o(.data)
    endx                                     0x200004a8   Data           2  test.o(.data)
    starty                                   0x200004aa   Data           2  test.o(.data)
    endy                                     0x200004ac   Data           2  test.o(.data)
    cass_mv_gussian_length                   0x200004ae   Data           1  test.o(.data)
    cass_mv_laplace_length                   0x200004af   Data           1  test.o(.data)
    cass_mv_match_percent                    0x200004b0   Data           1  test.o(.data)
    cass_mv_erode_strenth                    0x200004b1   Data           1  test.o(.data)
    ComDelayCount                            0x200004b8   Data           1  usart.o(.data)
    pComInBuf                                0x200004bc   Data           4  usart.o(.data)
    pComOutBuf                               0x200004c0   Data           4  usart.o(.data)
    ComInDataLen                             0x200004c4   Data           2  usart.o(.data)
    ComOutDataLen                            0x200004c8   Data           4  usart.o(.data)
    ComOutDataPos                            0x200004cc   Data           4  usart.o(.data)
    ov_sta                                   0x200004d1   Data           1  exti.o(.data)
    WWDG_CNT                                 0x200004d2   Data           1  wdg.o(.data)
    ComInDataOk                              0x200004d4   Data           1  timer.o(.data)
    timer_1ms_flag                           0x200004d5   Data           1  timer.o(.data)
    timer_10ms_flag                          0x200004d6   Data           1  timer.o(.data)
    timer_100ms_flag                         0x200004d7   Data           1  timer.o(.data)
    TIM5CH1_CAPTURE_STA                      0x200004d8   Data           1  timer.o(.data)
    TIM5CH1_CAPTURE_VAL                      0x200004da   Data           2  timer.o(.data)
    ov_frame                                 0x200004dc   Data           1  timer.o(.data)
    POINT_COLOR                              0x200004de   Data           2  ili93xx.o(.data)
    BACK_COLOR                               0x200004e0   Data           2  ili93xx.o(.data)
    RS485_RX_CNT                             0x200004e4   Data           1  rs485.o(.data)
    RmtSta                                   0x200004e8   Data           1  remote.o(.data)
    RmtRec                                   0x200004ec   Data           4  remote.o(.data)
    RmtCnt                                   0x200004f0   Data           1  remote.o(.data)
    Dval                                     0x200004f2   Data           2  remote.o(.data)
    PS2_Status                               0x200004f4   Data           1  ps2.o(.data)
    BIT_Count                                0x200004f5   Data           1  ps2.o(.data)
    MOUSE_ID                                 0x200004f8   Data           1  mouse.o(.data)
    MouseX                                   0x200004fa   Data           8  mouse.o(.data)
    sys_cmd_tab                              0x20000504   Data          24  usmart.o(.data)
    usmart_nametab                           0x2000051c   Data         136  usmart_config.o(.data)
    usmart_dev                               0x200005a4   Data         236  usmart_config.o(.data)
    CassMem                                  0x20000690   Data        4096  test.o(.bss)
    ComInBuf                                 0x20001690   Data          64  usart.o(.bss)
    lcddev                                   0x200016d0   Data          10  ili93xx.o(.bss)
    calendar                                 0x200016da   Data          10  rtc.o(.bss)
    RS485_RX_BUF                             0x200016e4   Data          64  rs485.o(.bss)
    PS2_DATA_BUF                             0x20001724   Data          16  ps2.o(.bss)
    STMFLASH_BUF                             0x20001734   Data        2048  stmflash.o(.bss)
    __libspace_start                         0x20001f34   Data          96  libspace.o(.bss)
    __temporary_stack_top$libspace           0x20001f94   Data           0  libspace.o(.bss)
    mem2base                                 0x68000000   Data       163840  malloc.o(.ARM.__AT_0x68000000)
    mem2mapbase                              0x68028000   Data       10240  malloc.o(.ARM.__AT_0x68028000)
    raw_data                                 0x68050000   Data       76800  malloc.o(.ARM.__AT_0x68050000)
    out_data                                 0x680a0000   Data       76800  malloc.o(.ARM.__AT_0x680A0000)
    ComOutBuf                                0x680f0000   Data       76806  malloc.o(.ARM.__AT_0x680F0000)



==============================================================================

Memory Map of the image

  Image Entry point : 0x08000131

  Load Region LR_IROM1 (Base: 0x08000000, Size: 0x00008798, Max: 0x00040000, ABSOLUTE, COMPRESSED[0x00008210])

    Execution Region ER_IROM1 (Base: 0x08000000, Size: 0x00008108, Max: 0x00040000, ABSOLUTE)

    Base Addr    Size         Type   Attr      Idx    E Section Name        Object

    0x08000000   0x00000130   Data   RO            3    RESET               startup_stm32f10x_hd.o
    0x08000130   0x00000008   Code   RO         1011  * !!!main             c_w.l(__main.o)
    0x08000138   0x00000034   Code   RO         1282    !!!scatter          c_w.l(__scatter.o)
    0x0800016c   0x0000005a   Code   RO         1280    !!dczerorl2         c_w.l(__dczerorl2.o)
    0x080001c6   0x00000002   PAD
    0x080001c8   0x0000001c   Code   RO         1284    !!handler_zi        c_w.l(__scatter_zi.o)
    0x080001e4   0x00000006   Code   RO         1149    .ARM.Collect$$libinit$$00000000  c_w.l(libinit.o)
    0x080001ea   0x00000000   Code   RO         1156    .ARM.Collect$$libinit$$00000006  c_w.l(libinit2.o)
    0x080001ea   0x00000000   Code   RO         1158    .ARM.Collect$$libinit$$00000008  c_w.l(libinit2.o)
    0x080001ea   0x00000000   Code   RO         1160    .ARM.Collect$$libinit$$0000000A  c_w.l(libinit2.o)
    0x080001ea   0x00000000   Code   RO         1163    .ARM.Collect$$libinit$$0000000D  c_w.l(libinit2.o)
    0x080001ea   0x00000000   Code   RO         1165    .ARM.Collect$$libinit$$0000000F  c_w.l(libinit2.o)
    0x080001ea   0x00000000   Code   RO         1167    .ARM.Collect$$libinit$$00000011  c_w.l(libinit2.o)
    0x080001ea   0x00000000   Code   RO         1169    .ARM.Collect$$libinit$$00000013  c_w.l(libinit2.o)
    0x080001ea   0x00000000   Code   RO         1171    .ARM.Collect$$libinit$$00000015  c_w.l(libinit2.o)
    0x080001ea   0x00000000   Code   RO         1173    .ARM.Collect$$libinit$$00000017  c_w.l(libinit2.o)
    0x080001ea   0x00000000   Code   RO         1175    .ARM.Collect$$libinit$$00000019  c_w.l(libinit2.o)
    0x080001ea   0x00000000   Code   RO         1177    .ARM.Collect$$libinit$$0000001B  c_w.l(libinit2.o)
    0x080001ea   0x00000000   Code   RO         1179    .ARM.Collect$$libinit$$0000001D  c_w.l(libinit2.o)
    0x080001ea   0x00000000   Code   RO         1181    .ARM.Collect$$libinit$$0000001F  c_w.l(libinit2.o)
    0x080001ea   0x00000000   Code   RO         1183    .ARM.Collect$$libinit$$00000021  c_w.l(libinit2.o)
    0x080001ea   0x00000000   Code   RO         1187    .ARM.Collect$$libinit$$00000028  c_w.l(libinit2.o)
    0x080001ea   0x00000000   Code   RO         1189    .ARM.Collect$$libinit$$0000002A  c_w.l(libinit2.o)
    0x080001ea   0x00000000   Code   RO         1191    .ARM.Collect$$libinit$$0000002C  c_w.l(libinit2.o)
    0x080001ea   0x00000000   Code   RO         1193    .ARM.Collect$$libinit$$0000002E  c_w.l(libinit2.o)
    0x080001ea   0x00000002   Code   RO         1194    .ARM.Collect$$libinit$$0000002F  c_w.l(libinit2.o)
    0x080001ec   0x00000002   Code   RO         1221    .ARM.Collect$$libshutdown$$00000000  c_w.l(libshutdown.o)
    0x080001ee   0x00000000   Code   RO         1235    .ARM.Collect$$libshutdown$$00000003  c_w.l(libshutdown2.o)
    0x080001ee   0x00000000   Code   RO         1238    .ARM.Collect$$libshutdown$$00000006  c_w.l(libshutdown2.o)
    0x080001ee   0x00000000   Code   RO         1241    .ARM.Collect$$libshutdown$$00000009  c_w.l(libshutdown2.o)
    0x080001ee   0x00000000   Code   RO         1243    .ARM.Collect$$libshutdown$$0000000B  c_w.l(libshutdown2.o)
    0x080001ee   0x00000000   Code   RO         1246    .ARM.Collect$$libshutdown$$0000000E  c_w.l(libshutdown2.o)
    0x080001ee   0x00000002   Code   RO         1247    .ARM.Collect$$libshutdown$$0000000F  c_w.l(libshutdown2.o)
    0x080001f0   0x00000000   Code   RO         1085    .ARM.Collect$$rtentry$$00000000  c_w.l(rtentry.o)
    0x080001f0   0x00000000   Code   RO         1116    .ARM.Collect$$rtentry$$00000002  c_w.l(rtentry2.o)
    0x080001f0   0x00000006   Code   RO         1128    .ARM.Collect$$rtentry$$00000004  c_w.l(rtentry4.o)
    0x080001f6   0x00000000   Code   RO         1118    .ARM.Collect$$rtentry$$00000009  c_w.l(rtentry2.o)
    0x080001f6   0x00000004   Code   RO         1119    .ARM.Collect$$rtentry$$0000000A  c_w.l(rtentry2.o)
    0x080001fa   0x00000000   Code   RO         1121    .ARM.Collect$$rtentry$$0000000C  c_w.l(rtentry2.o)
    0x080001fa   0x00000008   Code   RO         1122    .ARM.Collect$$rtentry$$0000000D  c_w.l(rtentry2.o)
    0x08000202   0x00000002   Code   RO         1152    .ARM.Collect$$rtexit$$00000000  c_w.l(rtexit.o)
    0x08000204   0x00000000   Code   RO         1200    .ARM.Collect$$rtexit$$00000002  c_w.l(rtexit2.o)
    0x08000204   0x00000004   Code   RO         1201    .ARM.Collect$$rtexit$$00000003  c_w.l(rtexit2.o)
    0x08000208   0x00000006   Code   RO         1202    .ARM.Collect$$rtexit$$00000004  c_w.l(rtexit2.o)
    0x0800020e   0x00000002   PAD
    0x08000210   0x0000000c   Code   RO          270    .emb_text           sys.o
    0x0800021c   0x00000038   Code   RO            4    .text               startup_stm32f10x_hd.o
    0x08000254   0x00000840   Code   RO           10    .text               test.o
    0x08000a94   0x000000a0   Code   RO          235    .text               delay.o
    0x08000b34   0x000002e8   Code   RO          271    .text               sys.o
    0x08000e1c   0x000003b4   Code   RO          286    .text               usart.o
    0x080011d0   0x00000108   Code   RO          334    .text               key.o
    0x080012d8   0x0000017c   Code   RO          350    .text               exti.o
    0x08001454   0x000000e8   Code   RO          378    .text               wdg.o
    0x0800153c   0x000003cc   Code   RO          396    .text               timer.o
    0x08001908   0x00002526   Code   RO          455    .text               ili93xx.o
    0x08003e2e   0x00000002   PAD
    0x08003e30   0x000000d4   Code   RO          478    .text               wkup.o
    0x08003f04   0x000000c8   Code   RO          508    .text               dac.o
    0x08003fcc   0x00000278   Code   RO          541    .text               myiic.o
    0x08004244   0x0000017a   Code   RO          556    .text               24cxx.o
    0x080043be   0x00000002   PAD
    0x080043c0   0x00000480   Code   RO          571    .text               rtc.o
    0x08004840   0x000001d0   Code   RO          625    .text               rs485.o
    0x08004a10   0x000002b8   Code   RO          682    .text               remote.o
    0x08004cc8   0x00000456   Code   RO          778    .text               ps2.o
    0x0800511e   0x00000002   PAD
    0x08005120   0x0000023c   Code   RO          820    .text               stmflash.o
    0x0800535c   0x00000328   Code   RO          838    .text               rda5820.o
    0x08005684   0x00000388   Code   RO          868    .text               ov7670.o
    0x08005a0c   0x000002c4   Code   RO          886    .text               sccb.o
    0x08005cd0   0x000001b8   Code   RO          898    .text               sram.o
    0x08005e88   0x00000350   Code   RO          913    .text               usmart.o
    0x080061d8   0x0000051c   Code   RO          970    .text               usmart_str.o
    0x080066f4   0x00000006   Code   RO         1009    .text               c_w.l(heapauxi.o)
    0x080066fa   0x00000002   PAD
    0x080066fc   0x00000008   Code   RO         1137    .text               c_w.l(libspace.o)
    0x08006704   0x0000004a   Code   RO         1140    .text               c_w.l(sys_stackheap_outer.o)
    0x0800674e   0x0000000c   Code   RO         1142    .text               c_w.l(exit.o)
    0x0800675a   0x00000002   PAD
    0x0800675c   0x00000008   Code   RO         1209    .text               c_w.l(rt_fp_status_addr_intlibspace.o)
    0x08006764   0x0000000c   Code   RO         1213    .text               c_w.l(sys_exit.o)
    0x08006770   0x00000002   Code   RO         1224    .text               c_w.l(use_no_semi.o)
    0x08006772   0x00000000   Code   RO         1226    .text               c_w.l(indicate_semi.o)
    0x08006772   0x00000002   PAD
    0x08006774   0x00000062   Code   RO         1013    x$fpl$d2f           fz_ws.l(d2f.o)
    0x080067d6   0x00000002   PAD
    0x080067d8   0x000002b0   Code   RO         1016    x$fpl$ddiv          fz_ws.l(ddiv.o)
    0x08006a88   0x0000009c   Code   RO         1096    x$fpl$dnaninf       fz_ws.l(dnaninf.o)
    0x08006b24   0x0000000c   Code   RO         1098    x$fpl$dretinf       fz_ws.l(dretinf.o)
    0x08006b30   0x00000056   Code   RO         1039    x$fpl$f2d           fz_ws.l(f2d.o)
    0x08006b86   0x00000002   PAD
    0x08006b88   0x000000c4   Code   RO         1041    x$fpl$fadd          fz_ws.l(faddsub_clz.o)
    0x08006c4c   0x00000184   Code   RO         1048    x$fpl$fdiv          fz_ws.l(fdiv.o)
    0x08006dd0   0x0000003e   Code   RO         1055    x$fpl$ffixu         fz_ws.l(ffixu.o)
    0x08006e0e   0x00000002   PAD
    0x08006e10   0x00000026   Code   RO         1059    x$fpl$ffltu         fz_ws.l(fflt_clz.o)
    0x08006e36   0x00000002   PAD
    0x08006e38   0x00000102   Code   RO         1065    x$fpl$fmul          fz_ws.l(fmul.o)
    0x08006f3a   0x0000008c   Code   RO         1102    x$fpl$fnaninf       fz_ws.l(fnaninf.o)
    0x08006fc6   0x0000000e   Code   RO         1195    x$fpl$fpinit        fz_ws.l(fpinit.o)
    0x08006fd4   0x0000000a   Code   RO         1104    x$fpl$fretinf       fz_ws.l(fretinf.o)
    0x08006fde   0x00000014   Code   RO         1042    x$fpl$frsb          fz_ws.l(faddsub_clz.o)
    0x08006ff2   0x00000002   PAD
    0x08006ff4   0x000000ea   Code   RO         1043    x$fpl$fsub          fz_ws.l(faddsub_clz.o)
    0x080070de   0x00000000   Code   RO         1108    x$fpl$usenofp       fz_ws.l(usenofp.o)
    0x080070de   0x00000200   Data   RO          288    .constdata          usart.o
    0x080072de   0x00000a64   Data   RO          457    .constdata          ili93xx.o
    0x08007d42   0x00000018   Data   RO          573    .constdata          rtc.o
    0x08007d5a   0x000000e6   Data   RO          869    .constdata          ov7670.o
    0x08007e40   0x00000051   Data   RO           12    .conststring        test.o
    0x08007e91   0x00000017   Data   RO          914    .conststring        usmart.o
    0x08007ea8   0x0000023f   Data   RO          949    .conststring        usmart_config.o
    0x080080e7   0x00000001   PAD
    0x080080e8   0x00000020   Data   RO         1278    Region$$Table       anon$$obj.o


    Execution Region RW_IRAM1 (Base: 0x20000000, Size: 0x00002598, Max: 0x0000c000, ABSOLUTE, COMPRESSED[0x00000108])

    Base Addr    Size         Type   Attr      Idx    E Section Name        Object

    0x20000000   0x000004b2   Data   RW           13    .data               test.o
    0x200004b2   0x00000004   Data   RW          236    .data               delay.o
    0x200004b6   0x00000002   PAD
    0x200004b8   0x00000018   Data   RW          289    .data               usart.o
    0x200004d0   0x00000001   Data   RW          335    .data               key.o
    0x200004d1   0x00000001   Data   RW          351    .data               exti.o
    0x200004d2   0x00000001   Data   RW          379    .data               wdg.o
    0x200004d3   0x00000001   PAD
    0x200004d4   0x00000009   Data   RW          397    .data               timer.o
    0x200004dd   0x00000001   PAD
    0x200004de   0x00000004   Data   RW          458    .data               ili93xx.o
    0x200004e2   0x00000002   Data   RW          574    .data               rtc.o
    0x200004e4   0x00000001   Data   RW          627    .data               rs485.o
    0x200004e5   0x00000003   PAD
    0x200004e8   0x0000000c   Data   RW          683    .data               remote.o
    0x200004f4   0x00000004   Data   RW          780    .data               ps2.o
    0x200004f8   0x0000000a   Data   RW          799    .data               mouse.o
    0x20000502   0x00000002   PAD
    0x20000504   0x00000018   Data   RW          915    .data               usmart.o
    0x2000051c   0x00000174   Data   RW          950    .data               usmart_config.o
    0x20000690   0x00001000   Zero   RW           11    .bss                test.o
    0x20001690   0x00000040   Zero   RW          287    .bss                usart.o
    0x200016d0   0x0000000a   Zero   RW          456    .bss                ili93xx.o
    0x200016da   0x0000000a   Zero   RW          572    .bss                rtc.o
    0x200016e4   0x00000040   Zero   RW          626    .bss                rs485.o
    0x20001724   0x00000010   Zero   RW          779    .bss                ps2.o
    0x20001734   0x00000800   Zero   RW          821    .bss                stmflash.o
    0x20001f34   0x00000060   Zero   RW         1138    .bss                c_w.l(libspace.o)
    0x20001f94   0x00000004   PAD
    0x20001f98   0x00000200   Zero   RW            2    HEAP                startup_stm32f10x_hd.o
    0x20002198   0x00000400   Zero   RW            1    STACK               startup_stm32f10x_hd.o



  Load Region LR$$.ARM.__AT_0x68000000 (Base: 0x68000000, Size: 0x00000000, Max: 0x00028000, ABSOLUTE)

    Execution Region ER$$.ARM.__AT_0x68000000 (Base: 0x68000000, Size: 0x00028000, Max: 0x00028000, ABSOLUTE, UNINIT)

    Base Addr    Size         Type   Attr      Idx    E Section Name        Object

    0x68000000   0x00028000   Zero   RW          983    .ARM.__AT_0x68000000  malloc.o



  Load Region LR$$.ARM.__AT_0x68028000 (Base: 0x68028000, Size: 0x00000000, Max: 0x00002800, ABSOLUTE)

    Execution Region ER$$.ARM.__AT_0x68028000 (Base: 0x68028000, Size: 0x00002800, Max: 0x00002800, ABSOLUTE, UNINIT)

    Base Addr    Size         Type   Attr      Idx    E Section Name        Object

    0x68028000   0x00002800   Zero   RW          984    .ARM.__AT_0x68028000  malloc.o



  Load Region LR$$.ARM.__AT_0x68050000 (Base: 0x68050000, Size: 0x00000000, Max: 0x00012c00, ABSOLUTE)

    Execution Region ER$$.ARM.__AT_0x68050000 (Base: 0x68050000, Size: 0x00012c00, Max: 0x00012c00, ABSOLUTE, UNINIT)

    Base Addr    Size         Type   Attr      Idx    E Section Name        Object

    0x68050000   0x00012c00   Zero   RW          985    .ARM.__AT_0x68050000  malloc.o



  Load Region LR$$.ARM.__AT_0x680A0000 (Base: 0x680a0000, Size: 0x00000000, Max: 0x00012c00, ABSOLUTE)

    Execution Region ER$$.ARM.__AT_0x680A0000 (Base: 0x680a0000, Size: 0x00012c00, Max: 0x00012c00, ABSOLUTE, UNINIT)

    Base Addr    Size         Type   Attr      Idx    E Section Name        Object

    0x680a0000   0x00012c00   Zero   RW          986    .ARM.__AT_0x680A0000  malloc.o



  Load Region LR$$.ARM.__AT_0x680F0000 (Base: 0x680f0000, Size: 0x00000000, Max: 0x00012c08, ABSOLUTE)

    Execution Region ER$$.ARM.__AT_0x680F0000 (Base: 0x680f0000, Size: 0x00012c08, Max: 0x00012c08, ABSOLUTE, UNINIT)

    Base Addr    Size         Type   Attr      Idx    E Section Name        Object

    0x680f0000   0x00012c06   Zero   RW          987    .ARM.__AT_0x680F0000  malloc.o


==============================================================================

Image component sizes


      Code (inc. data)   RO Data    RW Data    ZI Data      Debug   Object Name

       378          0          0          0          0       2754   24cxx.o
       200         22          0          0          0        701   dac.o
       160          8          0          4          0       2171   delay.o
       380         46          0          1          0       1403   exti.o
      9510        124       2660          4         10      16548   ili93xx.o
       264         40          0          1          0        812   key.o
         0          0          0          0     404486       1701   malloc.o
         0          0          0         10          0        966   mouse.o
       632         26          0          0          0       1848   myiic.o
       904         36        230          0          0       3041   ov7670.o
      1110         58          0          4         16       2934   ps2.o
       808          0          0          0          0       3801   rda5820.o
       696         34          0         12          0       1394   remote.o
       464         34          0          1         64       2118   rs485.o
      1152         44         24          2         10       3556   rtc.o
       708         30          0          0          0       2019   sccb.o
       440         42          0          0          0       1829   sram.o
        56         22        304          0       1536        784   startup_stm32f10x_hd.o
       572         20          0          0       2048       3887   stmflash.o
       756         54          0          0          0       2847   sys.o
      2112        136         81       1202       4096      19743   test.o
       972         66          0          9          0       2611   timer.o
       948         66        512         24         64       3725   usart.o
       848         32         23         24          0       3634   usmart.o
         0          0        575        372          0       1696   usmart_config.o
      1308         12          0          0          0       5165   usmart_str.o
       232         22          0          1          0       1428   wdg.o
       212         20          0          0          0        978   wkup.o

    ----------------------------------------------------------------------
     25828        994       4442       1680     412332      96094   Object Totals
         0          0         32          0          0          0   (incl. Generated)
         6          0          1          9          2          0   (incl. Padding)

    ----------------------------------------------------------------------

      Code (inc. data)   RO Data    RW Data    ZI Data      Debug   Library Member Name

        90          0          0          0          0          0   __dczerorl2.o
         8          0          0          0          0         68   __main.o
        52          8          0          0          0          0   __scatter.o
        28          0          0          0          0          0   __scatter_zi.o
        12          0          0          0          0         72   exit.o
         6          0          0          0          0        152   heapauxi.o
         0          0          0          0          0          0   indicate_semi.o
         6          0          0          0          0          0   libinit.o
         2          0          0          0          0          0   libinit2.o
         2          0          0          0          0          0   libshutdown.o
         2          0          0          0          0          0   libshutdown2.o
         8          4          0          0         96         68   libspace.o
         8          4          0          0          0         68   rt_fp_status_addr_intlibspace.o
         0          0          0          0          0          0   rtentry.o
        12          0          0          0          0          0   rtentry2.o
         6          0          0          0          0          0   rtentry4.o
         2          0          0          0          0          0   rtexit.o
        10          0          0          0          0          0   rtexit2.o
        12          4          0          0          0         68   sys_exit.o
        74          0          0          0          0         80   sys_stackheap_outer.o
         2          0          0          0          0         68   use_no_semi.o
        98          4          0          0          0         92   d2f.o
       688        140          0          0          0        212   ddiv.o
       156          4          0          0          0         92   dnaninf.o
        12          0          0          0          0         68   dretinf.o
        86          4          0          0          0         84   f2d.o
       450          8          0          0          0        236   faddsub_clz.o
       388         76          0          0          0         96   fdiv.o
        62          4          0          0          0         84   ffixu.o
        38          0          0          0          0         68   fflt_clz.o
       258          4          0          0          0         84   fmul.o
       140          4          0          0          0         84   fnaninf.o
        14          0          0          0          0         76   fpinit.o
        10          0          0          0          0         68   fretinf.o
         0          0          0          0          0          0   usenofp.o

    ----------------------------------------------------------------------
      2762        268          0          0        100       1988   Library Totals
        20          0          0          0          4          0   (incl. Padding)

    ----------------------------------------------------------------------

      Code (inc. data)   RO Data    RW Data    ZI Data      Debug   Library Name

       342         20          0          0         96        644   c_w.l
      2400        248          0          0          0       1344   fz_ws.l

    ----------------------------------------------------------------------
      2762        268          0          0        100       1988   Library Totals

    ----------------------------------------------------------------------

==============================================================================


      Code (inc. data)   RO Data    RW Data    ZI Data      Debug   

     28590       1262       4442       1680     412432      94494   Grand Totals
     28590       1262       4442        264     412432      94494   ELF Image Totals (compressed)
     28590       1262       4442        264          0          0   ROM Totals

==============================================================================

    Total RO  Size (Code + RO Data)                33032 (  32.26kB)
    Total RW  Size (RW Data + ZI Data)            414112 ( 404.41kB)
    Total ROM Size (Code + RO Data + RW Data)      33296 (  32.52kB)

==============================================================================

