ARM Linker, 4.1 [Build 894] [Standard]

==============================================================================

Section Cross References

    startup_stm32f10x_hd.o(STACK) refers (Special) to heapauxi.o(.text) for __use_two_region_memory
    startup_stm32f10x_hd.o(HEAP) refers (Special) to heapauxi.o(.text) for __use_two_region_memory
    startup_stm32f10x_hd.o(RESET) refers (Special) to heapauxi.o(.text) for __use_two_region_memory
    startup_stm32f10x_hd.o(RESET) refers to startup_stm32f10x_hd.o(STACK) for __initial_sp
    startup_stm32f10x_hd.o(RESET) refers to startup_stm32f10x_hd.o(.text) for Reset_Handler
    startup_stm32f10x_hd.o(RESET) refers to wdg.o(.text) for WWDG_IRQHandler
    startup_stm32f10x_hd.o(RESET) refers to rtc.o(.text) for RTC_IRQHandler
    startup_stm32f10x_hd.o(RESET) refers to wkup.o(.text) for EXTI0_IRQHandler
    startup_stm32f10x_hd.o(RESET) refers to exti.o(.text) for EXTI2_IRQHandler
    startup_stm32f10x_hd.o(RESET) refers to usmart.o(.text) for TIM2_IRQHandler
    startup_stm32f10x_hd.o(RESET) refers to timer.o(.text) for TIM3_IRQHandler
    startup_stm32f10x_hd.o(RESET) refers to remote.o(.text) for TIM4_IRQHandler
    startup_stm32f10x_hd.o(RESET) refers to usart.o(.text) for USART1_IRQHandler
    startup_stm32f10x_hd.o(RESET) refers to rs485.o(.text) for USART2_IRQHandler
    startup_stm32f10x_hd.o(RESET) refers to ps2.o(.text) for EXTI15_10_IRQHandler
    startup_stm32f10x_hd.o(.text) refers (Special) to heapauxi.o(.text) for __use_two_region_memory
    startup_stm32f10x_hd.o(.text) refers to __main.o(!!!main) for __main
    startup_stm32f10x_hd.o(.text) refers to startup_stm32f10x_hd.o(HEAP) for Heap_Mem
    startup_stm32f10x_hd.o(.text) refers to startup_stm32f10x_hd.o(STACK) for Stack_Mem
    test.o(.text) refers to rt_memcpy_v6.o(.text) for __aeabi_memcpy
    test.o(.text) refers to test.o(.data) for image_data_packet_desc
    test.o(.text) refers to cass_mv_main.o(.data) for cass_mv_boarder_topbound
    test.o(.text) refers to exti.o(.data) for ov_sta
    test.o(.text) refers to malloc.o(.ARM.__AT_0x68050000) for raw_data
    test.o(.text) refers to timer.o(.data) for ov_frame
    test.o(.text) refers to malloc.o(.ARM.__AT_0x680A0000) for out_data
    test.o(.text) refers to fflt_clz.o(x$fpl$fflt) for __aeabi_i2f
    test.o(.text) refers to f2d.o(x$fpl$f2d) for __aeabi_f2d
    test.o(.text) refers to sqrt.o(i.sqrt) for sqrt
    test.o(.text) refers to dfix.o(x$fpl$dfix) for __aeabi_d2iz
    test.o(.text) refers to rt_memclr_w.o(.text) for __aeabi_memclr4
    test.o(.text) refers to faddsub_clz.o(x$fpl$fadd) for __aeabi_fadd
    test.o(.text) refers to fdiv.o(x$fpl$fdiv) for __aeabi_fdiv
    test.o(.text) refers to fflt_clz.o(x$fpl$ffltu) for __aeabi_ui2f
    test.o(.text) refers to fmul.o(x$fpl$fmul) for __aeabi_fmul
    test.o(.text) refers to ffixu.o(x$fpl$ffixu) for __aeabi_f2uiz
    test.o(.text) refers to dflt_clz.o(x$fpl$dflt) for __aeabi_i2d
    test.o(.text) refers to ddiv.o(x$fpl$ddiv) for __aeabi_ddiv
    test.o(.text) refers to d2f.o(x$fpl$d2f) for __aeabi_d2f
    test.o(.text) refers to dflt_clz.o(x$fpl$dfltu) for __aeabi_ui2d
    test.o(.text) refers to dleqf.o(x$fpl$dleqf) for __aeabi_cdcmple
    test.o(.text) refers to faddsub_clz.o(x$fpl$fsub) for __aeabi_fsub
    test.o(.text) refers to pow.o(i.pow) for pow
    test.o(.text) refers to dmul.o(x$fpl$dmul) for __aeabi_dmul
    test.o(.text) refers to daddsub_clz.o(x$fpl$dadd) for __aeabi_dadd
    test.o(.text) refers to frleqf.o(x$fpl$frleqf) for __aeabi_cfrcmple
    test.o(.text) refers to fleqf.o(x$fpl$fleqf) for __aeabi_cfcmple
    test.o(.text) refers to drleqf.o(x$fpl$drleqf) for __aeabi_cdrcmple
    test.o(.text) refers to dfixu.o(x$fpl$dfixu) for __aeabi_d2uiz
    test.o(.text) refers to sys.o(.text) for Stm32_Clock_Init
    test.o(.text) refers to usart.o(.text) for uart_init
    test.o(.text) refers to delay.o(.text) for delay_init
    test.o(.text) refers to ili93xx.o(.text) for LCD_Init
    test.o(.text) refers to sram.o(.text) for FSMC_SRAM_Init
    test.o(.text) refers to ov7670.o(.text) for OV7670_Init
    test.o(.text) refers to timer.o(.text) for TIM3_Int_Init
    test.o(.text) refers to exti.o(.text) for EXTI8_Init
    test.o(.text) refers to ili93xx.o(.bss) for lcddev
    test.o(.data) refers to test.o(.conststring) for .conststring
    cass_mv_main.o(.text) refers to rt_memcpy_v6.o(.text) for __aeabi_memcpy
    cass_mv_main.o(.text) refers to dflt_clz.o(x$fpl$dfltu) for __aeabi_ui2d
    cass_mv_main.o(.text) refers to rt_memclr_w.o(.text) for __aeabi_memclr4
    cass_mv_main.o(.text) refers to faddsub_clz.o(x$fpl$fadd) for __aeabi_fadd
    cass_mv_main.o(.text) refers to f2d.o(x$fpl$f2d) for __aeabi_f2d
    cass_mv_main.o(.text) refers to ddiv.o(x$fpl$ddiv) for __aeabi_ddiv
    cass_mv_main.o(.text) refers to d2f.o(x$fpl$d2f) for __aeabi_d2f
    cass_mv_main.o(.text) refers to dleqf.o(x$fpl$dleqf) for __aeabi_cdcmple
[...]
    .ARM.Collect$$libshutdown$$00000003      0x080001ee   Section        0  libshutdown2.o(.ARM.Collect$$libshutdown$$00000003)
    .ARM.Collect$$libshutdown$$00000006      0x080001ee   Section        0  libshutdown2.o(.ARM.Collect$$libshutdown$$00000006)
    .ARM.Collect$$libshutdown$$00000009      0x080001ee   Section        0  libshutdown2.o(.ARM.Collect$$libshutdown$$00000009)
    .ARM.Collect$$libshutdown$$0000000B      0x080001ee   Section        0  libshutdown2.o(.ARM.Collect$$libshutdown$$0000000B)
    .ARM.Collect$$libshutdown$$0000000E      0x080001ee   Section        0  libshutdown2.o(.ARM.Collect$$libshutdown$$0000000E)
    .ARM.Collect$$libshutdown$$0000000F      0x080001ee   Section        2  libshutdown2.o(.ARM.Collect$$libshutdown$$0000000F)
    .ARM.Collect$$rtentry$$00000000          0x080001f0   Section        0  rtentry.o(.ARM.Collect$$rtentry$$00000000)
    .ARM.Collect$$rtentry$$00000002          0x080001f0   Section        0  rtentry2.o(.ARM.Collect$$rtentry$$00000002)
    .ARM.Collect$$rtentry$$00000004          0x080001f0   Section        6  rtentry4.o(.ARM.Collect$$rtentry$$00000004)
    .ARM.Collect$$rtentry$$00000009          0x080001f6   Section        0  rtentry2.o(.ARM.Collect$$rtentry$$00000009)
    .ARM.Collect$$rtentry$$0000000A          0x080001f6   Section        4  rtentry2.o(.ARM.Collect$$rtentry$$0000000A)
    .ARM.Collect$$rtentry$$0000000C          0x080001fa   Section        0  rtentry2.o(.ARM.Collect$$rtentry$$0000000C)
    .ARM.Collect$$rtentry$$0000000D          0x080001fa   Section        8  rtentry2.o(.ARM.Collect$$rtentry$$0000000D)
    .ARM.Collect$$rtexit$$00000000           0x08000202   Section        2  rtexit.o(.ARM.Collect$$rtexit$$00000000)
    .ARM.Collect$$rtexit$$00000002           0x08000204   Section        0  rtexit2.o(.ARM.Collect$$rtexit$$00000002)
    .ARM.Collect$$rtexit$$00000003           0x08000204   Section        4  rtexit2.o(.ARM.Collect$$rtexit$$00000003)
    .ARM.Collect$$rtexit$$00000004           0x08000208   Section        6  rtexit2.o(.ARM.Collect$$rtexit$$00000004)
    .emb_text                                0x08000210   Section       12  sys.o(.emb_text)
    .text                                    0x0800021c   Section       56  startup_stm32f10x_hd.o(.text)
    .text                                    0x08000254   Section        0  test.o(.text)
    sys_image_var_init                       0x08000255   Thumb Code    34  test.o(.text)
    .text                                    0x0800281c   Section        0  delay.o(.text)
    .text                                    0x080028bc   Section        0  sys.o(.text)
    .text                                    0x08002ba4   Section        0  usart.o(.text)
    .text                                    0x08002f18   Section        0  key.o(.text)
    .text                                    0x08003020   Section        0  exti.o(.text)
    .text                                    0x0800319c   Section        0  wdg.o(.text)
    .text                                    0x08003284   Section        0  timer.o(.text)
    .text                                    0x08003650   Section        0  ili93xx.o(.text)
    .text                                    0x08005b78   Section        0  wkup.o(.text)
    .text                                    0x08005c4c   Section        0  dac.o(.text)
    .text                                    0x08005d14   Section        0  myiic.o(.text)
    .text                                    0x08005f8c   Section        0  24cxx.o(.text)
    .text                                    0x08006108   Section        0  rtc.o(.text)
    .text                                    0x08006588   Section        0  rs485.o(.text)
    .text                                    0x08006758   Section        0  remote.o(.text)
    .text                                    0x08006a10   Section        0  ps2.o(.text)
    .text                                    0x08006e68   Section        0  stmflash.o(.text)
    .text                                    0x080070a4   Section        0  rda5820.o(.text)
    .text                                    0x080073cc   Section        0  ov7670.o(.text)
    .text                                    0x08007754   Section        0  sccb.o(.text)
    .text                                    0x08007a18   Section        0  sram.o(.text)
    .text                                    0x08007bd0   Section        0  usmart.o(.text)
    .text                                    0x08007f20   Section        0  usmart_str.o(.text)
    .text                                    0x0800843c   Section      138  rt_memcpy_v6.o(.text)
    .text                                    0x080084c6   Section       78  rt_memclr_w.o(.text)
    .text                                    0x08008514   Section        0  heapauxi.o(.text)
    .text                                    0x0800851a   Section        0  _rserrno.o(.text)
    .text                                    0x08008530   Section      100  rt_memcpy_w.o(.text)
    .text                                    0x08008594   Section        8  rt_errno_addr_intlibspace.o(.text)
    .text                                    0x0800859c   Section        8  libspace.o(.text)
    .text                                    0x080085a4   Section       74  sys_stackheap_outer.o(.text)
    .text                                    0x080085ee   Section        0  exit.o(.text)
    .text                                    0x080085fc   Section        8  rt_fp_status_addr_intlibspace.o(.text)
    .text                                    0x08008604   Section        0  sys_exit.o(.text)
    .text                                    0x08008610   Section        2  use_no_semi.o(.text)
    .text                                    0x08008612   Section        0  indicate_semi.o(.text)
    i.__ARM_fpclassify                       0x08008612   Section        0  fpclassify.o(i.__ARM_fpclassify)
    i.__kernel_poly                          0x0800863a   Section        0  poly.o(i.__kernel_poly)
    i.__mathlib_dbl_underflow                0x080086e4   Section        0  dunder.o(i.__mathlib_dbl_underflow)
    i.pow                                    0x080086f4   Section        0  pow.o(i.pow)
    i.sqrt                                   0x080090e0   Section        0  sqrt.o(i.sqrt)
    x$fpl$d2f                                0x0800912c   Section       98  d2f.o(x$fpl$d2f)
    x$fpl$dadd                               0x08009190   Section      336  daddsub_clz.o(x$fpl$dadd)
    _dadd1                                   0x080091a1   Thumb Code     0  daddsub_clz.o(x$fpl$dadd)
    x$fpl$dcheck1                            0x080092e0   Section       16  dcheck1.o(x$fpl$dcheck1)
    x$fpl$dcmpinf                            0x080092f0   Section       24  dcmpi.o(x$fpl$dcmpinf)
    x$fpl$ddiv                               0x08009308   Section      688  ddiv.o(x$fpl$ddiv)
    ddiv_entry                               0x0800930f   Thumb Code     0  ddiv.o(x$fpl$ddiv)
    x$fpl$dfix                               0x080095b8   Section       94  dfix.o(x$fpl$dfix)
    x$fpl$dfixu                              0x08009618   Section       90  dfixu.o(x$fpl$dfixu)
    x$fpl$dflt                               0x08009672   Section       46  dflt_clz.o(x$fpl$dflt)
    x$fpl$dfltu                              0x080096a0   Section       38  dflt_clz.o(x$fpl$dfltu)
    x$fpl$dleqf                              0x080096c8   Section      120  dleqf.o(x$fpl$dleqf)
    x$fpl$dmul                               0x08009740   Section      340  dmul.o(x$fpl$dmul)
    x$fpl$dnaninf                            0x08009894   Section      156  dnaninf.o(x$fpl$dnaninf)
    x$fpl$dretinf                            0x08009930   Section       12  dretinf.o(x$fpl$dretinf)
    x$fpl$drleqf                             0x0800993c   Section      108  drleqf.o(x$fpl$drleqf)
    x$fpl$drsb                               0x080099a8   Section       22  daddsub_clz.o(x$fpl$drsb)
    x$fpl$dsqrt                              0x080099c0   Section      460  dsqrt_noumaal.o(x$fpl$dsqrt)
    x$fpl$dsub                               0x08009b8c   Section      468  daddsub_clz.o(x$fpl$dsub)
    _dsub1                                   0x08009b9d   Thumb Code     0  daddsub_clz.o(x$fpl$dsub)
    x$fpl$f2d                                0x08009d60   Section       86  f2d.o(x$fpl$f2d)
    x$fpl$fadd                               0x08009db8   Section      196  faddsub_clz.o(x$fpl$fadd)
    _fadd1                                   0x08009dc7   Thumb Code     0  faddsub_clz.o(x$fpl$fadd)
    x$fpl$fcmpinf                            0x08009e7c   Section       24  fcmpi.o(x$fpl$fcmpinf)
    x$fpl$fdiv                               0x08009e94   Section      388  fdiv.o(x$fpl$fdiv)
    _fdiv1                                   0x08009e95   Thumb Code     0  fdiv.o(x$fpl$fdiv)
    x$fpl$ffixu                              0x0800a018   Section       62  ffixu.o(x$fpl$ffixu)
    x$fpl$fflt                               0x0800a058   Section       48  fflt_clz.o(x$fpl$fflt)
    x$fpl$ffltu                              0x0800a088   Section       38  fflt_clz.o(x$fpl$ffltu)
    x$fpl$fleqf                              0x0800a0b0   Section      104  fleqf.o(x$fpl$fleqf)
    x$fpl$fmul                               0x0800a118   Section      258  fmul.o(x$fpl$fmul)
    x$fpl$fnaninf                            0x0800a21a   Section      140  fnaninf.o(x$fpl$fnaninf)
    x$fpl$fpinit                             0x0800a2a6   Section       14  fpinit.o(x$fpl$fpinit)
    x$fpl$fretinf                            0x0800a2b4   Section       10  fretinf.o(x$fpl$fretinf)
    x$fpl$frleqf                             0x0800a2be   Section       98  frleqf.o(x$fpl$frleqf)
    x$fpl$frsb                               0x0800a320   Section       20  faddsub_clz.o(x$fpl$frsb)
    x$fpl$fsub                               0x0800a334   Section      234  faddsub_clz.o(x$fpl$fsub)
    _fsub1                                   0x0800a343   Thumb Code     0  faddsub_clz.o(x$fpl$fsub)
    x$fpl$retnan                             0x0800a41e   Section      100  retnan.o(x$fpl$retnan)
    x$fpl$scalbn                             0x0800a482   Section       92  scalbn.o(x$fpl$scalbn)
    x$fpl$trapveneer                         0x0800a4de   Section       48  trapv.o(x$fpl$trapveneer)
    .constdata                               0x0800a50e   Section      512  usart.o(.constdata)
    x$fpl$usenofp                            0x0800a50e   Section        0  usenofp.o(x$fpl$usenofp)
    .constdata                               0x0800a70e   Section     2660  ili93xx.o(.constdata)
    .constdata                               0x0800b172   Section       24  rtc.o(.constdata)
    .constdata                               0x0800b18a   Section      230  ov7670.o(.constdata)
    .constdata                               0x0800b270   Section      136  pow.o(.constdata)
    bp                                       0x0800b270   Data          16  pow.o(.constdata)
    dp_h                                     0x0800b280   Data          16  pow.o(.constdata)
    dp_l                                     0x0800b290   Data          16  pow.o(.constdata)
    L                                        0x0800b2a0   Data          48  pow.o(.constdata)
    P                                        0x0800b2d0   Data          40  pow.o(.constdata)
    .constdata                               0x0800b2f8   Section        8  qnan.o(.constdata)
    .conststring                             0x0800b300   Section       81  test.o(.conststring)
    .conststring                             0x0800b351   Section       23  usmart.o(.conststring)
    .conststring                             0x0800b368   Section      575  usmart_config.o(.conststring)
    .data                                    0x20000000   Section    48480  test.o(.data)
    win                                      0x2000bca0   Data           9  test.o(.data)
    win                                      0x2000bcac   Data          36  test.o(.data)
    winy                                     0x2000bcd0   Data          36  test.o(.data)
    winx                                     0x2000bcf4   Data          36  test.o(.data)
    winy                                     0x2000bd18   Data          36  test.o(.data)
    winx                                     0x2000bd3c   Data          36  test.o(.data)
    .data                                    0x2000bd60   Section       39  cass_mv_main.o(.data)
    win                                      0x2000bd60   Data           9  cass_mv_main.o(.data)
    .data                                    0x2000bd88   Section        4  delay.o(.data)
    fac_us                                   0x2000bd88   Data           1  delay.o(.data)
    fac_ms                                   0x2000bd8a   Data           2  delay.o(.data)
    .data                                    0x2000bd8c   Section       24  usart.o(.data)
    .data                                    0x2000bda4   Section        1  key.o(.data)
    key_up                                   0x2000bda4   Data           1  key.o(.data)
    .data                                    0x2000bda5   Section        1  exti.o(.data)
    .data                                    0x2000bda6   Section        1  wdg.o(.data)
    .data                                    0x2000bda8   Section        9  timer.o(.data)
    .data                                    0x2000bdb2   Section        4  ili93xx.o(.data)
    .data                                    0x2000bdb6   Section        2  rtc.o(.data)
    daycnt                                   0x2000bdb6   Data           2  rtc.o(.data)
    .data                                    0x2000bdb8   Section        1  rs485.o(.data)
    .data                                    0x2000bdbc   Section       12  remote.o(.data)
    .data                                    0x2000bdc8   Section        4  ps2.o(.data)
    tempdata                                 0x2000bdca   Data           1  ps2.o(.data)
    parity                                   0x2000bdcb   Data           1  ps2.o(.data)
    .data                                    0x2000bdcc   Section       10  mouse.o(.data)
    .data                                    0x2000bdd8   Section       24  usmart.o(.data)
    .data                                    0x2000bdf0   Section      372  usmart_config.o(.data)
    .bss                                     0x2000bf64   Section     4096  test.o(.bss)
    .bss                                     0x2000cf64   Section       64  usart.o(.bss)
    .bss                                     0x2000cfa4   Section       10  ili93xx.o(.bss)
    .bss                                     0x2000cfae   Section       10  rtc.o(.bss)
    .bss                                     0x2000cfb8   Section       64  rs485.o(.bss)
    .bss                                     0x2000cff8   Section       16  ps2.o(.bss)
    .bss                                     0x2000d008   Section     2048  stmflash.o(.bss)
    .bss                                     0x2000d808   Section       96  libspace.o(.bss)
    HEAP                                     0x2000d868   Section      512  startup_stm32f10x_hd.o(HEAP)
    Heap_Mem                                 0x2000d868   Data         512  startup_stm32f10x_hd.o(HEAP)
    STACK                                    0x2000da68   Section     1024  startup_stm32f10x_hd.o(STACK)
    Stack_Mem                                0x2000da68   Data        1024  startup_stm32f10x_hd.o(STACK)
    __initial_sp                             0x2000de68   Data           0  startup_stm32f10x_hd.o(STACK)
    .ARM.__AT_0x68000000                     0x68000000   Section    163840  malloc.o(.ARM.__AT_0x68000000)
    .ARM.__AT_0x68028000                     0x68028000   Section    10240  malloc.o(.ARM.__AT_0x68028000)
    .ARM.__AT_0x68050000                     0x68050000   Section    76800  malloc.o(.ARM.__AT_0x68050000)
    .ARM.__AT_0x680A0000                     0x680a0000   Section    76800  malloc.o(.ARM.__AT_0x680A0000)
    .ARM.__AT_0x680F0000                     0x680f0000   Section    76806  malloc.o(.ARM.__AT_0x680F0000)
    .ARM.__AT_0x68140000                     0x68140000   Section    76800  malloc.o(.ARM.__AT_0x68140000)

    Global Symbols

    Symbol Name                              Value     Ov Type        Size  Object(Section)

    BuildAttributes$$THM_ISAv4$P$D$K$B$S$PE$A:L22UL41UL21$X:L11$S22US41US21$IEEE1$IW$USESV6$~STKCKD$USESV7$~SHL$OTIME$ROPI$IEEEX$EBA8$UX$STANDARDLIB$REQ8$PRES8$EABIv2 0x00000000   Number         0  anon$$obj.o ABSOLUTE
    __ARM_use_no_argv                        0x00000000   Number         0  test.o ABSOLUTE
    __ARM_exceptions_init                     - Undefined Weak Reference
    __alloca_initialize                       - Undefined Weak Reference
    __cpp_initialize__aeabi_                  - Undefined Weak Reference
    __cxa_finalize                            - Undefined Weak Reference
    __rt_locale                               - Undefined Weak Reference
    __sigvec_lookup                           - Undefined Weak Reference
    _atexit_init                              - Undefined Weak Reference
    _call_atexit_fns                          - Undefined Weak Reference
    _clock_init                               - Undefined Weak Reference
    _fp_trap_init                             - Undefined Weak Reference
    _fp_trap_shutdown                         - Undefined Weak Reference
    _get_lc_collate                           - Undefined Weak Reference
    _get_lc_ctype                             - Undefined Weak Reference
    _get_lc_monetary                          - Undefined Weak Reference
    _get_lc_numeric                           - Undefined Weak Reference
    _get_lc_time                              - Undefined Weak Reference
    _getenv_init                              - Undefined Weak Reference
    _handle_redirection                       - Undefined Weak Reference
    _init_alloc                               - Undefined Weak Reference
    _init_user_alloc                          - Undefined Weak Reference
    _initio                                   - Undefined Weak Reference
    _rand_init                                - Undefined Weak Reference
    _signal_finish                            - Undefined Weak Reference
    _signal_init                              - Undefined Weak Reference
    _terminate_alloc                          - Undefined Weak Reference
    _terminate_user_alloc                     - Undefined Weak Reference
    _terminateio                              - Undefined Weak Reference
    __Vectors_Size                           0x00000130   Number         0  startup_stm32f10x_hd.o ABSOLUTE
    __Vectors                                0x08000000   Data           4  startup_stm32f10x_hd.o(RESET)
    __Vectors_End                            0x08000130   Data           0  startup_stm32f10x_hd.o(RESET)
    __main                                   0x08000131   Thumb Code     8  __main.o(!!!main)
    __scatterload                            0x08000139   Thumb Code     0  __scatter.o(!!!scatter)
    __scatterload_rt2                        0x08000139   Thumb Code    44  __scatter.o(!!!scatter)
    __scatterload_rt2_thumb_only             0x08000139   Thumb Code     0  __scatter.o(!!!scatter)
    __scatterload_null                       0x08000147   Thumb Code     0  __scatter.o(!!!scatter)
    __decompress                             0x0800016d   Thumb Code    90  __dczerorl2.o(!!dczerorl2)
    __decompress1                            0x0800016d   Thumb Code     0  __dczerorl2.o(!!dczerorl2)
    __scatterload_zeroinit                   0x080001c9   Thumb Code    28  __scatter_zi.o(!!handler_zi)
    __rt_lib_init                            0x080001e5   Thumb Code     0  libinit.o(.ARM.Collect$$libinit$$00000000)
    __rt_lib_init_alloca_1                   0x080001eb   Thumb Code     0  libinit2.o(.ARM.Collect$$libinit$$0000002A)
    __rt_lib_init_argv_1                     0x080001eb   Thumb Code     0  libinit2.o(.ARM.Collect$$libinit$$00000028)
    __rt_lib_init_atexit_1                   0x080001eb   Thumb Code     0  libinit2.o(.ARM.Collect$$libinit$$00000017)
    __rt_lib_init_clock_1                    0x080001eb   Thumb Code     0  libinit2.o(.ARM.Collect$$libinit$$0000001D)
    __rt_lib_init_cpp_1                      0x080001eb   Thumb Code     0  libinit2.o(.ARM.Collect$$libinit$$0000002E)
    __rt_lib_init_exceptions_1               0x080001eb   Thumb Code     0  libinit2.o(.ARM.Collect$$libinit$$0000002C)
    __rt_lib_init_fp_trap_1                  0x080001eb   Thumb Code     0  libinit2.o(.ARM.Collect$$libinit$$0000001B)
    __rt_lib_init_getenv_1                   0x080001eb   Thumb Code     0  libinit2.o(.ARM.Collect$$libinit$$0000001F)
    __rt_lib_init_heap_1                     0x080001eb   Thumb Code     0  libinit2.o(.ARM.Collect$$libinit$$00000006)
    __rt_lib_init_lc_collate_1               0x080001eb   Thumb Code     0  libinit2.o(.ARM.Collect$$libinit$$0000000D)
    __rt_lib_init_lc_ctype_1                 0x080001eb   Thumb Code     0  libinit2.o(.ARM.Collect$$libinit$$0000000F)
    __rt_lib_init_lc_monetary_1              0x080001eb   Thumb Code     0  libinit2.o(.ARM.Collect$$libinit$$00000011)
    __rt_lib_init_lc_numeric_1               0x080001eb   Thumb Code     0  libinit2.o(.ARM.Collect$$libinit$$00000013)
    __rt_lib_init_lc_time_1                  0x080001eb   Thumb Code     0  libinit2.o(.ARM.Collect$$libinit$$00000015)
    __rt_lib_init_rand_1                     0x080001eb   Thumb Code     0  libinit2.o(.ARM.Collect$$libinit$$0000000A)
    __rt_lib_init_return                     0x080001eb   Thumb Code     0  libinit2.o(.ARM.Collect$$libinit$$0000002F)
    __rt_lib_init_signal_1                   0x080001eb   Thumb Code     0  libinit2.o(.ARM.Collect$$libinit$$00000019)
    __rt_lib_init_stdio_1                    0x080001eb   Thumb Code     0  libinit2.o(.ARM.Collect$$libinit$$00000021)
    __rt_lib_init_user_alloc_1               0x080001eb   Thumb Code     0  libinit2.o(.ARM.Collect$$libinit$$00000008)
    __rt_lib_shutdown                        0x080001ed   Thumb Code     0  libshutdown.o(.ARM.Collect$$libshutdown$$00000000)
    __rt_lib_shutdown_fp_trap_1              0x080001ef   Thumb Code     0  libshutdown2.o(.ARM.Collect$$libshutdown$$00000006)
    __rt_lib_shutdown_heap_1                 0x080001ef   Thumb Code     0  libshutdown2.o(.ARM.Collect$$libshutdown$$0000000E)
    __rt_lib_shutdown_return                 0x080001ef   Thumb Code     0  libshutdown2.o(.ARM.Collect$$libshutdown$$0000000F)
    __rt_lib_shutdown_signal_1               0x080001ef   Thumb Code     0  libshutdown2.o(.ARM.Collect$$libshutdown$$00000009)
    __rt_lib_shutdown_stdio_1                0x080001ef   Thumb Code     0  libshutdown2.o(.ARM.Collect$$libshutdown$$00000003)
    __rt_lib_shutdown_user_alloc_1           0x080001ef   Thumb Code     0  libshutdown2.o(.ARM.Collect$$libshutdown$$0000000B)
    __rt_entry                               0x080001f1   Thumb Code     0  rtentry.o(.ARM.Collect$$rtentry$$00000000)
    __rt_entry_presh_1                       0x080001f1   Thumb Code     0  rtentry2.o(.ARM.Collect$$rtentry$$00000002)
    __rt_entry_sh                            0x080001f1   Thumb Code     0  rtentry4.o(.ARM.Collect$$rtentry$$00000004)
    __rt_entry_li                            0x080001f7   Thumb Code     0  rtentry2.o(.ARM.Collect$$rtentry$$0000000A)
    __rt_entry_postsh_1                      0x080001f7   Thumb Code     0  rtentry2.o(.ARM.Collect$$rtentry$$00000009)
    __rt_entry_main                          0x080001fb   Thumb Code     0  rtentry2.o(.ARM.Collect$$rtentry$$0000000D)
    __rt_entry_postli_1                      0x080001fb   Thumb Code     0  rtentry2.o(.ARM.Collect$$rtentry$$0000000C)
    __rt_exit                                0x08000203   Thumb Code     0  rtexit.o(.ARM.Collect$$rtexit$$00000000)
    __rt_exit_ls                             0x08000205   Thumb Code     0  rtexit2.o(.ARM.Collect$$rtexit$$00000003)
    __rt_exit_prels_1                        0x08000205   Thumb Code     0  rtexit2.o(.ARM.Collect$$rtexit$$00000002)
    __rt_exit_exit                           0x08000209   Thumb Code     0  rtexit2.o(.ARM.Collect$$rtexit$$00000004)
    WFI_SET                                  0x08000211   Thumb Code     2  sys.o(.emb_text)
    INTX_DISABLE                             0x08000213   Thumb Code     2  sys.o(.emb_text)
    INTX_ENABLE                              0x08000215   Thumb Code     2  sys.o(.emb_text)
    MSR_MSP                                  0x08000217   Thumb Code     6  sys.o(.emb_text)
    Reset_Handler                            0x0800021d   Thumb Code     4  startup_stm32f10x_hd.o(.text)
    NMI_Handler                              0x08000221   Thumb Code     2  startup_stm32f10x_hd.o(.text)
    HardFault_Handler                        0x08000223   Thumb Code     2  startup_stm32f10x_hd.o(.text)
    MemManage_Handler                        0x08000225   Thumb Code     2  startup_stm32f10x_hd.o(.text)
    BusFault_Handler                         0x08000227   Thumb Code     2  startup_stm32f10x_hd.o(.text)
    UsageFault_Handler                       0x08000229   Thumb Code     2  startup_stm32f10x_hd.o(.text)
    SVC_Handler                              0x0800022b   Thumb Code     2  startup_stm32f10x_hd.o(.text)
    DebugMon_Handler                         0x0800022d   Thumb Code     2  startup_stm32f10x_hd.o(.text)
    PendSV_Handler                           0x0800022f   Thumb Code     2  startup_stm32f10x_hd.o(.text)
    SysTick_Handler                          0x08000231   Thumb Code     2  startup_stm32f10x_hd.o(.text)
    ADC1_2_IRQHandler                        0x08000233   Thumb Code     0  startup_stm32f10x_hd.o(.text)
    ADC3_IRQHandler                          0x08000233   Thumb Code     0  startup_stm32f10x_hd.o(.text)
    CAN1_RX1_IRQHandler                      0x08000233   Thumb Code     0  startup_stm32f10x_hd.o(.text)
    CAN1_SCE_IRQHandler                      0x08000233   Thumb Code     0  startup_stm32f10x_hd.o(.text)
    DMA1_Channel1_IRQHandler                 0x08000233   Thumb Code     0  startup_stm32f10x_hd.o(.text)
    DMA1_Channel2_IRQHandler                 0x08000233   Thumb Code     0  startup_stm32f10x_hd.o(.text)
    DMA1_Channel3_IRQHandler                 0x08000233   Thumb Code     0  startup_stm32f10x_hd.o(.text)
    DMA1_Channel4_IRQHandler                 0x08000233   Thumb Code     0  startup_stm32f10x_hd.o(.text)
    DMA1_Channel5_IRQHandler                 0x08000233   Thumb Code     0  startup_stm32f10x_hd.o(.text)
    DMA1_Channel6_IRQHandler                 0x08000233   Thumb Code     0  startup_stm32f10x_hd.o(.text)
    DMA1_Channel7_IRQHandler                 0x08000233   Thumb Code     0  startup_stm32f10x_hd.o(.text)
    DMA2_Channel1_IRQHandler                 0x08000233   Thumb Code     0  startup_stm32f10x_hd.o(.text)
    DMA2_Channel2_IRQHandler                 0x08000233   Thumb Code     0  startup_stm32f10x_hd.o(.text)
    DMA2_Channel3_IRQHandler                 0x08000233   Thumb Code     0  startup_stm32f10x_hd.o(.text)
    DMA2_Channel4_5_IRQHandler               0x08000233   Thumb Code     0  startup_stm32f10x_hd.o(.text)
    EXTI1_IRQHandler                         0x08000233   Thumb Code     0  startup_stm32f10x_hd.o(.text)
    FLASH_IRQHandler                         0x08000233   Thumb Code     0  startup_stm32f10x_hd.o(.text)
    FSMC_IRQHandler                          0x08000233   Thumb Code     0  startup_stm32f10x_hd.o(.text)
    I2C1_ER_IRQHandler                       0x08000233   Thumb Code     0  startup_stm32f10x_hd.o(.text)
    I2C1_EV_IRQHandler                       0x08000233   Thumb Code     0  startup_stm32f10x_hd.o(.text)
    I2C2_ER_IRQHandler                       0x08000233   Thumb Code     0  startup_stm32f10x_hd.o(.text)
    I2C2_EV_IRQHandler                       0x08000233   Thumb Code     0  startup_stm32f10x_hd.o(.text)
    PVD_IRQHandler                           0x08000233   Thumb Code     0  startup_stm32f10x_hd.o(.text)
    RCC_IRQHandler                           0x08000233   Thumb Code     0  startup_stm32f10x_hd.o(.text)
    RTCAlarm_IRQHandler                      0x08000233   Thumb Code     0  startup_stm32f10x_hd.o(.text)
    SDIO_IRQHandler                          0x08000233   Thumb Code     0  startup_stm32f10x_hd.o(.text)
    SPI1_IRQHandler                          0x08000233   Thumb Code     0  startup_stm32f10x_hd.o(.text)
    SPI2_IRQHandler                          0x08000233   Thumb Code     0  startup_stm32f10x_hd.o(.text)
    SPI3_IRQHandler                          0x08000233   Thumb Code     0  startup_stm32f10x_hd.o(.text)
    TAMPER_IRQHandler                        0x08000233   Thumb Code     0  startup_stm32f10x_hd.o(.text)
    TIM1_BRK_IRQHandler                      0x08000233   Thumb Code     0  startup_stm32f10x_hd.o(.text)
    TIM1_CC_IRQHandler                       0x08000233   Thumb Code     0  startup_stm32f10x_hd.o(.text)
    TIM1_TRG_COM_IRQHandler                  0x08000233   Thumb Code     0  startup_stm32f10x_hd.o(.text)
    TIM1_UP_IRQHandler                       0x08000233   Thumb Code     0  startup_stm32f10x_hd.o(.text)
    TIM7_IRQHandler                          0x08000233   Thumb Code     0  startup_stm32f10x_hd.o(.text)
    TIM8_BRK_IRQHandler                      0x08000233   Thumb Code     0  startup_stm32f10x_hd.o(.text)
    TIM8_CC_IRQHandler                       0x08000233   Thumb Code     0  startup_stm32f10x_hd.o(.text)
    TIM8_TRG_COM_IRQHandler                  0x08000233   Thumb Code     0  startup_stm32f10x_hd.o(.text)
    TIM8_UP_IRQHandler                       0x08000233   Thumb Code     0  startup_stm32f10x_hd.o(.text)
    UART4_IRQHandler                         0x08000233   Thumb Code     0  startup_stm32f10x_hd.o(.text)
    UART5_IRQHandler                         0x08000233   Thumb Code     0  startup_stm32f10x_hd.o(.text)
    USART3_IRQHandler                        0x08000233   Thumb Code     0  startup_stm32f10x_hd.o(.text)
    USBWakeUp_IRQHandler                     0x08000233   Thumb Code     0  startup_stm32f10x_hd.o(.text)
    USB_HP_CAN1_TX_IRQHandler                0x08000233   Thumb Code     0  startup_stm32f10x_hd.o(.text)
    USB_LP_CAN1_RX0_IRQHandler               0x08000233   Thumb Code     0  startup_stm32f10x_hd.o(.text)
    __user_initial_stackheap                 0x08000235   Thumb Code     0  startup_stm32f10x_hd.o(.text)
    Camera_refresh                           0x08000277   Thumb Code   306  test.o(.text)
    Gaussian                                 0x080003a9   Thumb Code   358  test.o(.text)
    Mean                                     0x0800050f   Thumb Code   354  test.o(.text)
    Laplace                                  0x08000671   Thumb Code   358  test.o(.text)
    MediaFilter                              0x080007d7   Thumb Code   338  test.o(.text)
    Sobel                                    0x08000929   Thumb Code   628  test.o(.text)
    Prewitt                                  0x08000b9d   Thumb Code   606  test.o(.text)
    AntiColor                                0x08000dfb   Thumb Code    92  test.o(.text)
    Hisgram                                  0x08000e57   Thumb Code   490  test.o(.text)
    Ostu_Program                             0x08001041   Thumb Code   710  test.o(.text)
    Binary                                   0x08001307   Thumb Code   112  test.o(.text)
    Grayscale                                0x08001377   Thumb Code   480  test.o(.text)
    Denosing_Program                         0x08001557   Thumb Code   208  test.o(.text)
    Thin                                     0x08001627   Thumb Code  1144  test.o(.text)
    Erode                                    0x08001a9f   Thumb Code   240  test.o(.text)
    Dialate                                  0x08001b8f   Thumb Code   236  test.o(.text)
    Open                                     0x08001c7b   Thumb Code   438  test.o(.text)
    Close                                    0x08001e31   Thumb Code   446  test.o(.text)
    InClean                                  0x08001fef   Thumb Code   364  test.o(.text)
    Gravity                                  0x0800215b   Thumb Code   410  test.o(.text)
    small_leftbound_find                     0x080022f5   Thumb Code    82  test.o(.text)
    small_rightbound_find                    0x08002347   Thumb Code    82  test.o(.text)
    small_topbound_find                      0x08002399   Thumb Code    82  test.o(.text)
    small_downbound_find                     0x080023eb   Thumb Code    82  test.o(.text)
    Match                                    0x0800243d   Thumb Code   550  test.o(.text)
    main                                     0x08002663   Thumb Code   372  test.o(.text)
    delay_init                               0x0800281d   Thumb Code    44  delay.o(.text)
    delay_us                                 0x08002849   Thumb Code    54  delay.o(.text)
    delay_ms                                 0x0800287f   Thumb Code    54  delay.o(.text)
    MY_NVIC_SetVectorTable                   0x080028bd   Thumb Code    12  sys.o(.text)
    MY_NVIC_PriorityGroupConfig              0x080028c9   Thumb Code    36  sys.o(.text)
    MY_NVIC_Init                             0x080028ed   Thumb Code   156  sys.o(.text)
    Ex_NVIC_Config                           0x08002989   Thumb Code   144  sys.o(.text)
    MYRCC_DeInit                             0x08002a19   Thumb Code    90  sys.o(.text)
    Sys_Standby                              0x08002a73   Thumb Code    68  sys.o(.text)
    Sys_Soft_Reset                           0x08002ab7   Thumb Code    12  sys.o(.text)
    JTAG_Set                                 0x08002ac3   Thumb Code    42  sys.o(.text)
    Stm32_Clock_Init                         0x08002aed   Thumb Code   130  sys.o(.text)
    USART1_IRQHandler                        0x08002ba5   Thumb Code   130  usart.o(.text)
    memcpy                                   0x08002c27   Thumb Code    20  usart.o(.text)
    GetCRC                                   0x08002c3b   Thumb Code    46  usart.o(.text)
    COMFrmVrify                              0x08002c69   Thumb Code    42  usart.o(.text)
    UartSendData                             0x08002c93   Thumb Code    24  usart.o(.text)
    UartRecvDataHandle                       0x08002cab   Thumb Code   308  usart.o(.text)
    UartRecvHandle                           0x08002ddf   Thumb Code    36  usart.o(.text)
    uart_init                                0x08002e03   Thumb Code   218  usart.o(.text)
    KEY_Init                                 0x08002f19   Thumb Code    86  key.o(.text)
    KEY_Scan                                 0x08002f6f   Thumb Code   138  key.o(.text)
    EXTI2_IRQHandler                         0x08003021   Thumb Code    40  exti.o(.text)
    EXTI3_IRQHandler                         0x08003049   Thumb Code    40  exti.o(.text)
    EXTI4_IRQHandler                         0x08003071   Thumb Code    58  exti.o(.text)
    EXTIX_Init                               0x080030ab   Thumb Code    96  exti.o(.text)
    EXTI9_5_IRQHandler                       0x0800310b   Thumb Code    74  exti.o(.text)
    EXTI8_Init                               0x08003155   Thumb Code    26  exti.o(.text)
    IWDG_Init                                0x0800319d   Thumb Code    28  wdg.o(.text)
    IWDG_Feed                                0x080031b9   Thumb Code    10  wdg.o(.text)
    WWDG_Init                                0x080031c3   Thumb Code   124  wdg.o(.text)
    WWDG_Set_Counter                         0x0800323f   Thumb Code    12  wdg.o(.text)
    WWDG_IRQHandler                          0x0800324b   Thumb Code    36  wdg.o(.text)
    TIM3_IRQHandler                          0x08003285   Thumb Code   110  timer.o(.text)
    TIM3_Int_Init                            0x080032f3   Thumb Code    74  timer.o(.text)
    TIM3_PWM_Init                            0x0800333d   Thumb Code   150  timer.o(.text)
    TIM5_Cap_Init                            0x080033d3   Thumb Code   176  timer.o(.text)
    TIM5_IRQHandler                          0x08003483   Thumb Code   184  timer.o(.text)
    TIM4_PWM_Init                            0x0800353b   Thumb Code   124  timer.o(.text)
    TIM6_IRQHandler                          0x080035b7   Thumb Code    30  timer.o(.text)
    TIM6_Int_Init                            0x080035d5   Thumb Code    58  timer.o(.text)
    LCD_WR_REG                               0x08003651   Thumb Code     6  ili93xx.o(.text)
    LCD_WR_DATA                              0x08003657   Thumb Code     8  ili93xx.o(.text)
    LCD_RD_DATA                              0x0800365f   Thumb Code     8  ili93xx.o(.text)
    LCD_WriteReg                             0x08003667   Thumb Code    10  ili93xx.o(.text)
    LCD_ReadReg                              0x08003671   Thumb Code    22  ili93xx.o(.text)
    LCD_WriteRAM_Prepare                     0x08003687   Thumb Code    10  ili93xx.o(.text)
    LCD_WriteRAM                             0x08003691   Thumb Code     8  ili93xx.o(.text)
    LCD_BGR2RGB                              0x08003699   Thumb Code    26  ili93xx.o(.text)
    opt_delay                                0x080036b3   Thumb Code    14  ili93xx.o(.text)
    LCD_SetCursor                            0x080036c1   Thumb Code   172  ili93xx.o(.text)
    LCD_ReadPoint                            0x0800376d   Thumb Code   272  ili93xx.o(.text)
    LCD_DisplayOn                            0x0800387d   Thumb Code    46  ili93xx.o(.text)
    LCD_DisplayOff                           0x080038ab   Thumb Code    44  ili93xx.o(.text)
    LCD_Scan_Dir                             0x080038d7   Thumb Code   472  ili93xx.o(.text)
    LCD_DrawPoint                            0x08003aaf   Thumb Code    28  ili93xx.o(.text)
    LCD_Fast_DrawPoint                       0x08003acb   Thumb Code   188  ili93xx.o(.text)
    LCD_Display_Dir                          0x08003b87   Thumb Code   266  ili93xx.o(.text)
    LCD_Clear                                0x08003c91   Thumb Code   100  ili93xx.o(.text)
    LCD_Init                                 0x08003cf5   Thumb Code  6314  ili93xx.o(.text)
    LCD_Fill                                 0x0800559f   Thumb Code   178  ili93xx.o(.text)
    LCD_Color_Fill                           0x08005651   Thumb Code   100  ili93xx.o(.text)
    LCD_DrawLine                             0x080056b5   Thumb Code   176  ili93xx.o(.text)
    LCD_DrawRectangle                        0x08005765   Thumb Code    60  ili93xx.o(.text)
    Draw_Circle                              0x080057a1   Thumb Code   152  ili93xx.o(.text)
    LCD_ShowChar                             0x08005839   Thumb Code   340  ili93xx.o(.text)
    LCD_Pow                                  0x0800598d   Thumb Code    22  ili93xx.o(.text)
    LCD_ShowNum                              0x080059a3   Thumb Code   148  ili93xx.o(.text)
    LCD_ShowxNum                             0x08005a37   Thumb Code   218  ili93xx.o(.text)
    LCD_ShowString                           0x08005b11   Thumb Code   102  ili93xx.o(.text)
    Sys_Enter_Standby                        0x08005b79   Thumb Code    20  wkup.o(.text)
    Check_WKUP                               0x08005b8d   Thumb Code    72  wkup.o(.text)
    EXTI0_IRQHandler                         0x08005bd5   Thumb Code    20  wkup.o(.text)
    WKUP_Init                                0x08005be9   Thumb Code    80  wkup.o(.text)
    Dac1_Init                                0x08005c4d   Thumb Code   102  dac.o(.text)
    Dac1_Set_Vol                             0x08005cb3   Thumb Code    76  dac.o(.text)
    IIC_Init                                 0x08005d15   Thumb Code    52  myiic.o(.text)
    IIC_Start                                0x08005d49   Thumb Code    68  myiic.o(.text)
    IIC_Stop                                 0x08005d8d   Thumb Code    66  myiic.o(.text)
    IIC_Wait_Ack                             0x08005dcf   Thumb Code    82  myiic.o(.text)
    IIC_Ack                                  0x08005e21   Thumb Code    72  myiic.o(.text)
    IIC_NAck                                 0x08005e69   Thumb Code    72  myiic.o(.text)
    IIC_Send_Byte                            0x08005eb1   Thumb Code    96  myiic.o(.text)
    IIC_Read_Byte                            0x08005f11   Thumb Code    98  myiic.o(.text)
    AT24CXX_Init                             0x08005f8d   Thumb Code     8  24cxx.o(.text)
    AT24CXX_ReadOneByte                      0x08005f95   Thumb Code    88  24cxx.o(.text)
    AT24CXX_WriteOneByte                     0x08005fed   Thumb Code    80  24cxx.o(.text)
    AT24CXX_WriteLenByte                     0x0800603d   Thumb Code    42  24cxx.o(.text)
    AT24CXX_ReadLenByte                      0x08006067   Thumb Code    44  24cxx.o(.text)
    AT24CXX_Check                            0x08006093   Thumb Code    46  24cxx.o(.text)
    AT24CXX_Read                             0x080060c1   Thumb Code    34  24cxx.o(.text)
    AT24CXX_Write                            0x080060e3   Thumb Code    36  24cxx.o(.text)
    RTC_Get_Week                             0x08006109   Thumb Code   114  rtc.o(.text)
    Is_Leap_Year                             0x0800617b   Thumb Code    58  rtc.o(.text)
    RTC_Get                                  0x080061b5   Thumb Code   246  rtc.o(.text)
    RTC_Set                                  0x080062ab   Thumb Code   254  rtc.o(.text)
    RTC_Init                                 0x080063a9   Thumb Code   356  rtc.o(.text)
    RTC_IRQHandler                           0x0800650d   Thumb Code    80  rtc.o(.text)
    USART2_IRQHandler                        0x08006589   Thumb Code    46  rs485.o(.text)
    RS485_Init                               0x080065b7   Thumb Code   248  rs485.o(.text)
    RS485_Send_Data                          0x080066af   Thumb Code    68  rs485.o(.text)
    RS485_Receive_Data                       0x080066f3   Thumb Code    68  rs485.o(.text)
    Remote_Init                              0x08006759   Thumb Code   182  remote.o(.text)
    TIM4_IRQHandler                          0x0800680f   Thumb Code   386  remote.o(.text)
    Remote_Scan                              0x08006991   Thumb Code    94  remote.o(.text)
    PS2_Set_Int                              0x08006a11   Thumb Code    46  ps2.o(.text)
    PS2_Dis_Data_Report                      0x08006a3f   Thumb Code    38  ps2.o(.text)
    EXTI15_10_IRQHandler                     0x08006a65   Thumb Code   400  ps2.o(.text)
    PS2_En_Data_Report                       0x08006bf5   Thumb Code    62  ps2.o(.text)
    Wait_PS2_Scl                             0x08006c33   Thumb Code    50  ps2.o(.text)
    PS2_Get_Byte                             0x08006c65   Thumb Code    86  ps2.o(.text)
    PS2_Send_Cmd                             0x08006cbb   Thumb Code   298  ps2.o(.text)
    PS2_Init                                 0x08006de5   Thumb Code   130  ps2.o(.text)
    STMFLASH_Unlock                          0x08006e69   Thumb Code    12  stmflash.o(.text)
    STMFLASH_Lock                            0x08006e75   Thumb Code    14  stmflash.o(.text)
    STMFLASH_GetStatus                       0x08006e83   Thumb Code    38  stmflash.o(.text)
    STMFLASH_WaitDone                        0x08006ea9   Thumb Code    42  stmflash.o(.text)
    STMFLASH_ErasePage                       0x08006ed3   Thumb Code    72  stmflash.o(.text)
    STMFLASH_WriteHalfWord                   0x08006f1b   Thumb Code    58  stmflash.o(.text)
    STMFLASH_ReadHalfWord                    0x08006f55   Thumb Code     6  stmflash.o(.text)
    STMFLASH_Write_NoCheck                   0x08006f5b   Thumb Code    38  stmflash.o(.text)
    STMFLASH_Read                            0x08006f81   Thumb Code    34  stmflash.o(.text)
    STMFLASH_Write                           0x08006fa3   Thumb Code   222  stmflash.o(.text)
    Test_Write                               0x08007081   Thumb Code    16  stmflash.o(.text)
    RDA5820_WR_Reg                           0x080070a5   Thumb Code    56  rda5820.o(.text)
    RDA5820_RD_Reg                           0x080070dd   Thumb Code    68  rda5820.o(.text)
    RDA5820_Init                             0x08007121   Thumb Code   142  rda5820.o(.text)
    RDA5820_RX_Mode                          0x080071af   Thumb Code    26  rda5820.o(.text)
    RDA5820_TX_Mode                          0x080071c9   Thumb Code    30  rda5820.o(.text)
    RDA5820_Rssi_Get                         0x080071e7   Thumb Code    14  rda5820.o(.text)
    RDA5820_Vol_Set                          0x080071f5   Thumb Code    34  rda5820.o(.text)
    RDA5820_Mute_Set                         0x08007217   Thumb Code    34  rda5820.o(.text)
    RDA5820_Rssi_Set                         0x08007239   Thumb Code    32  rda5820.o(.text)
    RDA5820_TxPAG_Set                        0x08007259   Thumb Code    30  rda5820.o(.text)
    RDA5820_TxPGA_Set                        0x08007277   Thumb Code    32  rda5820.o(.text)
    RDA5820_Band_Set                         0x08007297   Thumb Code    32  rda5820.o(.text)
    RDA5820_Space_Set                        0x080072b7   Thumb Code    30  rda5820.o(.text)
    RDA5820_Freq_Set                         0x080072d5   Thumb Code   154  rda5820.o(.text)
    RDA5820_Freq_Get                         0x0800736f   Thumb Code    94  rda5820.o(.text)
    OV7670_Init                              0x080073cd   Thumb Code   318  ov7670.o(.text)
    OV7670_Light_Mode                        0x0800750b   Thumb Code    92  ov7670.o(.text)
    OV7670_Color_Saturation                  0x08007567   Thumb Code   122  ov7670.o(.text)
    OV7670_Brightness                        0x080075e1   Thumb Code    50  ov7670.o(.text)
    OV7670_Contrast                          0x08007613   Thumb Code    50  ov7670.o(.text)
    OV7670_Special_Effects                   0x08007645   Thumb Code   106  ov7670.o(.text)
    OV7670_Window_Set                        0x080076af   Thumb Code   138  ov7670.o(.text)
    SCCB_Init                                0x08007755   Thumb Code   116  sccb.o(.text)
    SCCB_Start                               0x080077c9   Thumb Code    46  sccb.o(.text)
    SCCB_Stop                                0x080077f7   Thumb Code    46  sccb.o(.text)
    SCCB_No_Ack                              0x08007825   Thumb Code    58  sccb.o(.text)
    SCCB_WR_Byte                             0x0800785f   Thumb Code   162  sccb.o(.text)
    SCCB_RD_Byte                             0x08007901   Thumb Code   110  sccb.o(.text)
    SCCB_WR_Reg                              0x0800796f   Thumb Code    62  sccb.o(.text)
    SCCB_RD_Reg                              0x080079ad   Thumb Code    78  sccb.o(.text)
    FSMC_SRAM_Init                           0x08007a19   Thumb Code   316  sram.o(.text)
    FSMC_SRAM_WriteBuffer                    0x08007b55   Thumb Code    24  sram.o(.text)
    FSMC_SRAM_ReadBuffer                     0x08007b6d   Thumb Code    22  sram.o(.text)
    fsmc_sram_test_write                     0x08007b83   Thumb Code    16  sram.o(.text)
    fsmc_sram_test_read                      0x08007b93   Thumb Code    20  sram.o(.text)
    usmart_sys_cmd_exe                       0x08007bd1   Thumb Code   124  usmart.o(.text)
    TIM2_IRQHandler                          0x08007c4d   Thumb Code    38  usmart.o(.text)
    Timer2_Init                              0x08007c73   Thumb Code    68  usmart.o(.text)
    usmart_init                              0x08007cb7   Thumb Code    36  usmart.o(.text)
    usmart_cmd_rec                           0x08007cdb   Thumb Code   170  usmart.o(.text)
    usmart_exe                               0x08007d85   Thumb Code   388  usmart.o(.text)
    usmart_scan                              0x08007f09   Thumb Code     2  usmart.o(.text)
    read_addr                                0x08007f0b   Thumb Code     6  usmart.o(.text)
    write_addr                               0x08007f11   Thumb Code     4  usmart.o(.text)
    usmart_strcmp                            0x08007f21   Thumb Code    34  usmart_str.o(.text)
    usmart_strcopy                           0x08007f43   Thumb Code    22  usmart_str.o(.text)
    usmart_strlen                            0x08007f59   Thumb Code    24  usmart_str.o(.text)
    usmart_pow                               0x08007f71   Thumb Code    22  usmart_str.o(.text)
    usmart_str2num                           0x08007f87   Thumb Code   202  usmart_str.o(.text)
    usmart_get_cmdname                       0x08008051   Thumb Code    54  usmart_str.o(.text)
    usmart_search_nextc                      0x08008087   Thumb Code    22  usmart_str.o(.text)
    usmart_get_fname                         0x0800809d   Thumb Code   440  usmart_str.o(.text)
    usmart_get_aparm                         0x08008255   Thumb Code   188  usmart_str.o(.text)
    usmart_get_parmpos                       0x08008311   Thumb Code    26  usmart_str.o(.text)
    usmart_get_fparam                        0x0800832b   Thumb Code   262  usmart_str.o(.text)
    __aeabi_memcpy                           0x0800843d   Thumb Code     0  rt_memcpy_v6.o(.text)
    __rt_memcpy                              0x0800843d   Thumb Code   138  rt_memcpy_v6.o(.text)
    _memcpy_lastbytes                        0x080084a3   Thumb Code     0  rt_memcpy_v6.o(.text)
    __aeabi_memclr4                          0x080084c7   Thumb Code     0  rt_memclr_w.o(.text)
    __aeabi_memclr8                          0x080084c7   Thumb Code     0  rt_memclr_w.o(.text)
    __rt_memclr_w                            0x080084c7   Thumb Code    78  rt_memclr_w.o(.text)
    _memset_w                                0x080084cb   Thumb Code     0  rt_memclr_w.o(.text)
    __use_two_region_memory                  0x08008515   Thumb Code     2  heapauxi.o(.text)
    __rt_heap_escrow$2region                 0x08008517   Thumb Code     2  heapauxi.o(.text)
    __rt_heap_expand$2region                 0x08008519   Thumb Code     2  heapauxi.o(.text)
    __read_errno                             0x0800851b   Thumb Code    10  _rserrno.o(.text)
    __set_errno                              0x08008525   Thumb Code    12  _rserrno.o(.text)
    __aeabi_memcpy4                          0x08008531   Thumb Code     0  rt_memcpy_w.o(.text)
    __aeabi_memcpy8                          0x08008531   Thumb Code     0  rt_memcpy_w.o(.text)
    __rt_memcpy_w                            0x08008531   Thumb Code   100  rt_memcpy_w.o(.text)
    _memcpy_lastbytes_aligned                0x08008579   Thumb Code     0  rt_memcpy_w.o(.text)
    __aeabi_errno_addr                       0x08008595   Thumb Code     8  rt_errno_addr_intlibspace.o(.text)
    __errno$intlibspace                      0x08008595   Thumb Code     0  rt_errno_addr_intlibspace.o(.text)
    __rt_errno_addr$intlibspace              0x08008595   Thumb Code     0  rt_errno_addr_intlibspace.o(.text)
    __user_libspace                          0x0800859d   Thumb Code     8  libspace.o(.text)
    __user_perproc_libspace                  0x0800859d   Thumb Code     0  libspace.o(.text)
    __user_perthread_libspace                0x0800859d   Thumb Code     0  libspace.o(.text)
    __user_setup_stackheap                   0x080085a5   Thumb Code    74  sys_stackheap_outer.o(.text)
    exit                                     0x080085ef   Thumb Code    12  exit.o(.text)
    __rt_fp_status_addr                      0x080085fd   Thumb Code     8  rt_fp_status_addr_intlibspace.o(.text)
    _sys_exit                                0x08008605   Thumb Code     8  sys_exit.o(.text)
    __I$use$semihosting                      0x08008611   Thumb Code     0  use_no_semi.o(.text)
    __use_no_semihosting_swi                 0x08008611   Thumb Code     2  use_no_semi.o(.text)
    __ARM_fpclassify                         0x08008613   Thumb Code    40  fpclassify.o(i.__ARM_fpclassify)
    __semihosting_library_function           0x08008613   Thumb Code     0  indicate_semi.o(.text)
    __kernel_poly                            0x0800863b   Thumb Code   170  poly.o(i.__kernel_poly)
    __mathlib_dbl_underflow                  0x080086e5   Thumb Code    10  dunder.o(i.__mathlib_dbl_underflow)
    pow                                      0x080086f5   Thumb Code  2522  pow.o(i.pow)
    sqrt                                     0x080090e1   Thumb Code    76  sqrt.o(i.sqrt)
    __aeabi_d2f                              0x0800912d   Thumb Code     0  d2f.o(x$fpl$d2f)
    _d2f                                     0x0800912d   Thumb Code    98  d2f.o(x$fpl$d2f)
    __aeabi_dadd                             0x08009191   Thumb Code     0  daddsub_clz.o(x$fpl$dadd)
    _dadd                                    0x08009191   Thumb Code   332  daddsub_clz.o(x$fpl$dadd)
    __fpl_dcheck_NaN1                        0x080092e1   Thumb Code    10  dcheck1.o(x$fpl$dcheck1)
    __fpl_dcmp_Inf                           0x080092f1   Thumb Code    24  dcmpi.o(x$fpl$dcmpinf)
    __aeabi_ddiv                             0x08009309   Thumb Code     0  ddiv.o(x$fpl$ddiv)
    _ddiv                                    0x08009309   Thumb Code   552  ddiv.o(x$fpl$ddiv)
    __aeabi_d2iz                             0x080095b9   Thumb Code     0  dfix.o(x$fpl$dfix)
    _dfix                                    0x080095b9   Thumb Code    94  dfix.o(x$fpl$dfix)
    __aeabi_d2uiz                            0x08009619   Thumb Code     0  dfixu.o(x$fpl$dfixu)
    _dfixu                                   0x08009619   Thumb Code    90  dfixu.o(x$fpl$dfixu)
    __aeabi_i2d                              0x08009673   Thumb Code     0  dflt_clz.o(x$fpl$dflt)
    _dflt                                    0x08009673   Thumb Code    46  dflt_clz.o(x$fpl$dflt)
    __aeabi_ui2d                             0x080096a1   Thumb Code     0  dflt_clz.o(x$fpl$dfltu)
    _dfltu                                   0x080096a1   Thumb Code    38  dflt_clz.o(x$fpl$dfltu)
    __aeabi_cdcmple                          0x080096c9   Thumb Code     0  dleqf.o(x$fpl$dleqf)
    _dcmple                                  0x080096c9   Thumb Code   120  dleqf.o(x$fpl$dleqf)
    __fpl_dcmple_InfNaN                      0x0800972b   Thumb Code     0  dleqf.o(x$fpl$dleqf)
    __aeabi_dmul                             0x08009741   Thumb Code     0  dmul.o(x$fpl$dmul)
    _dmul                                    0x08009741   Thumb Code   332  dmul.o(x$fpl$dmul)
    __fpl_dnaninf                            0x08009895   Thumb Code   156  dnaninf.o(x$fpl$dnaninf)
    __fpl_dretinf                            0x08009931   Thumb Code    12  dretinf.o(x$fpl$dretinf)
    __aeabi_cdrcmple                         0x0800993d   Thumb Code     0  drleqf.o(x$fpl$drleqf)
    _drcmple                                 0x0800993d   Thumb Code   108  drleqf.o(x$fpl$drleqf)
    __aeabi_drsub                            0x080099a9   Thumb Code     0  daddsub_clz.o(x$fpl$drsb)
    _drsb                                    0x080099a9   Thumb Code    22  daddsub_clz.o(x$fpl$drsb)
    _dsqrt                                   0x080099c1   Thumb Code   456  dsqrt_noumaal.o(x$fpl$dsqrt)
    __aeabi_dsub                             0x08009b8d   Thumb Code     0  daddsub_clz.o(x$fpl$dsub)
    _dsub                                    0x08009b8d   Thumb Code   464  daddsub_clz.o(x$fpl$dsub)
    __aeabi_f2d                              0x08009d61   Thumb Code     0  f2d.o(x$fpl$f2d)
    _f2d                                     0x08009d61   Thumb Code    86  f2d.o(x$fpl$f2d)
    __aeabi_fadd                             0x08009db9   Thumb Code     0  faddsub_clz.o(x$fpl$fadd)
    _fadd                                    0x08009db9   Thumb Code   196  faddsub_clz.o(x$fpl$fadd)
    __fpl_fcmp_Inf                           0x08009e7d   Thumb Code    24  fcmpi.o(x$fpl$fcmpinf)
    __aeabi_fdiv                             0x08009e95   Thumb Code     0  fdiv.o(x$fpl$fdiv)
    _fdiv                                    0x08009e95   Thumb Code   384  fdiv.o(x$fpl$fdiv)
    __aeabi_f2uiz                            0x0800a019   Thumb Code     0  ffixu.o(x$fpl$ffixu)
    _ffixu                                   0x0800a019   Thumb Code    62  ffixu.o(x$fpl$ffixu)
    __aeabi_i2f                              0x0800a059   Thumb Code     0  fflt_clz.o(x$fpl$fflt)
    _fflt                                    0x0800a059   Thumb Code    48  fflt_clz.o(x$fpl$fflt)
    __aeabi_ui2f                             0x0800a089   Thumb Code     0  fflt_clz.o(x$fpl$ffltu)
    _ffltu                                   0x0800a089   Thumb Code    38  fflt_clz.o(x$fpl$ffltu)
    __aeabi_cfcmple                          0x0800a0b1   Thumb Code     0  fleqf.o(x$fpl$fleqf)
    _fcmple                                  0x0800a0b1   Thumb Code   104  fleqf.o(x$fpl$fleqf)
    __fpl_fcmple_InfNaN                      0x0800a103   Thumb Code     0  fleqf.o(x$fpl$fleqf)
    __aeabi_fmul                             0x0800a119   Thumb Code     0  fmul.o(x$fpl$fmul)
    _fmul                                    0x0800a119   Thumb Code   258  fmul.o(x$fpl$fmul)
    __fpl_fnaninf                            0x0800a21b   Thumb Code   140  fnaninf.o(x$fpl$fnaninf)
    _fp_init                                 0x0800a2a7   Thumb Code    14  fpinit.o(x$fpl$fpinit)
    __fplib_config_pureend_doubles           0x0800a2b3   Thumb Code     0  fpinit.o(x$fpl$fpinit)
    __fpl_fretinf                            0x0800a2b5   Thumb Code    10  fretinf.o(x$fpl$fretinf)
    __aeabi_cfrcmple                         0x0800a2bf   Thumb Code     0  frleqf.o(x$fpl$frleqf)
    _frcmple                                 0x0800a2bf   Thumb Code    98  frleqf.o(x$fpl$frleqf)
    __aeabi_frsub                            0x0800a321   Thumb Code     0  faddsub_clz.o(x$fpl$frsb)
    _frsb                                    0x0800a321   Thumb Code    20  faddsub_clz.o(x$fpl$frsb)
    __aeabi_fsub                             0x0800a335   Thumb Code     0  faddsub_clz.o(x$fpl$fsub)
    _fsub                                    0x0800a335   Thumb Code   234  faddsub_clz.o(x$fpl$fsub)
    __fpl_return_NaN                         0x0800a41f   Thumb Code   100  retnan.o(x$fpl$retnan)
    __ARM_scalbn                             0x0800a483   Thumb Code    92  scalbn.o(x$fpl$scalbn)
    __fpl_cmpreturn                          0x0800a4df   Thumb Code    48  trapv.o(x$fpl$trapveneer)
    CRCHi                                    0x0800a50e   Data         256  usart.o(.constdata)
    __I$use$fp                               0x0800a50f   Thumb Code     0  usenofp.o(x$fpl$usenofp)
    CRCLo                                    0x0800a60e   Data         256  usart.o(.constdata)
    asc2_1206                                0x0800a70e   Data        1140  ili93xx.o(.constdata)
    asc2_1608                                0x0800ab82   Data        1520  ili93xx.o(.constdata)
    table_week                               0x0800b172   Data          12  rtc.o(.constdata)
    mon_table                                0x0800b17e   Data          12  rtc.o(.constdata)
    ov7670_init_reg_tbl                      0x0800b18a   Data         230  ov7670.o(.constdata)
    __mathlib_zero                           0x0800b2f8   Data           8  qnan.o(.constdata)
    Region$$Table$$Base                      0x0800b5a8   Number         0  anon$$obj.o(Region$$Table)
    Region$$Table$$Limit                     0x0800b5c8   Number         0  anon$$obj.o(Region$$Table)
    LMODE_TBL                                0x20000000   Data          20  test.o(.data)
    EFFECTS_TBL                              0x20000014   Data          28  test.o(.data)
    lightmode                                0x20000030   Data           1  test.o(.data)
    saturation                               0x20000031   Data           1  test.o(.data)
    brightness                               0x20000032   Data           1  test.o(.data)
    contrast                                 0x20000033   Data           1  test.o(.data)
    effect                                   0x20000034   Data           1  test.o(.data)
    small_leftbound                          0x20000038   Data           4  test.o(.data)
    small_rightbound                         0x2000003c   Data           4  test.o(.data)
    small_topbound                           0x20000040   Data           4  test.o(.data)
    small_downbound                          0x20000044   Data           4  test.o(.data)
    image_data_packet_desc                   0x20000048   Data       48216  test.o(.data)
    configuration0_GAUSSIANSMOOTHING0        0x2000bd69   Data           2  cass_mv_main.o(.data)
    configuration0_OSTUBINARY0               0x2000bd6b   Data           1  cass_mv_main.o(.data)
    configuration0_ANTICOLOR0                0x2000bd6c   Data           1  cass_mv_main.o(.data)
    configuration0_ERODE0                    0x2000bd6d   Data           2  cass_mv_main.o(.data)
    configuration0_HOLLOWED0                 0x2000bd6f   Data           1  cass_mv_main.o(.data)
    cass_mv_boarder_leftbound                0x2000bd70   Data           4  cass_mv_main.o(.data)
    cass_mv_boarder_topbound                 0x2000bd74   Data           4  cass_mv_main.o(.data)
    cass_mv_boarder_width                    0x2000bd78   Data           4  cass_mv_main.o(.data)
    cass_mv_boarder_height                   0x2000bd7c   Data           4  cass_mv_main.o(.data)
    cass_mv_feature_point_number             0x2000bd80   Data           1  cass_mv_main.o(.data)
    cass_mv_match_result                     0x2000bd81   Data           1  cass_mv_main.o(.data)
    cass_mv_binary_threshold                 0x2000bd82   Data           1  cass_mv_main.o(.data)
    cass_mv_gaussian_length                  0x2000bd83   Data           1  cass_mv_main.o(.data)
    cass_mv_laplace_length                   0x2000bd84   Data           1  cass_mv_main.o(.data)
    cass_mv_match_percent                    0x2000bd85   Data           1  cass_mv_main.o(.data)
    cass_mv_erode_strenth                    0x2000bd86   Data           1  cass_mv_main.o(.data)
    ComDelayCount                            0x2000bd8c   Data           1  usart.o(.data)
    pComInBuf                                0x2000bd90   Data           4  usart.o(.data)
    pComOutBuf                               0x2000bd94   Data           4  usart.o(.data)
    ComInDataLen                             0x2000bd98   Data           2  usart.o(.data)
    ComOutDataLen                            0x2000bd9c   Data           4  usart.o(.data)
    ComOutDataPos                            0x2000bda0   Data           4  usart.o(.data)
    ov_sta                                   0x2000bda5   Data           1  exti.o(.data)
    WWDG_CNT                                 0x2000bda6   Data           1  wdg.o(.data)
    ComInDataOk                              0x2000bda8   Data           1  timer.o(.data)
    timer_1ms_flag                           0x2000bda9   Data           1  timer.o(.data)
    timer_10ms_flag                          0x2000bdaa   Data           1  timer.o(.data)
    timer_100ms_flag                         0x2000bdab   Data           1  timer.o(.data)
    TIM5CH1_CAPTURE_STA                      0x2000bdac   Data           1  timer.o(.data)
    TIM5CH1_CAPTURE_VAL                      0x2000bdae   Data           2  timer.o(.data)
    ov_frame                                 0x2000bdb0   Data           1  timer.o(.data)
    POINT_COLOR                              0x2000bdb2   Data           2  ili93xx.o(.data)
    BACK_COLOR                               0x2000bdb4   Data           2  ili93xx.o(.data)
    RS485_RX_CNT                             0x2000bdb8   Data           1  rs485.o(.data)
    RmtSta                                   0x2000bdbc   Data           1  remote.o(.data)
    RmtRec                                   0x2000bdc0   Data           4  remote.o(.data)
    RmtCnt                                   0x2000bdc4   Data           1  remote.o(.data)
    Dval                                     0x2000bdc6   Data           2  remote.o(.data)
    PS2_Status                               0x2000bdc8   Data           1  ps2.o(.data)
    BIT_Count                                0x2000bdc9   Data           1  ps2.o(.data)
    MOUSE_ID                                 0x2000bdcc   Data           1  mouse.o(.data)
    MouseX                                   0x2000bdce   Data           8  mouse.o(.data)
    sys_cmd_tab                              0x2000bdd8   Data          24  usmart.o(.data)
    usmart_nametab                           0x2000bdf0   Data         136  usmart_config.o(.data)
    usmart_dev                               0x2000be78   Data         236  usmart_config.o(.data)
    CassMem                                  0x2000bf64   Data        4096  test.o(.bss)
    ComInBuf                                 0x2000cf64   Data          64  usart.o(.bss)
    lcddev                                   0x2000cfa4   Data          10  ili93xx.o(.bss)
    calendar                                 0x2000cfae   Data          10  rtc.o(.bss)
    RS485_RX_BUF                             0x2000cfb8   Data          64  rs485.o(.bss)
    PS2_DATA_BUF                             0x2000cff8   Data          16  ps2.o(.bss)
    STMFLASH_BUF                             0x2000d008   Data        2048  stmflash.o(.bss)
    __libspace_start                         0x2000d808   Data          96  libspace.o(.bss)
    __temporary_stack_top$libspace           0x2000d868   Data           0  libspace.o(.bss)
    mem2base                                 0x68000000   Data       163840  malloc.o(.ARM.__AT_0x68000000)
    mem2mapbase                              0x68028000   Data       10240  malloc.o(.ARM.__AT_0x68028000)
    raw_data                                 0x68050000   Data       76800  malloc.o(.ARM.__AT_0x68050000)
    out_data                                 0x680a0000   Data       76800  malloc.o(.ARM.__AT_0x680A0000)
    ComOutBuf                                0x680f0000   Data       76806  malloc.o(.ARM.__AT_0x680F0000)
    temp_data                                0x68140000   Data       76800  malloc.o(.ARM.__AT_0x68140000)



==============================================================================

Memory Map of the image

  Image Entry point : 0x08000131

  Load Region LR_IROM1 (Base: 0x08000000, Size: 0x0001752c, Max: 0x00080000, ABSOLUTE, COMPRESSED[0x0000d02c])

    Execution Region ER_IROM1 (Base: 0x08000000, Size: 0x0000b5c8, Max: 0x00080000, ABSOLUTE)

    Base Addr    Size         Type   Attr      Idx    E Section Name        Object

    0x08000000   0x00000130   Data   RO            3    RESET               startup_stm32f10x_hd.o
    0x08000130   0x00000008   Code   RO         1057  * !!!main             c_w.l(__main.o)
    0x08000138   0x00000034   Code   RO         1347    !!!scatter          c_w.l(__scatter.o)
    0x0800016c   0x0000005a   Code   RO         1345    !!dczerorl2         c_w.l(__dczerorl2.o)
    0x080001c6   0x00000002   PAD
    0x080001c8   0x0000001c   Code   RO         1349    !!handler_zi        c_w.l(__scatter_zi.o)
    0x080001e4   0x00000006   Code   RO         1214    .ARM.Collect$$libinit$$00000000  c_w.l(libinit.o)
    0x080001ea   0x00000000   Code   RO         1221    .ARM.Collect$$libinit$$00000006  c_w.l(libinit2.o)
    0x080001ea   0x00000000   Code   RO         1223    .ARM.Collect$$libinit$$00000008  c_w.l(libinit2.o)
    0x080001ea   0x00000000   Code   RO         1225    .ARM.Collect$$libinit$$0000000A  c_w.l(libinit2.o)
    0x080001ea   0x00000000   Code   RO         1228    .ARM.Collect$$libinit$$0000000D  c_w.l(libinit2.o)
    0x080001ea   0x00000000   Code   RO         1230    .ARM.Collect$$libinit$$0000000F  c_w.l(libinit2.o)
    0x080001ea   0x00000000   Code   RO         1232    .ARM.Collect$$libinit$$00000011  c_w.l(libinit2.o)
    0x080001ea   0x00000000   Code   RO         1234    .ARM.Collect$$libinit$$00000013  c_w.l(libinit2.o)
    0x080001ea   0x00000000   Code   RO         1236    .ARM.Collect$$libinit$$00000015  c_w.l(libinit2.o)
    0x080001ea   0x00000000   Code   RO         1238    .ARM.Collect$$libinit$$00000017  c_w.l(libinit2.o)
    0x080001ea   0x00000000   Code   RO         1240    .ARM.Collect$$libinit$$00000019  c_w.l(libinit2.o)
    0x080001ea   0x00000000   Code   RO         1242    .ARM.Collect$$libinit$$0000001B  c_w.l(libinit2.o)
    0x080001ea   0x00000000   Code   RO         1244    .ARM.Collect$$libinit$$0000001D  c_w.l(libinit2.o)
    0x080001ea   0x00000000   Code   RO         1246    .ARM.Collect$$libinit$$0000001F  c_w.l(libinit2.o)
    0x080001ea   0x00000000   Code   RO         1248    .ARM.Collect$$libinit$$00000021  c_w.l(libinit2.o)
    0x080001ea   0x00000000   Code   RO         1252    .ARM.Collect$$libinit$$00000028  c_w.l(libinit2.o)
    0x080001ea   0x00000000   Code   RO         1254    .ARM.Collect$$libinit$$0000002A  c_w.l(libinit2.o)
    0x080001ea   0x00000000   Code   RO         1256    .ARM.Collect$$libinit$$0000002C  c_w.l(libinit2.o)
    0x080001ea   0x00000000   Code   RO         1258    .ARM.Collect$$libinit$$0000002E  c_w.l(libinit2.o)
    0x080001ea   0x00000002   Code   RO         1259    .ARM.Collect$$libinit$$0000002F  c_w.l(libinit2.o)
    0x080001ec   0x00000002   Code   RO         1286    .ARM.Collect$$libshutdown$$00000000  c_w.l(libshutdown.o)
    0x080001ee   0x00000000   Code   RO         1300    .ARM.Collect$$libshutdown$$00000003  c_w.l(libshutdown2.o)
    0x080001ee   0x00000000   Code   RO         1303    .ARM.Collect$$libshutdown$$00000006  c_w.l(libshutdown2.o)
    0x080001ee   0x00000000   Code   RO         1306    .ARM.Collect$$libshutdown$$00000009  c_w.l(libshutdown2.o)
    0x080001ee   0x00000000   Code   RO         1308    .ARM.Collect$$libshutdown$$0000000B  c_w.l(libshutdown2.o)
    0x080001ee   0x00000000   Code   RO         1311    .ARM.Collect$$libshutdown$$0000000E  c_w.l(libshutdown2.o)
    0x080001ee   0x00000002   Code   RO         1312    .ARM.Collect$$libshutdown$$0000000F  c_w.l(libshutdown2.o)
    0x080001f0   0x00000000   Code   RO         1151    .ARM.Collect$$rtentry$$00000000  c_w.l(rtentry.o)
    0x080001f0   0x00000000   Code   RO         1181    .ARM.Collect$$rtentry$$00000002  c_w.l(rtentry2.o)
    0x080001f0   0x00000006   Code   RO         1193    .ARM.Collect$$rtentry$$00000004  c_w.l(rtentry4.o)
    0x080001f6   0x00000000   Code   RO         1183    .ARM.Collect$$rtentry$$00000009  c_w.l(rtentry2.o)
    0x080001f6   0x00000004   Code   RO         1184    .ARM.Collect$$rtentry$$0000000A  c_w.l(rtentry2.o)
    0x080001fa   0x00000000   Code   RO         1186    .ARM.Collect$$rtentry$$0000000C  c_w.l(rtentry2.o)
    0x080001fa   0x00000008   Code   RO         1187    .ARM.Collect$$rtentry$$0000000D  c_w.l(rtentry2.o)
    0x08000202   0x00000002   Code   RO         1217    .ARM.Collect$$rtexit$$00000000  c_w.l(rtexit.o)
    0x08000204   0x00000000   Code   RO         1265    .ARM.Collect$$rtexit$$00000002  c_w.l(rtexit2.o)
    0x08000204   0x00000004   Code   RO         1266    .ARM.Collect$$rtexit$$00000003  c_w.l(rtexit2.o)
    0x08000208   0x00000006   Code   RO         1267    .ARM.Collect$$rtexit$$00000004  c_w.l(rtexit2.o)
    0x0800020e   0x00000002   PAD
    0x08000210   0x0000000c   Code   RO          311    .emb_text           sys.o
    0x0800021c   0x00000038   Code   RO            4    .text               startup_stm32f10x_hd.o
    0x08000254   0x000025c8   Code   RO           10    .text               test.o
    0x0800281c   0x000000a0   Code   RO          276    .text               delay.o
    0x080028bc   0x000002e8   Code   RO          312    .text               sys.o
    0x08002ba4   0x00000374   Code   RO          327    .text               usart.o
    0x08002f18   0x00000108   Code   RO          379    .text               key.o
    0x08003020   0x0000017c   Code   RO          395    .text               exti.o
    0x0800319c   0x000000e8   Code   RO          419    .text               wdg.o
    0x08003284   0x000003cc   Code   RO          437    .text               timer.o
    0x08003650   0x00002526   Code   RO          496    .text               ili93xx.o
    0x08005b76   0x00000002   PAD
    0x08005b78   0x000000d4   Code   RO          519    .text               wkup.o
    0x08005c4c   0x000000c8   Code   RO          549    .text               dac.o
    0x08005d14   0x00000278   Code   RO          582    .text               myiic.o
    0x08005f8c   0x0000017a   Code   RO          597    .text               24cxx.o
    0x08006106   0x00000002   PAD
    0x08006108   0x00000480   Code   RO          612    .text               rtc.o
    0x08006588   0x000001d0   Code   RO          666    .text               rs485.o
    0x08006758   0x000002b8   Code   RO          723    .text               remote.o
    0x08006a10   0x00000456   Code   RO          819    .text               ps2.o
    0x08006e66   0x00000002   PAD
    0x08006e68   0x0000023c   Code   RO          861    .text               stmflash.o
    0x080070a4   0x00000328   Code   RO          879    .text               rda5820.o
    0x080073cc   0x00000388   Code   RO          909    .text               ov7670.o
    0x08007754   0x000002c4   Code   RO          927    .text               sccb.o
    0x08007a18   0x000001b8   Code   RO          939    .text               sram.o
    0x08007bd0   0x00000350   Code   RO          954    .text               usmart.o
    0x08007f20   0x0000051c   Code   RO         1011    .text               usmart_str.o
    0x0800843c   0x0000008a   Code   RO         1051    .text               c_w.l(rt_memcpy_v6.o)
    0x080084c6   0x0000004e   Code   RO         1053    .text               c_w.l(rt_memclr_w.o)
    0x08008514   0x00000006   Code   RO         1055    .text               c_w.l(heapauxi.o)
    0x0800851a   0x00000016   Code   RO         1152    .text               c_w.l(_rserrno.o)
    0x08008530   0x00000064   Code   RO         1154    .text               c_w.l(rt_memcpy_w.o)
    0x08008594   0x00000008   Code   RO         1198    .text               c_w.l(rt_errno_addr_intlibspace.o)
    0x0800859c   0x00000008   Code   RO         1202    .text               c_w.l(libspace.o)
    0x080085a4   0x0000004a   Code   RO         1205    .text               c_w.l(sys_stackheap_outer.o)
    0x080085ee   0x0000000c   Code   RO         1207    .text               c_w.l(exit.o)
    0x080085fa   0x00000002   PAD
    0x080085fc   0x00000008   Code   RO         1274    .text               c_w.l(rt_fp_status_addr_intlibspace.o)
    0x08008604   0x0000000c   Code   RO         1278    .text               c_w.l(sys_exit.o)
    0x08008610   0x00000002   Code   RO         1289    .text               c_w.l(use_no_semi.o)
    0x08008612   0x00000000   Code   RO         1291    .text               c_w.l(indicate_semi.o)
    0x08008612   0x00000028   Code   RO         1175    i.__ARM_fpclassify  m_ws.l(fpclassify.o)
    0x0800863a   0x000000aa   Code   RO         1177    i.__kernel_poly     m_ws.l(poly.o)
    0x080086e4   0x00000010   Code   RO         1173    i.__mathlib_dbl_underflow  m_ws.l(dunder.o)
    0x080086f4   0x000009ec   Code   RO         1134    i.pow               m_ws.l(pow.o)
    0x080090e0   0x0000004c   Code   RO         1144    i.sqrt              m_ws.l(sqrt.o)
    0x0800912c   0x00000062   Code   RO         1059    x$fpl$d2f           fz_ws.l(d2f.o)
    0x0800918e   0x00000002   PAD
    0x08009190   0x00000150   Code   RO         1061    x$fpl$dadd          fz_ws.l(daddsub_clz.o)
    0x080092e0   0x00000010   Code   RO         1200    x$fpl$dcheck1       fz_ws.l(dcheck1.o)
    0x080092f0   0x00000018   Code   RO         1156    x$fpl$dcmpinf       fz_ws.l(dcmpi.o)
    0x08009308   0x000002b0   Code   RO         1068    x$fpl$ddiv          fz_ws.l(ddiv.o)
    0x080095b8   0x0000005e   Code   RO         1071    x$fpl$dfix          fz_ws.l(dfix.o)
    0x08009616   0x00000002   PAD
    0x08009618   0x0000005a   Code   RO         1075    x$fpl$dfixu         fz_ws.l(dfixu.o)
    0x08009672   0x0000002e   Code   RO         1080    x$fpl$dflt          fz_ws.l(dflt_clz.o)
    0x080096a0   0x00000026   Code   RO         1079    x$fpl$dfltu         fz_ws.l(dflt_clz.o)
    0x080096c6   0x00000002   PAD
    0x080096c8   0x00000078   Code   RO         1085    x$fpl$dleqf         fz_ws.l(dleqf.o)
    0x08009740   0x00000154   Code   RO         1087    x$fpl$dmul          fz_ws.l(dmul.o)
    0x08009894   0x0000009c   Code   RO         1158    x$fpl$dnaninf       fz_ws.l(dnaninf.o)
    0x08009930   0x0000000c   Code   RO         1160    x$fpl$dretinf       fz_ws.l(dretinf.o)
    0x0800993c   0x0000006c   Code   RO         1089    x$fpl$drleqf        fz_ws.l(drleqf.o)
    0x080099a8   0x00000016   Code   RO         1062    x$fpl$drsb          fz_ws.l(daddsub_clz.o)
    0x080099be   0x00000002   PAD
    0x080099c0   0x000001cc   Code   RO         1162    x$fpl$dsqrt         fz_ws.l(dsqrt_noumaal.o)
    0x08009b8c   0x000001d4   Code   RO         1063    x$fpl$dsub          fz_ws.l(daddsub_clz.o)
    0x08009d60   0x00000056   Code   RO         1091    x$fpl$f2d           fz_ws.l(f2d.o)
    0x08009db6   0x00000002   PAD
    0x08009db8   0x000000c4   Code   RO         1093    x$fpl$fadd          fz_ws.l(faddsub_clz.o)
    0x08009e7c   0x00000018   Code   RO         1164    x$fpl$fcmpinf       fz_ws.l(fcmpi.o)
    0x08009e94   0x00000184   Code   RO         1100    x$fpl$fdiv          fz_ws.l(fdiv.o)
    0x0800a018   0x0000003e   Code   RO         1107    x$fpl$ffixu         fz_ws.l(ffixu.o)
    0x0800a056   0x00000002   PAD
    0x0800a058   0x00000030   Code   RO         1112    x$fpl$fflt          fz_ws.l(fflt_clz.o)
    0x0800a088   0x00000026   Code   RO         1111    x$fpl$ffltu         fz_ws.l(fflt_clz.o)
    0x0800a0ae   0x00000002   PAD
    0x0800a0b0   0x00000068   Code   RO         1117    x$fpl$fleqf         fz_ws.l(fleqf.o)
    0x0800a118   0x00000102   Code   RO         1119    x$fpl$fmul          fz_ws.l(fmul.o)
    0x0800a21a   0x0000008c   Code   RO         1166    x$fpl$fnaninf       fz_ws.l(fnaninf.o)
    0x0800a2a6   0x0000000e   Code   RO         1260    x$fpl$fpinit        fz_ws.l(fpinit.o)
    0x0800a2b4   0x0000000a   Code   RO         1168    x$fpl$fretinf       fz_ws.l(fretinf.o)
    0x0800a2be   0x00000062   Code   RO         1121    x$fpl$frleqf        fz_ws.l(frleqf.o)
    0x0800a320   0x00000014   Code   RO         1094    x$fpl$frsb          fz_ws.l(faddsub_clz.o)
    0x0800a334   0x000000ea   Code   RO         1095    x$fpl$fsub          fz_ws.l(faddsub_clz.o)
    0x0800a41e   0x00000064   Code   RO         1215    x$fpl$retnan        fz_ws.l(retnan.o)
    0x0800a482   0x0000005c   Code   RO         1170    x$fpl$scalbn        fz_ws.l(scalbn.o)
    0x0800a4de   0x00000030   Code   RO         1262    x$fpl$trapveneer    fz_ws.l(trapv.o)
    0x0800a50e   0x00000000   Code   RO         1172    x$fpl$usenofp       fz_ws.l(usenofp.o)
    0x0800a50e   0x00000200   Data   RO          329    .constdata          usart.o
    0x0800a70e   0x00000a64   Data   RO          498    .constdata          ili93xx.o
    0x0800b172   0x00000018   Data   RO          614    .constdata          rtc.o
    0x0800b18a   0x000000e6   Data   RO          910    .constdata          ov7670.o
    0x0800b270   0x00000088   Data   RO         1135    .constdata          m_ws.l(pow.o)
    0x0800b2f8   0x00000008   Data   RO         1179    .constdata          m_ws.l(qnan.o)
    0x0800b300   0x00000051   Data   RO           12    .conststring        test.o
    0x0800b351   0x00000017   Data   RO          955    .conststring        usmart.o
    0x0800b368   0x0000023f   Data   RO          990    .conststring        usmart_config.o
    0x0800b5a7   0x00000001   PAD
    0x0800b5a8   0x00000020   Data   RO         1343    Region$$Table       anon$$obj.o


    Execution Region RW_IRAM1 (Base: 0x20000000, Size: 0x0000de68, Max: 0x00010000, ABSOLUTE, COMPRESSED[0x00001a64])

    Base Addr    Size         Type   Attr      Idx    E Section Name        Object

    0x20000000   0x0000bd60   Data   RW           13    .data               test.o
    0x2000bd60   0x00000027   Data   RW          221    .data               cass_mv_main.o
    0x2000bd87   0x00000001   PAD
    0x2000bd88   0x00000004   Data   RW          277    .data               delay.o
    0x2000bd8c   0x00000018   Data   RW          330    .data               usart.o
    0x2000bda4   0x00000001   Data   RW          380    .data               key.o
    0x2000bda5   0x00000001   Data   RW          396    .data               exti.o
    0x2000bda6   0x00000001   Data   RW          420    .data               wdg.o
    0x2000bda7   0x00000001   PAD
    0x2000bda8   0x00000009   Data   RW          438    .data               timer.o
    0x2000bdb1   0x00000001   PAD
    0x2000bdb2   0x00000004   Data   RW          499    .data               ili93xx.o
    0x2000bdb6   0x00000002   Data   RW          615    .data               rtc.o
    0x2000bdb8   0x00000001   Data   RW          668    .data               rs485.o
    0x2000bdb9   0x00000003   PAD
    0x2000bdbc   0x0000000c   Data   RW          724    .data               remote.o
    0x2000bdc8   0x00000004   Data   RW          821    .data               ps2.o
    0x2000bdcc   0x0000000a   Data   RW          840    .data               mouse.o
    0x2000bdd6   0x00000002   PAD
    0x2000bdd8   0x00000018   Data   RW          956    .data               usmart.o
    0x2000bdf0   0x00000174   Data   RW          991    .data               usmart_config.o
    0x2000bf64   0x00001000   Zero   RW           11    .bss                test.o
    0x2000cf64   0x00000040   Zero   RW          328    .bss                usart.o
    0x2000cfa4   0x0000000a   Zero   RW          497    .bss                ili93xx.o
    0x2000cfae   0x0000000a   Zero   RW          613    .bss                rtc.o
    0x2000cfb8   0x00000040   Zero   RW          667    .bss                rs485.o
    0x2000cff8   0x00000010   Zero   RW          820    .bss                ps2.o
    0x2000d008   0x00000800   Zero   RW          862    .bss                stmflash.o
    0x2000d808   0x00000060   Zero   RW         1203    .bss                c_w.l(libspace.o)
    0x2000d868   0x00000200   Zero   RW            2    HEAP                startup_stm32f10x_hd.o
    0x2000da68   0x00000400   Zero   RW            1    STACK               startup_stm32f10x_hd.o



  Load Region LR$$.ARM.__AT_0x68000000 (Base: 0x68000000, Size: 0x00000000, Max: 0x00028000, ABSOLUTE)

    Execution Region ER$$.ARM.__AT_0x68000000 (Base: 0x68000000, Size: 0x00028000, Max: 0x00028000, ABSOLUTE, UNINIT)

    Base Addr    Size         Type   Attr      Idx    E Section Name        Object

    0x68000000   0x00028000   Zero   RW         1024    .ARM.__AT_0x68000000  malloc.o



  Load Region LR$$.ARM.__AT_0x68028000 (Base: 0x68028000, Size: 0x00000000, Max: 0x00002800, ABSOLUTE)

    Execution Region ER$$.ARM.__AT_0x68028000 (Base: 0x68028000, Size: 0x00002800, Max: 0x00002800, ABSOLUTE, UNINIT)

    Base Addr    Size         Type   Attr      Idx    E Section Name        Object

    0x68028000   0x00002800   Zero   RW         1025    .ARM.__AT_0x68028000  malloc.o



  Load Region LR$$.ARM.__AT_0x68050000 (Base: 0x68050000, Size: 0x00000000, Max: 0x00012c00, ABSOLUTE)

    Execution Region ER$$.ARM.__AT_0x68050000 (Base: 0x68050000, Size: 0x00012c00, Max: 0x00012c00, ABSOLUTE, UNINIT)

    Base Addr    Size         Type   Attr      Idx    E Section Name        Object

    0x68050000   0x00012c00   Zero   RW         1026    .ARM.__AT_0x68050000  malloc.o



  Load Region LR$$.ARM.__AT_0x680A0000 (Base: 0x680a0000, Size: 0x00000000, Max: 0x00012c00, ABSOLUTE)

    Execution Region ER$$.ARM.__AT_0x680A0000 (Base: 0x680a0000, Size: 0x00012c00, Max: 0x00012c00, ABSOLUTE, UNINIT)

    Base Addr    Size         Type   Attr      Idx    E Section Name        Object

    0x680a0000   0x00012c00   Zero   RW         1027    .ARM.__AT_0x680A0000  malloc.o



  Load Region LR$$.ARM.__AT_0x680F0000 (Base: 0x680f0000, Size: 0x00000000, Max: 0x00012c08, ABSOLUTE)

    Execution Region ER$$.ARM.__AT_0x680F0000 (Base: 0x680f0000, Size: 0x00012c08, Max: 0x00012c08, ABSOLUTE, UNINIT)

    Base Addr    Size         Type   Attr      Idx    E Section Name        Object

    0x680f0000   0x00012c06   Zero   RW         1028    .ARM.__AT_0x680F0000  malloc.o



  Load Region LR$$.ARM.__AT_0x68140000 (Base: 0x68140000, Size: 0x00000000, Max: 0x00012c00, ABSOLUTE)

    Execution Region ER$$.ARM.__AT_0x68140000 (Base: 0x68140000, Size: 0x00012c00, Max: 0x00012c00, ABSOLUTE, UNINIT)

    Base Addr    Size         Type   Attr      Idx    E Section Name        Object

    0x68140000   0x00012c00   Zero   RW         1029    .ARM.__AT_0x68140000  malloc.o


==============================================================================

Image component sizes


      Code (inc. data)   RO Data    RW Data    ZI Data      Debug   Object Name

       378          0          0          0          0       2758   24cxx.o
         0          0          0         39          0      17684   cass_mv_main.o
       200         22          0          0          0        701   dac.o
       160          8          0          4          0       2175   delay.o
       380         46          0          1          0       1403   exti.o
      9510        124       2660          4         10      16552   ili93xx.o
       264         40          0          1          0        816   key.o
         0          0          0          0     481286       1755   malloc.o
         0          0          0         10          0        970   mouse.o
       632         26          0          0          0       1852   myiic.o
       904         36        230          0          0       3049   ov7670.o
      1110         58          0          4         16       2938   ps2.o
       808          0          0          0          0       3805   rda5820.o
       696         34          0         12          0       1394   remote.o
       464         34          0          1         64       2118   rs485.o
      1152         44         24          2         10       3564   rtc.o
       708         30          0          0          0       2019   sccb.o
       440         42          0          0          0       1829   sram.o
        56         22        304          0       1536        784   startup_stm32f10x_hd.o
       572         20          0          0       2048       3891   stmflash.o
       756         54          0          0          0       2847   sys.o
      9672        244         81      48480       4096      37145   test.o
       972         66          0          9          0       2611   timer.o
       884         60        512         24         64       3709   usart.o
       848         32         23         24          0       3638   usmart.o
         0          0        575        372          0       1696   usmart_config.o
      1308         12          0          0          0       5169   usmart_str.o
       232         22          0          1          0       1428   wdg.o
       212         20          0          0          0        978   wkup.o

    ----------------------------------------------------------------------
     33324       1096       4442      48996     489132     131278   Object Totals
         0          0         32          0          0          0   (incl. Generated)
         6          0          1          8          2          0   (incl. Padding)

    ----------------------------------------------------------------------

      Code (inc. data)   RO Data    RW Data    ZI Data      Debug   Library Member Name

        90          0          0          0          0          0   __dczerorl2.o
         8          0          0          0          0         68   __main.o
        52          8          0          0          0          0   __scatter.o
        28          0          0          0          0          0   __scatter_zi.o
        22          0          0          0          0        100   _rserrno.o
        12          0          0          0          0         72   exit.o
         6          0          0          0          0        152   heapauxi.o
         0          0          0          0          0          0   indicate_semi.o
         6          0          0          0          0          0   libinit.o
         2          0          0          0          0          0   libinit2.o
         2          0          0          0          0          0   libshutdown.o
         2          0          0          0          0          0   libshutdown2.o
         8          4          0          0         96         68   libspace.o
         8          4          0          0          0         68   rt_errno_addr_intlibspace.o
         8          4          0          0          0         68   rt_fp_status_addr_intlibspace.o
        78          0          0          0          0         80   rt_memclr_w.o
       138          0          0          0          0         68   rt_memcpy_v6.o
       100          0          0          0          0         80   rt_memcpy_w.o
         0          0          0          0          0          0   rtentry.o
        12          0          0          0          0          0   rtentry2.o
         6          0          0          0          0          0   rtentry4.o
         2          0          0          0          0          0   rtexit.o
        10          0          0          0          0          0   rtexit2.o
        12          4          0          0          0         68   sys_exit.o
        74          0          0          0          0         80   sys_stackheap_outer.o
         2          0          0          0          0         68   use_no_semi.o
        98          4          0          0          0         92   d2f.o
       826         16          0          0          0        356   daddsub_clz.o
        16          4          0          0          0         68   dcheck1.o
        24          0          0          0          0         68   dcmpi.o
       688        140          0          0          0        212   ddiv.o
        94          4          0          0          0         92   dfix.o
        90          4          0          0          0         92   dfixu.o
        84          0          0          0          0        136   dflt_clz.o
       120          4          0          0          0         92   dleqf.o
       340         12          0          0          0        104   dmul.o
       156          4          0          0          0         92   dnaninf.o
        12          0          0          0          0         68   dretinf.o
       108          0          0          0          0         80   drleqf.o
       460         56          0          0          0        120   dsqrt_noumaal.o
        86          4          0          0          0         84   f2d.o
       450          8          0          0          0        236   faddsub_clz.o
        24          0          0          0          0         68   fcmpi.o
       388         76          0          0          0         96   fdiv.o
        62          4          0          0          0         84   ffixu.o
        86          0          0          0          0        136   fflt_clz.o
       104          4          0          0          0         84   fleqf.o
       258          4          0          0          0         84   fmul.o
       140          4          0          0          0         84   fnaninf.o
        14          0          0          0          0         76   fpinit.o
        10          0          0          0          0         68   fretinf.o
        98          0          0          0          0         68   frleqf.o
       100          0          0          0          0         68   retnan.o
        92          0          0          0          0         68   scalbn.o
        48          0          0          0          0         68   trapv.o
         0          0          0          0          0          0   usenofp.o
        16          6          0          0          0         68   dunder.o
        40          0          0          0          0         68   fpclassify.o
       170          0          0          0          0         96   poly.o
      2540        192        136          0          0        340   pow.o
         0          0          8          0          0          0   qnan.o
        76          0          0          0          0         84   sqrt.o

    ----------------------------------------------------------------------
      8626        574        144          0         96       4740   Library Totals
        20          0          0          0          0          0   (incl. Padding)

    ----------------------------------------------------------------------

      Code (inc. data)   RO Data    RW Data    ZI Data      Debug   Library Name

       688         24          0          0         96       1040   c_w.l
      5076        352          0          0          0       3044   fz_ws.l
      2842        198        144          0          0        656   m_ws.l

    ----------------------------------------------------------------------
      8626        574        144          0         96       4740   Library Totals

    ----------------------------------------------------------------------

==============================================================================


      Code (inc. data)   RO Data    RW Data    ZI Data      Debug   

     41950       1670       4586      48996     489228     130922   Grand Totals
     41950       1670       4586       6756     489228     130922   ELF Image Totals (compressed)
     41950       1670       4586       6756          0          0   ROM Totals

==============================================================================

    Total RO  Size (Code + RO Data)                46536 (  45.45kB)
    Total RW  Size (RW Data + ZI Data)            538224 ( 525.61kB)
    Total ROM Size (Code + RO Data + RW Data)      53292 (  52.04kB)

==============================================================================

